09-23 01:55:46.419   516   516 D ApplicationLoaders: ignored Vulkan layer search path /system/priv-app/SettingsGoogle/lib/arm64:/system/priv-app/SettingsGoogle/SettingsGoogle.apk!/lib/arm64-v8a:/system/lib64:/vendor/lib64 for namespace 0x76afaa6160
09-23 01:55:46.424   611   611 I bt_btif : get_profile_interface sdp
09-23 01:55:46.426   516   516 I ActivityManager: Loaded persisted task ids for user 0
09-23 01:55:46.429   726   726 D zz      : App.onCreate()
09-23 01:55:46.429   726   726 D zz      : ----------------------------------------------------------------------------------
09-23 01:55:46.433   726   726 D zz      : FlavorTypeOverride.afterCreate() flavor: typeall
09-23 01:55:46.441   516   516 I ActivityManager: Start proc 771:com.android.settings/1000 for activity com.android.settings/.FallbackHome
09-23 01:55:46.443   516   516 I SystemServer: Enabled StrictMode for system server main thread.
09-23 01:55:46.445   516   516 D ConditionProviders.SCP: onConnected
09-23 01:55:46.445   516   516 D ZenLog  : set_zen_mode: off,readXml
09-23 01:55:46.447   611   751 D BluetoothAdapterProperties: Name is: Pixel C
09-23 01:55:46.449   516   516 D ConditionProviders: Subscribing to condition://android/schedule?days=6.7&start=23.30&end=10.0&exitAtAlarm=false with ComponentInfo{android/com.android.server.notification.ScheduleConditionProvider}
09-23 01:55:46.449   516   516 D ZenLog  : subscribe: condition://android/schedule?days=6.7&start=23.30&end=10.0&exitAtAlarm=false,ok
09-23 01:55:46.450   516   516 D ConditionProviders: Subscribing to condition://android/event?userId=-10000&calendar=&reply=1 with ComponentInfo{android/com.android.server.notification.EventConditionProvider}
09-23 01:55:46.450   516   516 D ZenLog  : subscribe: condition://android/event?userId=-10000&calendar=&reply=1,ok
09-23 01:55:46.450   516   516 D ConditionProviders: Subscribing to condition://android/schedule?days=1.2.3.4.5&start=22.0&end=7.0&exitAtAlarm=false with ComponentInfo{android/com.android.server.notification.ScheduleConditionProvider}
09-23 01:55:46.450   516   516 D ZenLog  : subscribe: condition://android/schedule?days=1.2.3.4.5&start=22.0&end=7.0&exitAtAlarm=false,ok
09-23 01:55:46.451   611   611 D BluetoothAdapterService: setAdapterService() - set to: null
09-23 01:55:46.451   611   611 D BluetoothAdapterService: onBind()
09-23 01:55:46.451   726   726 D zz      : TimelapseWallpaperService.onCreate()
09-23 01:55:46.467   516   529 W LocationProviderProxy-network: Odd, no component found for service com.android.location.service.v3.NetworkLocationProvider
09-23 01:55:46.467   516   529 W GeocoderProxy: Odd, no component found for service com.android.location.service.GeocodeProvider
09-23 01:55:46.467   516   529 W GeofenceProxy: Odd, no component found for service com.android.location.service.GeofenceProvider
09-23 01:55:46.467   516   529 W ActivityRecognitionProxy: Odd, no component found for service com.android.location.service.ActivityRecognitionProvider
09-23 01:55:46.476   516   516 D RttService: SCAN_AVAILABLE : 1
09-23 01:55:46.477   516   583 I WifiScanningService: wifi driver unloaded
09-23 01:55:46.477   516   516 D ZenLog  : set_zen_mode: off,cleanUpZenRules
09-23 01:55:46.480   516   584 D RttService: DefaultState got{ when=-3ms what=160513 target=com.android.internal.util.StateMachine$SmHandler }
09-23 01:55:46.481   754   754 W System  : ClassLoader referenced unknown path: /system/priv-app/TeleService/lib/arm64
09-23 01:55:46.485   516   516 W System  : ClassLoader referenced unknown path: /system/priv-app/Telecom/lib/arm64
09-23 01:55:46.487   516   516 D ApplicationLoaders: ignored Vulkan layer search path /system/priv-app/Telecom/lib/arm64:/system/priv-app/Telecom/Telecom.apk!/lib/arm64-v8a:/system/lib64:/vendor/lib64 for namespace 0x76afaa61d0
09-23 01:55:46.520   771   771 W System  : ClassLoader referenced unknown path: /system/priv-app/SettingsGoogle/lib/arm64
09-23 01:55:46.549   250   250 D NvOsDebugPrintf: Inside NvxLiteH264DecoderLowLatencyInit
09-23 01:55:46.549   250   250 D NvOsDebugPrintf: NvxLiteH264DecoderLowLatencyInit set DPB and Mjstreaming
09-23 01:55:46.561   754   754 W System  : ClassLoader referenced unknown path: /system/priv-app/TelephonyProvider/lib/arm64
09-23 01:55:46.561   754   754 D ApplicationLoaders: ignored Vulkan layer search path /system/priv-app/TelephonyProvider/lib/arm64:/system/lib64:/vendor/lib64 for namespace 0x76afb680f0
09-23 01:55:46.575   516   516 D BluetoothManagerService: Creating new ProfileServiceConnections object for profile: 1
09-23 01:55:46.575   516   516 E BluetoothManagerService: Fail to bind to: Intent { act=android.bluetooth.IBluetoothHeadset }
09-23 01:55:46.575   516   516 W BluetoothManagerService: Unable to bind with intent: Intent { act=android.bluetooth.IBluetoothHeadset }
09-23 01:55:46.589   516   516 I Telecom : SystemStateProvider: Registering car mode receiver: android.content.IntentFilter@424bc0f: TS.init@AAA
09-23 01:55:46.602   516   797 I Telecom : Telecom: Non-call EVENT: AUDIO_ROUTE, Entering state QuiescentEarpieceRoute
09-23 01:55:46.610   754   754 D TelephonyProvider: dbh.onOpen: ok, queried table=siminfo
09-23 01:55:46.611   754   754 D TelephonyProvider: dbh.onOpen: ok, queried table=carriers
09-23 01:55:46.612   516   798 I Telecom : CallAudioModeStateMachine: Message received: null.: TS.init->CAMSM.pM_1@AAA_0
09-23 01:55:46.616   516   799 E ActivityThread: Failed to find provider info for call_log
09-23 01:55:46.617   516   516 D BluetoothManagerService: Creating new ProfileServiceConnections object for profile: 1
09-23 01:55:46.617   516   516 E BluetoothManagerService: Fail to bind to: Intent { act=android.bluetooth.IBluetoothHeadset }
09-23 01:55:46.617   516   516 W BluetoothManagerService: Unable to bind with intent: Intent { act=android.bluetooth.IBluetoothHeadset }
09-23 01:55:46.620   671   671 I vol.Events: writeEvent collection_started
09-23 01:55:46.627   671   802 I vol.Events: writeEvent external_ringer_mode_changed normal
09-23 01:55:46.627   671   802 I vol.Events: writeEvent internal_ringer_mode_changed normal
09-23 01:55:46.627   516   516 I Telecom : Class: TelecomSystem.INSTANCE being set
09-23 01:55:46.628   516   516 W ContextImpl: Calling a method in the system process without a qualified user: android.app.ContextImpl.startService:1357 android.content.ContextWrapper.startService:613 com.android.server.telecom.components.TelecomService.initializeTelecomSystem:186 com.android.server.telecom.components.TelecomService.onBind:62 android.app.ActivityThread.handleBindService:3219
09-23 01:55:46.630   516   516 W ContextImpl: Calling a method in the system process without a qualified user: android.app.ContextImpl.startService:1357 com.android.server.content.SyncManager$13.run:658 android.os.Handler.handleCallback:751 android.os.Handler.dispatchMessage:95 android.os.Looper.loop:154
09-23 01:55:46.653   516   516 W System  : ClassLoader referenced unknown path: /system/priv-app/FusedLocation/lib/arm64
09-23 01:55:46.654   516   516 D ApplicationLoaders: ignored Vulkan layer search path /system/priv-app/FusedLocation/lib/arm64:/system/priv-app/FusedLocation/FusedLocation.apk!/lib/arm64-v8a:/system/lib64:/vendor/lib64 for namespace 0x76afaa6240
09-23 01:55:46.662   516   516 V WiredAccessoryManager: notifyWiredAccessoryChanged: when=0 bits= mask=54
09-23 01:55:46.662   516   516 V WiredAccessoryManager: newName=h2w newState=0 headsetState=0 prev headsetState=0
09-23 01:55:46.662   516   516 E WiredAccessoryManager: No state change.
09-23 01:55:46.662   516   516 V WiredAccessoryManager: init()
09-23 01:55:46.671   771   807 D NvOsDebugPrintf: NvRmPrivGetChipPlatform: Could not read platform information
09-23 01:55:46.671   771   807 D NvOsDebugPrintf: Expected on kernels without fuse support, using silicon
09-23 01:55:46.688   771   807 I OpenGLRenderer: Initialized EGL, version 1.4
09-23 01:55:46.688   771   807 D OpenGLRenderer: Swap behavior 2
09-23 01:55:46.718   516   516 W VibratorService: Tried to stop vibrating but there is no vibrator device.
09-23 01:55:46.721   516   516 D BluetoothManagerService: Bluetooth Adapter name changed to Pixel C
09-23 01:55:46.721   516   516 D BluetoothManagerService: Stored Bluetooth name: Pixel C
09-23 01:55:46.721   516   516 D ConditionProviders.SCP: onSubscribe condition://android/schedule?days=6.7&start=23.30&end=10.0&exitAtAlarm=false
09-23 01:55:46.722   516   516 D ConditionProviders.SCP: setRegistered true
09-23 01:55:46.722   516   516 D ConditionProviders.SCP: notifyCondition condition://android/schedule?days=6.7&start=23.30&end=10.0&exitAtAlarm=false STATE_TRUE reason=meetsSchedule
09-23 01:55:46.728   516   516 D ConditionProviders.SCP: Scheduling evaluate for Sat Sep 23 10:00:00 GMT+00:00 2017 (1506160800000), in +8h4m13s278ms, now=Sat Sep 23 01:55:46 GMT+00:00 2017 (1506131746722)
09-23 01:55:46.728   516   516 D ConditionProviders.SCP: onSubscribe condition://android/schedule?days=1.2.3.4.5&start=22.0&end=7.0&exitAtAlarm=false
09-23 01:55:46.728   516   516 D ConditionProviders.SCP: notifyCondition condition://android/schedule?days=6.7&start=23.30&end=10.0&exitAtAlarm=false STATE_TRUE reason=meetsSchedule
09-23 01:55:46.728   516   516 D ConditionProviders.SCP: notifyCondition condition://android/schedule?days=1.2.3.4.5&start=22.0&end=7.0&exitAtAlarm=false STATE_FALSE reason=!meetsSchedule
09-23 01:55:46.730   516   516 D ConditionProviders.SCP: Scheduling evaluate for Sat Sep 23 07:00:00 GMT+00:00 2017 (1506150000000), in +5h4m13s272ms, now=Sat Sep 23 01:55:46 GMT+00:00 2017 (1506131746728)
09-23 01:55:46.731   516   516 D BluetoothManagerService: BluetoothServiceConnection: com.android.bluetooth.btservice.AdapterService
09-23 01:55:46.731   516   536 D BluetoothManagerService: MESSAGE_BLUETOOTH_SERVICE_CONNECTED: 1
09-23 01:55:46.732   611   649 I bt_btif : config_hci_snoop_log
09-23 01:55:46.737   516   536 D BluetoothManagerService: Broadcasting onBluetoothServiceUp() to 2 receivers.
09-23 01:55:46.737   516   536 D BluetoothAdapter: onBluetoothServiceUp: android.bluetooth.IBluetooth$Stub$Proxy@ba0d5a8
09-23 01:55:46.738   611   649 D BluetoothAdapter: onBluetoothServiceUp: com.android.bluetooth.btservice.AdapterService$AdapterServiceBinder@65335ec
09-23 01:55:46.738   611   649 D BluetoothAdapterService: enable() - Enable called with quiet mode status =  false
09-23 01:55:46.738   611   740 D BluetoothAdapterState: Current state: OFF, message: 0
09-23 01:55:46.739   611   740 D BluetoothAdapterProperties: Setting state to 14
09-23 01:55:46.739   611   740 I BluetoothAdapterState: Bluetooth adapter state changed: 10-> 14
09-23 01:55:46.739   611   740 D BluetoothAdapterService: updateAdapterState() - Broadcasting state to 1 receivers.
09-23 01:55:46.739   611   740 D BluetoothAdapterService: BleOnProcessStart()
09-23 01:55:46.739   516   536 D BluetoothManagerService: MESSAGE_BLUETOOTH_STATE_CHANGE: OFF > BLE_TURNING_ON
09-23 01:55:46.739   516   536 D BluetoothManagerService: Sending BLE State Change: OFF > BLE_TURNING_ON
09-23 01:55:46.740   611   740 D BluetoothAdapterService: BleOnProcessStart() - Make Bond State Machine
09-23 01:55:46.740   611   740 D BluetoothBondStateMachine: make
09-23 01:55:46.745   516   516 I Telecom : WiredHeadsetManager: ACTION_HEADSET_PLUG event, plugged in: false, : WHC.oADA@AAE
09-23 01:55:46.756   516   516 I ActivityManager: user 0 is still locked. Cannot load recents
09-23 01:55:46.760   611   820 I BluetoothBondStateMachine: StableState(): Entering Off State
09-23 01:55:46.760   611   740 D BluetoothAdapterService: setProfileServiceState() - Starting service com.android.bluetooth.gatt.GattService
09-23 01:55:46.768   726   726 D zz      : UtRenderer.<init>()
09-23 01:55:46.769   611   611 I BtGatt.JNI: classInitNative(L922): classInitNative: Success!
09-23 01:55:46.770   726   726 V zz      : TimelapseRenderer.updateWeatherCondition() CLEAR
09-23 01:55:46.771   611   611 D BtGatt.DebugUtils: handleDebugAction() action=null
09-23 01:55:46.771   611   611 D BluetoothAdapterService: getAdapterService() - returning com.android.bluetooth.btservice.AdapterService@9abbaf9
09-23 01:55:46.772   611   740 I BluetoothAdapterState: Entering PendingCommandState
09-23 01:55:46.779   726   726 V zz      : UtWallpaperService$UtEngine.initGravitySensor() accelerometer sensor - vendor: Google version: 1 power: 0.18
09-23 01:55:46.779   726   726 V zz      : UtWallpaperService$UtEngine.initGravitySensor() gravity sensor - vendor: AOSP version: 3 power: 6.0299997
09-23 01:55:46.780   726   726 V zz      : UtWallpaperService$UtEngine.initGravitySensor() sensor type: gravity
09-23 01:55:46.784   611   611 D BtGatt.GattService: Received start request. Starting profile...
09-23 01:55:46.787   611   611 D BtGatt.GattService: start()
09-23 01:55:46.787   611   611 I bt_btif : get_profile_interface gatt
09-23 01:55:46.789   611   611 D BluetoothAdapterService: getAdapterService() - returning com.android.bluetooth.btservice.AdapterService@9abbaf9
09-23 01:55:46.789   611   611 D BtGatt.AdvertiseManager: advertise manager created
09-23 01:55:46.799   611   611 D BluetoothAdapterService: getAdapterService() - returning com.android.bluetooth.btservice.AdapterService@9abbaf9
09-23 01:55:46.800   611   611 D BluetoothAdapterService: handleMessage() - Message: 1
09-23 01:55:46.800   611   611 D BluetoothAdapterService: handleMessage() - MESSAGE_PROFILE_SERVICE_STATE_CHANGED
09-23 01:55:46.800   611   611 D BluetoothAdapterService: processProfileServiceStateChanged() serviceName=com.android.bluetooth.gatt.GattService, state=12, doUpdate=true
09-23 01:55:46.800   611   611 V BluetoothAdapterState: isTurningOff()=false
09-23 01:55:46.800   611   611 V BluetoothAdapterState: isTurningOn()=false
09-23 01:55:46.800   611   611 V BluetoothAdapterState: isBleTurningOn()=true
09-23 01:55:46.800   611   611 V BluetoothAdapterState: isBleTurningOff()=false
09-23 01:55:46.800   611   611 D BluetoothAdapterService: processProfileServiceStateChanged() - serviceName=com.android.bluetooth.gatt.GattService isTurningOn=false isTurningOff=false isBleTurningOn=true isBleTurningOff=false
09-23 01:55:46.801   611   611 D BluetoothAdapterService: GattService is started
09-23 01:55:46.801   611   740 D BluetoothAdapterState: Current state: PENDING_COMMAND, message: 4
09-23 01:55:46.802   611   740 I bt_btif : enable: start restricted = 0
09-23 01:55:46.802   611   741 I bt_stack_manager: event_start_up_stack is bringing up the stack
09-23 01:55:46.802   611   741 I bt_core_module: module_start_up Starting module "btif_config_module"
09-23 01:55:46.802   516   591 E ActivityThread: Failed to find provider info for com.android.calendar
09-23 01:55:46.802   611   741 I bt_core_module: module_start_up Started module "btif_config_module"
09-23 01:55:46.802   611   741 I bt_core_module: module_start_up Starting module "btsnoop_module"
09-23 01:55:46.802   611   741 I bt_core_module: module_start_up Started module "btsnoop_module"
09-23 01:55:46.802   611   741 I bt_core_module: module_start_up Starting module "hci_module"
09-23 01:55:46.802   611   741 I bt_hci  : start_up
09-23 01:55:46.803   611   833 W bt_osi_thread: run_thread: thread id 833, thread name hci_thread started
09-23 01:55:46.803   516   591 E ActivityThread: Failed to find provider info for com.android.calendar
09-23 01:55:46.812   726   726 D zz      : UtRenderer.onSurfaceRedrawNeeded()
09-23 01:55:46.814   611   741 I bt_vendor: alloc value 0xcdd6df61
09-23 01:55:46.814   611   741 I bt_vendor: init
09-23 01:55:46.814   611   741 I bt_vnd_conf: Attempt to load conf from /etc/bluetooth/bt_vendor.conf
09-23 01:55:46.815   726   829 D NvOsDebugPrintf: NvRmPrivGetChipPlatform: Could not read platform information
09-23 01:55:46.816   726   829 D NvOsDebugPrintf: Expected on kernels without fuse support, using silicon
09-23 01:55:46.820   611   741 D bt_hci  : start_up starting async portion
09-23 01:55:46.820   611   833 I bt_hci  : event_finish_startup
09-23 01:55:46.820   611   833 I bt_hci_h4: hal_open
09-23 01:55:46.820   611   833 I bt_userial_vendor: userial vendor open: opening /dev/ttyTHS3
09-23 01:55:46.820   516   530 V KeyguardServiceDelegate: *** Keyguard started
09-23 01:55:46.821   516   530 W KeyguardServiceDelegate: onScreenTurningOn(): no keyguard service!
09-23 01:55:46.826   516   537 I ActivityManager: Displayed com.android.settings/.FallbackHome: +397ms
09-23 01:55:46.827   611   833 I bt_userial_vendor: device fd = 74 open
09-23 01:55:46.828   611   836 W bt_osi_thread: run_thread: thread id 836, thread name hci_single_chann started
09-23 01:55:46.836   671   802 I vol.Events: writeEvent level_changed STREAM_ALARM 6
09-23 01:55:46.837   671   802 I vol.Events: writeEvent level_changed STREAM_BLUETOOTH_SCO 7
09-23 01:55:46.838   671   802 I vol.Events: writeEvent level_changed STREAM_MUSIC 11
09-23 01:55:46.840   671   802 I vol.Events: writeEvent level_changed STREAM_RING 5
09-23 01:55:46.841   671   802 I vol.Events: writeEvent level_changed STREAM_SYSTEM 5
09-23 01:55:46.844   671   802 I vol.Events: writeEvent level_changed STREAM_VOICE_CALL 4
09-23 01:55:46.868   516   590 D NotificationSQLiteLog: Pruned event entries: 0
09-23 01:55:46.892   516   529 I SyncManager: Got SyncJobService instance.
09-23 01:55:46.894   671   671 D StorageNotification: Notifying about private volume: VolumeInfo{private}:
09-23 01:55:46.894   671   671 D StorageNotification:     type=PRIVATE diskId=null partGuid=null mountFlags=0 mountUserId=-1
09-23 01:55:46.894   671   671 D StorageNotification:     state=MOUNTED
09-23 01:55:46.894   671   671 D StorageNotification:     fsType=null fsUuid=null fsLabel=null
09-23 01:55:46.894   671   671 D StorageNotification:     path=/data internalPath=null
09-23 01:55:46.895   516   516 I FusedLocation: engine started (com.android.location.fused)
09-23 01:55:46.904   611   833 I bt_hwcfg: bt vendor lib: set UART baud 3000000
09-23 01:55:46.921   516   531 V KeyguardServiceDelegate: *** Keyguard connected (yay!)
09-23 01:55:46.927   516   544 D CryptdConnector: SND -> {3 cryptfs getpw}
09-23 01:55:46.927   167   174 D VoldCryptCmdListener: cryptfs getpw
09-23 01:55:46.927   516   575 D CryptdConnector: RCV <- {200 3 -1}
09-23 01:55:46.928   516   544 D CryptdConnector: SND -> {4 cryptfs clearpw}
09-23 01:55:46.928   167   174 D VoldCryptCmdListener: cryptfs clearpw
09-23 01:55:46.928   516   575 D CryptdConnector: RCV <- {200 4 0}
09-23 01:55:46.936   611   833 D bt_hwcfg: Chipset BCM4350C0
09-23 01:55:46.936   611   833 D bt_hwcfg: Target name = [BCM4350C0]
09-23 01:55:46.936   611   833 I bt_hwcfg: Found patchfile: /vendor/firmware//bcm4350c0.hcd
09-23 01:55:46.954   516   768 I StatusBarManagerService: registerStatusBar bar=com.android.internal.statusbar.IStatusBar$Stub$Proxy@37ec94b
09-23 01:55:46.970   671   846 D LocalBluetoothProfileManager: Adding local MAP profile
09-23 01:55:46.974   726   829 D zz      : UtRenderer.onSurfaceCreated()
09-23 01:55:46.978   726   829 V zz      : ShaderUtil.validateProgram() is valid
09-23 01:55:46.994   754   754 D PhoneSwitcherNetworkRequstListener: Registering NetworkFactory
09-23 01:55:46.995   516   585 D ConnectivityService: Got NetworkFactory Messenger for PhoneSwitcherNetworkRequstListener
09-23 01:55:46.999   726   829 V zz      : TextureUtil.loadTexture() 1440x1130
09-23 01:55:47.005   516   585 D ConnectivityService: Got NetworkFactory Messenger for TelephonyNetworkFactory[0]
09-23 01:55:47.021   754   754 D CarrierConfigLoader: CarrierConfigLoader has started
09-23 01:55:47.023   516   768 D BluetoothManagerService: Creating new ProfileServiceConnections object for profile: 1
09-23 01:55:47.024   516   768 E BluetoothManagerService: Fail to bind to: Intent { act=android.bluetooth.IBluetoothHeadset }
09-23 01:55:47.024   516   768 W BluetoothManagerService: Unable to bind with intent: Intent { act=android.bluetooth.IBluetoothHeadset }
09-23 01:55:47.038   247   247 D NvOsDebugPrintf: Inside NvxLiteH264DecoderLowLatencyInit
09-23 01:55:47.038   247   247 D NvOsDebugPrintf: NvxLiteH264DecoderLowLatencyInit set DPB and Mjstreaming
09-23 01:55:47.038   250   250 I OMXClient: MuxOMX ctor
09-23 01:55:47.039   250   250 I MediaPlayerService: MediaPlayerService::getOMX
09-23 01:55:47.040   250   250 I OMXClient: MuxOMX ctor
09-23 01:55:47.040   247   247 I OMXMaster: makeComponentInstance(OMX.Nvidia.mp4.decode) in mediacodec process
09-23 01:55:47.051   726   829 V zz      : TextureUtil.loadTexture() 1440x1800
09-23 01:55:47.054   754   853 E ActivityThread: Failed to find provider info for com.android.contacts
09-23 01:55:47.054   754   853 W CallerInfoCache: cursor is null
09-23 01:55:47.055   247   247 D NvOsDebugPrintf: NvMMLiteOpen : Block : BlockType = 260
09-23 01:55:47.056   247   247 D NvOsDebugPrintf: TVMR: NvMMLiteTVMRDecBlockOpen: 6633: NvMMLiteBlockOpen
09-23 01:55:47.060   754   754 I Telephony: TtyManager: updateUiTtyMode -1 -> 0
09-23 01:55:47.061   671   846 D BluetoothMap: Create BluetoothMap proxy object
09-23 01:55:47.063   671   846 E BluetoothMap: Could not bind to Bluetooth MAP Service with Intent { act=android.bluetooth.IBluetoothMap }
09-23 01:55:47.077   726   829 D zz      : UtRenderer.onSurfaceChanged() 2560x1800
09-23 01:55:47.080   726   726 D zz      : UtWallpaperService$UtEngine.onVisibilityChanged() true
09-23 01:55:47.082   671   846 D LocalBluetoothProfileManager: LocalBluetoothProfileManager construction complete
09-23 01:55:47.126   247   247 D NvOsDebugPrintf: NvMMLiteBlockCreate : Block : BlockType = 260
09-23 01:55:47.127   247   855 E OMXNodeInstance: getExtensionIndex(f70001:Nvidia.mp4.decode, OMX.google.android.index.configureVideoTunnelMode) ERROR: NotImplemented(0x80001006)
09-23 01:55:47.128   247   860 D NvOsDebugPrintf: TVMR: TVMRFrameStatusReporting: 5184: Closing TVMR Frame Status Thread -------------
09-23 01:55:47.128   247   861 D NvOsDebugPrintf: TVMR: TVMRVPRFloorSizeSettingThread: 5001: Closing TVMRVPRFloorSizeSettingThread -------------
09-23 01:55:47.128   247   859 D NvOsDebugPrintf: TVMR: TVMRFrameDelivery: 5033: Closing TVMR Frame Delivery Thread -------------
09-23 01:55:47.128   247   247 D NvOsDebugPrintf: TVMR: NvMMLiteTVMRDecBlockClose: 6793: Done
09-23 01:55:47.129   250   250 I MediaPlayerService: MediaPlayerService::getOMX
09-23 01:55:47.130   250   250 I OMXClient: MuxOMX ctor
09-23 01:55:47.130   247   285 I OMXMaster: makeComponentInstance(OMX.Nvidia.h263.decode) in mediacodec process
09-23 01:55:47.131   247   855 D NvOsDebugPrintf: NvMMLiteOpen : Block : BlockType = 260
09-23 01:55:47.131   247   855 D NvOsDebugPrintf: TVMR: NvMMLiteTVMRDecBlockOpen: 6633: NvMMLiteBlockOpen
09-23 01:55:47.132   247   855 D NvOsDebugPrintf: NvMMLiteBlockCreate : Block : BlockType = 260
09-23 01:55:47.132   247   855 E OMXNodeInstance: getExtensionIndex(f70002:Nvidia.h263.decode, OMX.google.android.index.configureVideoTunnelMode) ERROR: NotImplemented(0x80001006)
09-23 01:55:47.134   247   866 D NvOsDebugPrintf: TVMR: TVMRFrameStatusReporting: 5184: Closing TVMR Frame Status Thread -------------
09-23 01:55:47.134   247   867 D NvOsDebugPrintf: TVMR: TVMRVPRFloorSizeSettingThread: 5001: Closing TVMRVPRFloorSizeSettingThread -------------
09-23 01:55:47.134   247   865 D NvOsDebugPrintf: TVMR: TVMRFrameDelivery: 5033: Closing TVMR Frame Delivery Thread -------------
09-23 01:55:47.134   247   247 D NvOsDebugPrintf: TVMR: NvMMLiteTVMRDecBlockClose: 6793: Done
09-23 01:55:47.136   250   250 I MediaPlayerService: MediaPlayerService::getOMX
09-23 01:55:47.136   250   250 I OMXClient: MuxOMX ctor
09-23 01:55:47.136   247   285 I OMXMaster: makeComponentInstance(OMX.Nvidia.h264.decode) in mediacodec process
09-23 01:55:47.137   247   855 D NvOsDebugPrintf: NvMMLiteOpen : Block : BlockType = 261
09-23 01:55:47.137   247   855 D NvOsDebugPrintf: TVMR: NvMMLiteTVMRDecBlockOpen: 6633: NvMMLiteBlockOpen
09-23 01:55:47.138   247   855 D NvOsDebugPrintf: NvMMLiteBlockCreate : Block : BlockType = 261
09-23 01:55:47.141   247   247 E OMXNodeInstance: getExtensionIndex(f70003:Nvidia.h264.decode, OMX.google.android.index.configureVideoTunnelMode) ERROR: NotImplemented(0x80001006)
09-23 01:55:47.145   247   872 D NvOsDebugPrintf: TVMR: TVMRFrameStatusReporting: 5184: Closing TVMR Frame Status Thread -------------
09-23 01:55:47.145   247   873 D NvOsDebugPrintf: TVMR: TVMRVPRFloorSizeSettingThread: 5001: Closing TVMRVPRFloorSizeSettingThread -------------
09-23 01:55:47.145   247   871 D NvOsDebugPrintf: TVMR: TVMRFrameDelivery: 5033: Closing TVMR Frame Delivery Thread -------------
09-23 01:55:47.145   247   285 D NvOsDebugPrintf: TVMR: NvMMLiteTVMRDecBlockClose: 6793: Done
09-23 01:55:47.146   250   250 I MediaPlayerService: MediaPlayerService::getOMX
09-23 01:55:47.146   250   250 I OMXClient: MuxOMX ctor
09-23 01:55:47.146   247   855 I OMXMaster: makeComponentInstance(OMX.Nvidia.h264.decode.secure) in mediacodec process
09-23 01:55:47.151   247   855 D NvOsDebugPrintf: NvMMLiteOpen : Block : BlockType = 261
09-23 01:55:47.151   247   855 D NvOsDebugPrintf: TVMR: NvMMLiteTVMRDecBlockOpen: 6633: NvMMLiteBlockOpen
09-23 01:55:47.161   754   754 D PhoneSwitcherNetworkRequstListener: got request NetworkRequest [ REQUEST id=1, [ Capabilities: INTERNET&NOT_RESTRICTED&TRUSTED&NOT_VPN] ] with score 0
09-23 01:55:47.163   754   754 D TelephonyDebugService: TelephonyDebugService()
09-23 01:55:47.163   754   754 D CarrierConfigLoader: mHandler: 12 phoneId: 0
09-23 01:55:47.167   754   754 E PhoneInterfaceManager: [PhoneIntfMgr] getIccId: No UICC
09-23 01:55:47.175   516   544 W Telecom : : registerPhoneAccount not allowed on non-voice capable device.: TSI.rPA@AAM
09-23 01:55:47.176   754   754 I Telephony: AccountEntry: Registered phoneAccount: [[ ] PhoneAccount: ComponentInfo{com.android.phone/com.android.services.telephony.TelephonyConnectionService}, [e0184adedf913b076626646d3f52c3b49c39ad6d], UserHandle{0} Capabilities: CallProvider MultiUser PlaceEmerg SimSub  Audio Routes: BESW Schemes: tel voicemail  Extras: null GroupId: [da39a3ee5e6b4b0d3255bfef95601890afd80709]] with handle: ComponentInfo{com.android.phone/com.android.services.telephony.TelephonyConnectionService}, [e0184adedf913b076626646d3f52c3b49c39ad6d], UserHandle{0}
09-23 01:55:47.178   754   754 I Telephony: PstnIncomingCallNotifier: Registering: Handler (com.android.internal.telephony.GsmCdmaPhone) {23bdbd7}
09-23 01:55:47.185   247   855 D NvOsDebugPrintf: NvMMLiteBlockCreate : Block : BlockType = 261
09-23 01:55:47.186   247   285 E OMXNodeInstance: getExtensionIndex(f70004:Nvidia.h264.decode.secure, OMX.google.android.index.configureVideoTunnelMode) ERROR: NotImplemented(0x80001006)
09-23 01:55:47.186   754   754 E PhoneInterfaceManager: [PhoneIntfMgr] getIccId: No UICC
09-23 01:55:47.186   247   878 D NvOsDebugPrintf: TVMR: TVMRFrameStatusReporting: 5184: Closing TVMR Frame Status Thread -------------
09-23 01:55:47.187   247   879 D NvOsDebugPrintf: TVMR: TVMRVPRFloorSizeSettingThread: 5001: Closing TVMRVPRFloorSizeSettingThread -------------
09-23 01:55:47.187   247   877 D NvOsDebugPrintf: TVMR: TVMRFrameDelivery: 5033: Closing TVMR Frame Delivery Thread -------------
09-23 01:55:47.187   247   855 D NvOsDebugPrintf: TVMR: NvMMLiteTVMRDecBlockClose: 6793: Done
09-23 01:55:47.188   250   250 I MediaPlayerService: MediaPlayerService::getOMX
09-23 01:55:47.188   250   250 I OMXClient: MuxOMX ctor
09-23 01:55:47.188   247   855 I OMXMaster: makeComponentInstance(OMX.Nvidia.vp8.decode) in mediacodec process
09-23 01:55:47.190   247   247 D NvOsDebugPrintf: NvMMLiteOpen : Block : BlockType = 278
09-23 01:55:47.191   247   247 D NvOsDebugPrintf: TVMR: NvMMLiteTVMRDecBlockOpen: 6633: NvMMLiteBlockOpen
09-23 01:55:47.191   516   527 W Telecom : : registerPhoneAccount not allowed on non-voice capable device.: TSI.rPA@AAY
09-23 01:55:47.191   247   247 D NvOsDebugPrintf: NvMMLiteBlockCreate : Block : BlockType = 278
09-23 01:55:47.192   726   726 D zz      : UtWallpaperService$UtEngine.onVisibilityChanged() and is on lockscreen
09-23 01:55:47.192   726   726 D zz      : UtRenderer.onVisibleAtLockScreen()
09-23 01:55:47.193   726   726 W zz      : WeatherManager.doGet() no permissions
09-23 01:55:47.194   726   726 W zz      : SunriseUtil.doGet() no permissions
09-23 01:55:47.195   726   726 D zz      : UtWallpaperService$UtEngine.onVisibilityChanged() false
09-23 01:55:47.195   247   285 E OMXNodeInstance: getExtensionIndex(f70005:Nvidia.vp8.decode, OMX.google.android.index.configureVideoTunnelMode) ERROR: NotImplemented(0x80001006)
09-23 01:55:47.197   247   884 D NvOsDebugPrintf: TVMR: TVMRFrameStatusReporting: 5184: Closing TVMR Frame Status Thread -------------
09-23 01:55:47.197   247   885 D NvOsDebugPrintf: TVMR: TVMRVPRFloorSizeSettingThread: 5001: Closing TVMRVPRFloorSizeSettingThread -------------
09-23 01:55:47.197   247   883 D NvOsDebugPrintf: TVMR: TVMRFrameDelivery: 5033: Closing TVMR Frame Delivery Thread -------------
09-23 01:55:47.197   247   247 D NvOsDebugPrintf: TVMR: NvMMLiteTVMRDecBlockClose: 6793: Done
09-23 01:55:47.197   250   250 I MediaPlayerService: MediaPlayerService::getOMX
09-23 01:55:47.198   250   250 I OMXClient: MuxOMX ctor
09-23 01:55:47.198   247   855 I OMXMaster: makeComponentInstance(OMX.Nvidia.vp9.decode) in mediacodec process
09-23 01:55:47.200   247   285 D NvOsDebugPrintf: NvMMLiteOpen : Block : BlockType = 280
09-23 01:55:47.200   247   285 D NvOsDebugPrintf: TVMR: NvMMLiteTVMRDecBlockOpen: 6633: NvMMLiteBlockOpen
09-23 01:55:47.207   247   285 D NvOsDebugPrintf: NvMMLiteBlockCreate : Block : BlockType = 280
09-23 01:55:47.207   247   855 E OMXNodeInstance: getExtensionIndex(f70006:Nvidia.vp9.decode, OMX.google.android.index.configureVideoTunnelMode) ERROR: NotImplemented(0x80001006)
09-23 01:55:47.208   247   890 D NvOsDebugPrintf: TVMR: TVMRFrameStatusReporting: 5184: Closing TVMR Frame Status Thread -------------
09-23 01:55:47.208   247   891 D NvOsDebugPrintf: TVMR: TVMRVPRFloorSizeSettingThread: 5001: Closing TVMRVPRFloorSizeSettingThread -------------
09-23 01:55:47.208   247   889 D NvOsDebugPrintf: TVMR: TVMRFrameDelivery: 5033: Closing TVMR Frame Delivery Thread -------------
09-23 01:55:47.208   247   247 D NvOsDebugPrintf: TVMR: NvMMLiteTVMRDecBlockClose: 6793: Done
09-23 01:55:47.209   250   250 I MediaPlayerService: MediaPlayerService::getOMX
09-23 01:55:47.209   250   250 I OMXClient: MuxOMX ctor
09-23 01:55:47.209   247   285 I OMXMaster: makeComponentInstance(OMX.Nvidia.vp9.decode.secure) in mediacodec process
09-23 01:55:47.210   247   855 D NvOsDebugPrintf: NvMMLiteOpen : Block : BlockType = 280
09-23 01:55:47.210   247   855 D NvOsDebugPrintf: TVMR: NvMMLiteTVMRDecBlockOpen: 6633: NvMMLiteBlockOpen
09-23 01:55:47.211   247   855 D NvOsDebugPrintf: NvMMLiteBlockCreate : Block : BlockType = 280
09-23 01:55:47.211   247   855 E OMXNodeInstance: getExtensionIndex(f70007:Nvidia.vp9.decode.secure, OMX.google.android.index.configureVideoTunnelMode) ERROR: NotImplemented(0x80001006)
09-23 01:55:47.212   247   896 D NvOsDebugPrintf: TVMR: TVMRFrameStatusReporting: 5184: Closing TVMR Frame Status Thread -------------
09-23 01:55:47.212   247   897 D NvOsDebugPrintf: TVMR: TVMRVPRFloorSizeSettingThread: 5001: Closing TVMRVPRFloorSizeSettingThread -------------
09-23 01:55:47.212   247   895 D NvOsDebugPrintf: TVMR: TVMRFrameDelivery: 5033: Closing TVMR Frame Delivery Thread -------------
09-23 01:55:47.212   247   247 D NvOsDebugPrintf: TVMR: NvMMLiteTVMRDecBlockClose: 6793: Done
09-23 01:55:47.213   250   250 I MediaPlayerService: MediaPlayerService::getOMX
09-23 01:55:47.213   250   250 I OMXClient: MuxOMX ctor
09-23 01:55:47.213   247   285 I OMXMaster: makeComponentInstance(OMX.Nvidia.h265.decode) in mediacodec process
09-23 01:55:47.214   247   855 D NvOsDebugPrintf: NvMMLiteOpen : Block : BlockType = 279
09-23 01:55:47.214   247   855 D NvOsDebugPrintf: TVMR: NvMMLiteTVMRDecBlockOpen: 6633: NvMMLiteBlockOpen
09-23 01:55:47.215   726   726 D zz      : UtRenderer.onNotVisible()
09-23 01:55:47.216   726   726 D zz      : UtWallpaperService$UtEngine.onVisibilityChanged() true
09-23 01:55:47.216   184   809 I SurfaceFlinger: Boot is finished (12061 ms)
09-23 01:55:47.217   247   855 D NvOsDebugPrintf: NvMMLiteBlockCreate : Block : BlockType = 279
09-23 01:55:47.218   247   247 E OMXNodeInstance: getExtensionIndex(f70008:Nvidia.h265.decode, OMX.google.android.index.configureVideoTunnelMode) ERROR: NotImplemented(0x80001006)
09-23 01:55:47.219   247   902 D NvOsDebugPrintf: TVMR: TVMRFrameStatusReporting: 5184: Closing TVMR Frame Status Thread -------------
09-23 01:55:47.219   247   903 D NvOsDebugPrintf: TVMR: TVMRVPRFloorSizeSettingThread: 5001: Closing TVMRVPRFloorSizeSettingThread -------------
09-23 01:55:47.220   247   901 D NvOsDebugPrintf: TVMR: TVMRFrameDelivery: 5033: Closing TVMR Frame Delivery Thread -------------
09-23 01:55:47.220   247   247 D NvOsDebugPrintf: TVMR: NvMMLiteTVMRDecBlockClose: 6793: Done
09-23 01:55:47.220   250   250 I MediaPlayerService: MediaPlayerService::getOMX
09-23 01:55:47.221   250   250 I OMXClient: MuxOMX ctor
09-23 01:55:47.221   247   285 I OMXMaster: makeComponentInstance(OMX.Nvidia.h265.decode.secure) in mediacodec process
09-23 01:55:47.222   247   855 D NvOsDebugPrintf: NvMMLiteOpen : Block : BlockType = 279
09-23 01:55:47.222   247   855 D NvOsDebugPrintf: TVMR: NvMMLiteTVMRDecBlockOpen: 6633: NvMMLiteBlockOpen
09-23 01:55:47.223   247   855 D NvOsDebugPrintf: NvMMLiteBlockCreate : Block : BlockType = 279
09-23 01:55:47.224   247   855 E OMXNodeInstance: getExtensionIndex(f70009:Nvidia.h265.decode.secure, OMX.google.android.index.configureVideoTunnelMode) ERROR: NotImplemented(0x80001006)
09-23 01:55:47.224   247   908 D NvOsDebugPrintf: TVMR: TVMRFrameStatusReporting: 5184: Closing TVMR Frame Status Thread -------------
09-23 01:55:47.225   247   909 D NvOsDebugPrintf: TVMR: TVMRVPRFloorSizeSettingThread: 5001: Closing TVMRVPRFloorSizeSettingThread -------------
09-23 01:55:47.225   247   907 D NvOsDebugPrintf: TVMR: TVMRFrameDelivery: 5033: Closing TVMR Frame Delivery Thread -------------
09-23 01:55:47.225   247   247 D NvOsDebugPrintf: TVMR: NvMMLiteTVMRDecBlockClose: 6793: Done
09-23 01:55:47.225   250   250 I MediaPlayerService: MediaPlayerService::getOMX
09-23 01:55:47.226   250   250 I OMXClient: MuxOMX ctor
09-23 01:55:47.226   247   285 I OMXMaster: makeComponentInstance(OMX.Nvidia.h264.encoder) in mediacodec process
09-23 01:55:47.226   247   855 D NvOsDebugPrintf: NvMMLiteOpen : Block : BlockType = 4
09-23 01:55:47.232   247   855 D NvOsDebugPrintf: ===== MSENC =====
09-23 01:55:47.238   671   671 W System  : ClassLoader referenced unknown path:
09-23 01:55:47.238   671   671 W System  : ClassLoader referenced unknown path: /system/app/GoogleCamera/lib/arm64
09-23 01:55:47.239   671   671 D ApplicationLoaders: ignored Vulkan layer search path /system/app/GoogleCamera/lib/arm64:/system/app/GoogleCamera/GoogleCamera.apk!/lib/arm64-v8a:/system/lib64:/vendor/lib64 for namespace 0x76afb680f0
09-23 01:55:47.252   247   855 D NvOsDebugPrintf: NvMMLiteBlockCreate : Block : BlockType = 4
09-23 01:55:47.254   250   250 W ACodec  : do not know color format 0x7f000789 = 2130708361
09-23 01:55:47.254   247   247 E OMXNodeInstance: getConfig(f7000a:Nvidia.h264.encoder, ConfigAndroidIntraRefresh(0x6f60000a)) ERROR: UnsupportedIndex(0x8000101a)
09-23 01:55:47.255   250   250 I MediaPlayerService: MediaPlayerService::getOMX
09-23 01:55:47.255   250   250 I OMXClient: MuxOMX ctor
09-23 01:55:47.255   247   285 I OMXMaster: makeComponentInstance(OMX.Nvidia.vp8.encoder) in mediacodec process
09-23 01:55:47.267   247   910 D NvOsDebugPrintf: NvMMLiteOpen : Block : BlockType = 7
09-23 01:55:47.267   247   910 D NvOsDebugPrintf: ===== MSENC =====
09-23 01:55:47.268   247   910 D NvOsDebugPrintf: NvMMLiteBlockCreate : Block : BlockType = 7
09-23 01:55:47.270   250   250 W ACodec  : do not know color format 0x7f000789 = 2130708361
09-23 01:55:47.270   247   247 E OMXNodeInstance: getConfig(f7000b:Nvidia.vp8.encoder, ConfigAndroidIntraRefresh(0x6f60000a)) ERROR: UnsupportedIndex(0x8000101a)
09-23 01:55:47.271   250   250 I MediaPlayerService: MediaPlayerService::getOMX
09-23 01:55:47.272   250   250 I OMXClient: MuxOMX ctor
09-23 01:55:47.272   247   247 I OMXMaster: makeComponentInstance(OMX.google.mp3.decoder) in mediacodec process
09-23 01:55:47.275   250   250 I MediaPlayerService: MediaPlayerService::getOMX
09-23 01:55:47.275   250   250 I OMXClient: MuxOMX ctor
09-23 01:55:47.275   247   247 I OMXMaster: makeComponentInstance(OMX.google.amrnb.decoder) in mediacodec process
09-23 01:55:47.275   671   671 I OpaLayout: Setting opa enabled to false
09-23 01:55:47.279   250   250 I MediaPlayerService: MediaPlayerService::getOMX
09-23 01:55:47.279   250   250 I OMXClient: MuxOMX ctor
09-23 01:55:47.279   247   247 I OMXMaster: makeComponentInstance(OMX.google.amrwb.decoder) in mediacodec process
09-23 01:55:47.279   671   671 I OpaLayout: Setting opa enabled to false
09-23 01:55:47.281   250   250 I MediaPlayerService: MediaPlayerService::getOMX
09-23 01:55:47.281   250   250 I OMXClient: MuxOMX ctor
09-23 01:55:47.281   247   910 I OMXMaster: makeComponentInstance(OMX.google.aac.decoder) in mediacodec process
09-23 01:55:47.287   250   250 I MediaPlayerService: MediaPlayerService::getOMX
09-23 01:55:47.288   250   250 I OMXClient: MuxOMX ctor
09-23 01:55:47.288   247   910 I OMXMaster: makeComponentInstance(OMX.google.g711.alaw.decoder) in mediacodec process
09-23 01:55:47.290   250   250 I MediaPlayerService: MediaPlayerService::getOMX
09-23 01:55:47.290   250   250 I OMXClient: MuxOMX ctor
09-23 01:55:47.291   247   910 I OMXMaster: makeComponentInstance(OMX.google.g711.mlaw.decoder) in mediacodec process
09-23 01:55:47.293   250   250 I MediaPlayerService: MediaPlayerService::getOMX
09-23 01:55:47.293   250   250 I OMXClient: MuxOMX ctor
09-23 01:55:47.293   247   910 I OMXMaster: makeComponentInstance(OMX.google.vorbis.decoder) in mediacodec process
09-23 01:55:47.296   250   250 I MediaPlayerService: MediaPlayerService::getOMX
09-23 01:55:47.296   250   250 I OMXClient: MuxOMX ctor
09-23 01:55:47.296   247   910 I OMXMaster: makeComponentInstance(OMX.google.opus.decoder) in mediacodec process
09-23 01:55:47.299   250   250 I MediaPlayerService: MediaPlayerService::getOMX
09-23 01:55:47.299   250   250 I OMXClient: MuxOMX ctor
09-23 01:55:47.299   247   910 I OMXMaster: makeComponentInstance(OMX.google.raw.decoder) in mediacodec process
09-23 01:55:47.301   250   250 I MediaPlayerService: MediaPlayerService::getOMX
09-23 01:55:47.301   250   250 I OMXClient: MuxOMX ctor
09-23 01:55:47.301   247   910 I OMXMaster: makeComponentInstance(OMX.google.aac.encoder) in mediacodec process
09-23 01:55:47.309   250   250 I MediaPlayerService: MediaPlayerService::getOMX
09-23 01:55:47.309   250   250 I OMXClient: MuxOMX ctor
09-23 01:55:47.309   247   855 I OMXMaster: makeComponentInstance(OMX.google.amrnb.encoder) in mediacodec process
09-23 01:55:47.314   250   250 I MediaPlayerService: MediaPlayerService::getOMX
09-23 01:55:47.314   250   250 I OMXClient: MuxOMX ctor
09-23 01:55:47.314   247   855 I OMXMaster: makeComponentInstance(OMX.google.amrwb.encoder) in mediacodec process
09-23 01:55:47.317   250   250 I MediaPlayerService: MediaPlayerService::getOMX
09-23 01:55:47.317   250   250 I OMXClient: MuxOMX ctor
09-23 01:55:47.317   247   855 I OMXMaster: makeComponentInstance(OMX.google.flac.encoder) in mediacodec process
09-23 01:55:47.323   250   250 I MediaPlayerService: MediaPlayerService::getOMX
09-23 01:55:47.324   250   250 I OMXClient: MuxOMX ctor
09-23 01:55:47.324   247   855 I OMXMaster: makeComponentInstance(OMX.google.mpeg4.decoder) in mediacodec process
09-23 01:55:47.326   726   726 D zz      : UtWallpaperService$UtEngine.onVisibilityChanged() and is on lockscreen
09-23 01:55:47.326   726   726 D zz      : UtRenderer.onVisibleAtLockScreen()
09-23 01:55:47.326   726   726 W zz      : WeatherManager.doGet() no permissions
09-23 01:55:47.328   726   726 W zz      : SunriseUtil.doGet() no permissions
09-23 01:55:47.330   247   855 E OMXNodeInstance: getExtensionIndex(f70019:google.mpeg4.decoder, OMX.google.android.index.configureVideoTunnelMode) ERROR: UnsupportedIndex(0x8000101a)
09-23 01:55:47.330   247   247 W OMXNodeInstance: [f70019:google.mpeg4.decoder] component does not support metadata mode; using fallback
09-23 01:55:47.332   726   726 V zz      : TimelapseRenderer$1.onReceive() got sunrise broadcast - false
09-23 01:55:47.332   726   726 V zz      : TimelapseRenderer$1.onReceive() got sunrise broadcast - false
09-23 01:55:47.333   250   250 I MediaPlayerService: MediaPlayerService::getOMX
09-23 01:55:47.333   250   250 I OMXClient: MuxOMX ctor
09-23 01:55:47.333   247   247 I OMXMaster: makeComponentInstance(OMX.google.h263.decoder) in mediacodec process
09-23 01:55:47.339   247   855 E OMXNodeInstance: getExtensionIndex(f7001a:google.h263.decoder, OMX.google.android.index.configureVideoTunnelMode) ERROR: UnsupportedIndex(0x8000101a)
09-23 01:55:47.339   247   247 W OMXNodeInstance: [f7001a:google.h263.decoder] component does not support metadata mode; using fallback
09-23 01:55:47.341   250   250 I MediaPlayerService: MediaPlayerService::getOMX
09-23 01:55:47.342   250   250 I OMXClient: MuxOMX ctor
09-23 01:55:47.342   247   247 I OMXMaster: makeComponentInstance(OMX.google.h264.decoder) in mediacodec process
09-23 01:55:47.351   671   671 I CameraManagerGlobal: Connecting to camera service
09-23 01:55:47.352   250   250 W ACodec  : [OMX.google.h264.decoder] stopping checking profiles after 32: 2/8000
09-23 01:55:47.353   247   855 E OMXNodeInstance: getExtensionIndex(f7001b:google.h264.decoder, OMX.google.android.index.configureVideoTunnelMode) ERROR: UnsupportedIndex(0x8000101a)
09-23 01:55:47.353   247   247 W OMXNodeInstance: [f7001b:google.h264.decoder] component does not support metadata mode; using fallback
09-23 01:55:47.355   250   250 I MediaPlayerService: MediaPlayerService::getOMX
09-23 01:55:47.355   250   250 I OMXClient: MuxOMX ctor
09-23 01:55:47.355   247   247 I OMXMaster: makeComponentInstance(OMX.google.hevc.decoder) in mediacodec process
09-23 01:55:47.362   247   247 E OMXNodeInstance: getExtensionIndex(f7001c:google.hevc.decoder, OMX.google.android.index.configureVideoTunnelMode) ERROR: UnsupportedIndex(0x8000101a)
09-23 01:55:47.362   247   910 W OMXNodeInstance: [f7001c:google.hevc.decoder] component does not support metadata mode; using fallback
09-23 01:55:47.363   250   250 I MediaPlayerService: MediaPlayerService::getOMX
09-23 01:55:47.364   250   250 I OMXClient: MuxOMX ctor
09-23 01:55:47.364   247   910 I OMXMaster: makeComponentInstance(OMX.google.vp8.decoder) in mediacodec process
09-23 01:55:47.370   247   247 E OMXNodeInstance: getExtensionIndex(f7001d:google.vp8.decoder, OMX.google.android.index.configureVideoTunnelMode) ERROR: UnsupportedIndex(0x8000101a)
09-23 01:55:47.370   247   910 W OMXNodeInstance: [f7001d:google.vp8.decoder] component does not support metadata mode; using fallback
09-23 01:55:47.373   250   250 I MediaPlayerService: MediaPlayerService::getOMX
09-23 01:55:47.373   250   250 I OMXClient: MuxOMX ctor
09-23 01:55:47.373   247   910 I OMXMaster: makeComponentInstance(OMX.google.vp9.decoder) in mediacodec process
09-23 01:55:47.375   247   910 E OMXNodeInstance: getExtensionIndex(f7001e:google.vp9.decoder, OMX.google.android.index.configureVideoTunnelMode) ERROR: UnsupportedIndex(0x8000101a)
09-23 01:55:47.375   247   285 W OMXNodeInstance: [f7001e:google.vp9.decoder] component does not support metadata mode; using fallback
09-23 01:55:47.376   250   250 I MediaPlayerService: MediaPlayerService::getOMX
09-23 01:55:47.377   250   250 I OMXClient: MuxOMX ctor
09-23 01:55:47.377   247   285 I OMXMaster: makeComponentInstance(OMX.google.h263.encoder) in mediacodec process
09-23 01:55:47.380   247   285 I SoftMPEG4Encoder: Construct SoftMPEG4Encoder
09-23 01:55:47.381   250   250 W ACodec  : do not know color format 0x7f000789 = 2130708361
09-23 01:55:47.381   247   247 E OMXNodeInstance: getConfig(f7001f:google.h263.encoder, ConfigAndroidIntraRefresh(0x6f60000a)) ERROR: Undefined(0x80001001)
09-23 01:55:47.382   250   250 I MediaPlayerService: MediaPlayerService::getOMX
09-23 01:55:47.382   250   250 I OMXClient: MuxOMX ctor
09-23 01:55:47.382   247   855 I OMXMaster: makeComponentInstance(OMX.google.h264.encoder) in mediacodec process
09-23 01:55:47.390   250   250 W ACodec  : do not know color format 0x7f000789 = 2130708361
09-23 01:55:47.391   250   250 I MediaPlayerService: MediaPlayerService::getOMX
09-23 01:55:47.392   250   250 I OMXClient: MuxOMX ctor
09-23 01:55:47.392   247   910 I OMXMaster: makeComponentInstance(OMX.google.mpeg4.encoder) in mediacodec process
09-23 01:55:47.393   247   910 I SoftMPEG4Encoder: Construct SoftMPEG4Encoder
09-23 01:55:47.394   250   250 W ACodec  : do not know color format 0x7f000789 = 2130708361
09-23 01:55:47.394   247   855 E OMXNodeInstance: getConfig(f70021:google.mpeg4.encoder, ConfigAndroidIntraRefresh(0x6f60000a)) ERROR: Undefined(0x80001001)
09-23 01:55:47.395   250   250 I MediaPlayerService: MediaPlayerService::getOMX
09-23 01:55:47.395   250   250 I OMXClient: MuxOMX ctor
09-23 01:55:47.395   247   285 I OMXMaster: makeComponentInstance(OMX.google.vp8.encoder) in mediacodec process
09-23 01:55:47.401   250   250 W ACodec  : do not know color format 0x7f000789 = 2130708361
09-23 01:55:47.402   247   855 E OMXNodeInstance: getConfig(f70022:google.vp8.encoder, ConfigAndroidIntraRefresh(0x6f60000a)) ERROR: Undefined(0x80001001)
09-23 01:55:47.403   250   250 I MediaPlayerService: MediaPlayerService::getOMX
09-23 01:55:47.403   250   250 I OMXClient: MuxOMX ctor
09-23 01:55:47.406   250   250 I MediaPlayerService: MediaPlayerService::getOMX
09-23 01:55:47.406   250   250 I OMXClient: MuxOMX ctor
09-23 01:55:47.407   250   250 W MediaCodecList: unable to open media codecs configuration xml file: /data/misc/media/media_codecs_profiling_results.xml
09-23 01:55:47.407   250   753 I MediaPlayerService: MediaPlayerService::getOMX
09-23 01:55:47.408   250   304 I MediaPlayerService: MediaPlayerService::getOMX
09-23 01:55:47.408   671   750 I OMXClient: MuxOMX ctor
09-23 01:55:47.408   516   667 I OMXClient: MuxOMX ctor
09-23 01:55:47.409   247   910 I OMXMaster: makeComponentInstance(OMX.google.vorbis.decoder) in mediacodec process
09-23 01:55:47.410   247   247 I OMXMaster: makeComponentInstance(OMX.google.vorbis.decoder) in mediacodec process
09-23 01:55:47.412   671   970 E ActivityThread: Failed to find provider info for com.android.contacts
09-23 01:55:47.414   671   843 D OpenGLRenderer: profile bars disabled
09-23 01:55:47.415   671   843 D OpenGLRenderer: ambientRatio = 1.50
09-23 01:55:47.423   671   671 D PhoneStatusBar: disable: < EXPAND* icons alerts system_info BACK* HOME* RECENT* clock SEARCH* quick_settings >
09-23 01:55:47.451   250   752 I MediaPlayerService: MediaPlayerService::getOMX
09-23 01:55:47.452   671   976 I OMXClient: MuxOMX ctor
09-23 01:55:47.453   247   855 I OMXMaster: makeComponentInstance(OMX.google.vorbis.decoder) in mediacodec process
09-23 01:55:47.455   611   833 I bt_hwcfg: bt vendor lib: set UART baud 115200
09-23 01:55:47.455   611   833 D bt_hwcfg: Settlement delay -- 100 ms
09-23 01:55:47.455   611   833 I bt_hwcfg: Setting fw settlement delay to 100
09-23 01:55:47.459   250   753 I MediaPlayerService: MediaPlayerService::getOMX
09-23 01:55:47.460   516   979 I OMXClient: MuxOMX ctor
09-23 01:55:47.461   247   910 I OMXMaster: makeComponentInstance(OMX.google.vorbis.decoder) in mediacodec process
09-23 01:55:47.491   250   753 I MediaPlayerService: MediaPlayerService::getOMX
09-23 01:55:47.492   671   671 D PhoneStatusBar: heads up is enabled
09-23 01:55:47.492   516   982 I OMXClient: MuxOMX ctor
09-23 01:55:47.493   247   285 I OMXMaster: makeComponentInstance(OMX.google.vorbis.decoder) in mediacodec process
09-23 01:55:47.504   671   671 W KeyguardUpdateMonitor: invalid subId in handleSimStateChange()
09-23 01:55:47.506   516   770 I ActivityManager: Setting hasTopUi=true for pid=671
09-23 01:55:47.510   250   753 I MediaPlayerService: MediaPlayerService::getOMX
09-23 01:55:47.511   671   986 I OMXClient: MuxOMX ctor
09-23 01:55:47.514   247   247 I OMXMaster: makeComponentInstance(OMX.google.vorbis.decoder) in mediacodec process
09-23 01:55:47.517   516   982 W AMessage: failed to deliver message as target handler 8 is gone.
09-23 01:55:47.526   671   671 D PhoneStatusBar: disable: < EXPAND ICONS* alerts SYSTEM_INFO* BACK HOME RECENT clock SEARCH quick_settings >
09-23 01:55:47.529   250   753 I MediaPlayerService: MediaPlayerService::getOMX
09-23 01:55:47.531   671   671 W FingerprintManager: isFingerprintHardwareDetected(): Service not connected!
09-23 01:55:47.531   671   671 D PhoneStatusBar: disable: < EXPAND ICONS alerts SYSTEM_INFO BACK HOME RECENT clock SEARCH quick_settings >
09-23 01:55:47.531   516   989 I OMXClient: MuxOMX ctor
09-23 01:55:47.533   671   671 W FingerprintManager: isFingerprintHardwareDetected(): Service not connected!
09-23 01:55:47.534   247   285 I OMXMaster: makeComponentInstance(OMX.google.vorbis.decoder) in mediacodec process
09-23 01:55:47.535   516   530 I VrManagerService: VR mode is disallowed
09-23 01:55:47.539   671   671 W FingerprintManager: isFingerprintHardwareDetected(): Service not connected!
09-23 01:55:47.547   516   770 V KeyguardServiceDelegate: **** SHOWN CALLED ****
09-23 01:55:47.559   671   671 D ViewRootImpl[StatusBar]: changeCanvasOpacity: opaque=true
09-23 01:55:47.563   611   833 I bt_hwcfg: bt vendor lib: set UART baud 3000000
09-23 01:55:47.563   611   833 I bt_hwcfg: Setting local bd addr to 22:22:E3:AC:CE:F2
