06-15 19:57:34.429 26201 26208 I Thermal-Lib: Thermal-Lib-Client: Client received msg camcorder 0
06-15 19:57:34.429 26201 26208 E Thermal-Lib: Thermal-Lib-Client: No Callback registered for camcorder
06-15 19:57:34.429 26201 26209 D audio_hw_spkr_prot: spkr_calibration_thread: wait for callback from thermal daemon
06-15 19:57:34.429   541   631 I ThermalEngine: Thermal-Server: Thermal received msg from  spkr
06-15 19:57:34.429   541   631 E ThermalEngine: Thermal-Server: No clients are connected for spkr
06-15 19:57:34.429 26201 26210 I Thermal-Lib: Thermal-Lib-Client: Client request sent
06-15 19:57:34.431 26201 26201 E msm8974_platform: platform_get_default_app_type_v2: Not implemented
06-15 19:57:34.431 26201 26201 D audio_hw_extn: audio_extn_perf_lock_init: Perf lock handles Success
06-15 19:57:34.431 26201 26201 D audio_hw_primary: adev_open: exit
06-15 19:57:34.431 26201 26201 I AudioFlinger: loadHwModule() Loaded primary audio interface from QCOM Audio HAL (audio) handle 10
06-15 19:57:34.431 26201 26201 I AudioFlinger: openOutput(), module 10 Device 2, SamplingRate 48000, Format 0x000001, Channels 3, flags 6
06-15 19:57:34.431 26201 26201 I AudioFlinger: HAL output buffer size 192 frames, normal sink buffer size 960 frames
06-15 19:57:34.435 26201 26201 D volume_listener: init_once Called
06-15 19:57:34.436 26201 26201 D msm8974_platform: platform_get_gain_level_mapping: empty or currupted gain_mapping_table
06-15 19:57:34.436 26201 26201 D volume_listener: init_once: using default volume table
06-15 19:57:34.436 26201 26201 I BufferProvider: found effect "Downmixer" from Fraunhofer IIS
06-15 19:57:34.436 26201 26201 I AudioFlinger: Using module 10 has the primary audio interface
06-15 19:57:34.437 26201 26212 I AudioFlinger: AudioFlinger's thread 0xe5d83400 ready to run
06-15 19:57:34.439 26201 26212 D audio_hw_primary: out_set_parameters: enter: usecase(1: low-latency-playback) kvpairs: routing=2
06-15 19:57:34.439 26201 26212 W AudioFlinger: no wake lock to update, system not ready yet
06-15 19:57:34.447 26201 26201 I AudioFlinger: openOutput(), module 10 Device 2, SamplingRate 48000, Format 0x000001, Channels 3, flags 104
06-15 19:57:34.447 26201 26201 I AudioFlinger: HAL output buffer size 192 frames, normal sink buffer size 960 frames
06-15 19:57:34.448 26201 26214 I AudioFlinger: AudioFlinger's thread 0xe5a03b00 ready to run
06-15 19:57:34.448 26201 26214 D audio_hw_primary: out_set_parameters: enter: usecase(5: audio-ull-playback) kvpairs: routing=2
06-15 19:57:34.449 26201 26214 W AudioFlinger: no wake lock to update, system not ready yet
06-15 19:57:34.450 26201 26201 I AudioFlinger: openOutput(), module 10 Device 2, SamplingRate 48000, Format 0x000001, Channels 3, flags 8
06-15 19:57:34.450 26201 26201 I AudioFlinger: HAL output buffer size 1920 frames, normal sink buffer size 1920 frames
06-15 19:57:34.451 26201 26215 I AudioFlinger: AudioFlinger's thread 0xe5703840 ready to run
06-15 19:57:34.451 26201 26215 D audio_hw_primary: out_set_parameters: enter: usecase(0: deep-buffer-playback) kvpairs: routing=2
06-15 19:57:34.452 26201 26215 W AudioFlinger: no wake lock to update, system not ready yet
06-15 19:57:34.456 26201 26201 I AudioFlinger: openOutput(), module 10 Device 10000, SamplingRate 48000, Format 0x000001, Channels 3, flags 0
06-15 19:57:34.456 26201 26201 I AudioFlinger: HAL output buffer size 768 frames, normal sink buffer size 1152 frames
06-15 19:57:34.457 26201 26217 I AudioFlinger: AudioFlinger's thread 0xe5583680 ready to run
06-15 19:57:34.457 26201 26217 D audio_hw_primary: out_set_parameters: enter: usecase(22: afe-proxy-playback) kvpairs: routing=65536
06-15 19:57:34.458 26201 26217 W AudioFlinger: no wake lock to update, system not ready yet
06-15 19:57:34.459 26201 26218 I AudioFlinger: AudioFlinger's thread 0xe5283e80 ready to run
06-15 19:57:34.461 26201 26219 I AudioFlinger: AudioFlinger's thread 0xe5203280 ready to run
06-15 19:57:34.461 26201 26220 I AudioFlinger: AudioFlinger's thread 0xe5083cc0 ready to run
06-15 19:57:34.462 26201 26201 I bt_a2dp_hw: adev_open:  adev_open in A2dp_hw module
06-15 19:57:34.462 26201 26201 I AudioFlinger: loadHwModule() Loaded a2dp audio interface from A2DP Audio HW HAL (audio) handle 18
06-15 19:57:34.463 26201 26201 I AudioFlinger: loadHwModule() Loaded usb audio interface from USB audio HW HAL (audio) handle 26
06-15 19:57:34.464 26201 26201 I r_submix: adev_open(name=audio_hw_if)
06-15 19:57:34.464 26201 26201 I r_submix: adev_init_check()
06-15 19:57:34.464 26201 26201 I AudioFlinger: loadHwModule() Loaded r_submix audio interface from Wifi Display audio HAL (audio) handle 34
06-15 19:57:34.464 26201 26201 D r_submix: adev_open_input_stream(addr=0)
06-15 19:57:34.464 26201 26201 D r_submix: submix_audio_device_create_pipe_l(addr=0, idx=9)
06-15 19:57:34.464 26201 26201 D r_submix:   now using address 0 for route 9
06-15 19:57:34.464 26201 26221 I AudioFlinger: AudioFlinger's thread 0xe5183a80 ready to run
06-15 19:57:34.465 26201 26201 D r_submix: adev_close_input_stream()
06-15 19:57:34.465 26201 26201 D r_submix: submix_audio_device_release_pipe_l(idx=9) addr=0
06-15 19:57:34.465 26201 26201 D r_submix: submix_audio_device_destroy_pipe_l(): pipe destroyed
06-15 19:57:34.466 26201 26201 I RadioService: RadioService
06-15 19:57:34.466 26201 26201 I RadioService: onFirstRef
06-15 19:57:34.466 26201 26201 E RadioService: couldn't load radio module radio.primary (No such file or directory)
06-15 19:57:34.468 26201 26201 D sound_trigger_hw: stdev_open: Enter
06-15 19:57:34.468 26201 26201 I sound_trigger_platform: platform_stdev_init: Enter
06-15 19:57:34.892 26201 26201 I sound_trigger_platform: platform_stdev_init: acdb_init: msm8994-tomtom-snd-card
06-15 19:57:34.892 26201 26201 D sound_trigger_platform: platform_stdev_init Opening device /dev/snd/hwC0D1000
06-15 19:57:34.893 26201 26201 W sound_trigger_platform: platform_stdev_init: dlopen failed for libsmwrapper.so
06-15 19:57:34.894 26201 26201 I sound_trigger_hw: stdev_get_properties
06-15 19:57:34.894 26201 26201 I SoundTriggerHwService: loaded default module Sound Trigger HAL, handle 1
06-15 19:57:34.897 26201 26214 W AudioFlinger: no wake lock to update, system not ready yet
06-15 19:57:34.898 26201 26215 W AudioFlinger: no wake lock to update, system not ready yet
06-15 19:57:34.898 26201 26212 W AudioFlinger: no wake lock to update, system not ready yet
06-15 19:57:34.898 26201 26217 W AudioFlinger: no wake lock to update, system not ready yet
06-15 19:57:34.899   934  2948 W AudioTrack: dead IAudioTrack, PCM, creating a new one from start()
06-15 19:57:34.956  3795  4155 W GCoreFlp: No location to return for getLastLocation()
06-15 19:57:34.956  3795  4156 W FusedLocationProvider: location=null
06-15 19:57:34.969 26200 26200 D         : InterfaceDescriptor is a
06-15 19:57:34.970 26201 26227 D PermissionCache: checking android.permission.MODIFY_AUDIO_SETTINGS for uid=10197 => granted (562 us)
06-15 19:57:35.129 26201 26212 W AudioFlinger: no wake lock to update, system not ready yet
06-15 19:57:35.129   934  2948 E AudioService: Audioserver started.
06-15 19:57:35.130 26201 26227 F libc    : Fatal signal 11 (SIGSEGV), code 1, fault addr 0x0 in tid 26227 (Binder:26201_3)
06-15 19:57:35.130 26201 26228 D PermissionCache: checking android.permission.MODIFY_AUDIO_SETTINGS for uid=1000 => granted (318 us)
06-15 19:57:35.130   379   379 W         : debuggerd: handling request: pid=26201 uid=1041 gid=1005 tid=26227
06-15 19:57:35.131 26201 26212 D audio_hw_primary: select_devices: changing use case low-latency-playback output device from(0: none, acdb -1) to (2: speaker, acdb 14)
06-15 19:57:35.191 26230 26230 F DEBUG   : *** *** *** *** *** *** *** *** *** *** *** *** *** *** *** ***
06-15 19:57:35.191 26230 26230 F DEBUG   : Build fingerprint: 'google/bullhead/bullhead:7.1.2/N2G48C/4104010:userdebug/dev-keys'
06-15 19:57:35.191 26230 26230 F DEBUG   : Revision: 'rev_1.0'
06-15 19:57:35.191 26230 26230 F DEBUG   : ABI: 'arm'
06-15 19:57:35.191 26230 26230 F DEBUG   : pid: 26201, tid: 26227, name: Binder:26201_3  >>> /system/bin/audioserver <<<
06-15 19:57:35.191 26230 26230 F DEBUG   : signal 11 (SIGSEGV), code 1 (SEGV_MAPERR), fault addr 0x0
06-15 19:57:35.191 26230 26230 F DEBUG   :     r0 00000000  r1 00000000  r2 0000005f  r3 00000000
06-15 19:57:35.191 26230 26230 F DEBUG   :     r4 ffffffff  r5 00000000  r6 e49bb000  r7 00000001
06-15 19:57:35.191 26230 26230 F DEBUG   :     r8 00000004  r9 e6b53114  sl e6b13900  fp 00000000
06-15 19:57:35.191 26230 26230 F DEBUG   :     ip e746bd88  sp e4c009c8  lr e7433bc5  pc e73fcaf4  cpsr 60000030
06-15 19:57:35.195 26230 26230 F DEBUG   :
06-15 19:57:35.195 26230 26230 F DEBUG   : backtrace:
06-15 19:57:35.195 26230 26230 F DEBUG   :     #00 pc 00018af4  /system/lib/libc.so (strlen+71)
06-15 19:57:35.195 26230 26230 F DEBUG   :     #01 pc 0004fbc1  /system/lib/libc.so (__strlen_chk+4)
06-15 19:57:35.195 26230 26230 F DEBUG   :     #02 pc 0000c599  /system/lib/libutils.so (_ZN7android7String8C2EPKc+12)
06-15 19:57:35.195 26230 26230 F DEBUG   :     #03 pc 0002fdbf  /system/lib/libaudiopolicymanagerdefault.so (_ZNK7android18HwModuleCollection19getDeviceDescriptorEjPKcS2_b+458)
06-15 19:57:35.196 26230 26230 F DEBUG   :     #04 pc 0001de47  /system/lib/libaudiopolicymanagerdefault.so (_ZN7android18AudioPolicyManager27setDeviceConnectionStateIntEj24audio_policy_dev_state_tPKcS3_+178)
06-15 19:57:35.196 26230 26230 F DEBUG   :     #05 pc 0000a009  /system/lib/libaudiopolicyservice.so
06-15 19:57:35.196 26230 26230 F DEBUG   :     #06 pc 000a01a5  /system/lib/libmedia.so (_ZN7android20BnAudioPolicyService10onTransactEjRKNS_6ParcelEPS1_j+1256)
06-15 19:57:35.196 26230 26230 F DEBUG   :     #07 pc 000359c3  /system/lib/libbinder.so (_ZN7android7BBinder8transactEjRKNS_6ParcelEPS1_j+70)
06-15 19:57:35.196 26230 26230 F DEBUG   :     #08 pc 0003d1bb  /system/lib/libbinder.so (_ZN7android14IPCThreadState14executeCommandEi+702)
06-15 19:57:35.196 26230 26230 F DEBUG   :     #09 pc 0003ce07  /system/lib/libbinder.so (_ZN7android14IPCThreadState20getAndExecuteCommandEv+114)
06-15 19:57:35.196 26230 26230 F DEBUG   :     #10 pc 0003d31b  /system/lib/libbinder.so (_ZN7android14IPCThreadState14joinThreadPoolEb+46)
06-15 19:57:35.196 26230 26230 F DEBUG   :     #11 pc 0004f8c5  /system/lib/libbinder.so
06-15 19:57:35.196 26230 26230 F DEBUG   :     #12 pc 0000e345  /system/lib/libutils.so (_ZN7android6Thread11_threadLoopEPv+140)
06-15 19:57:35.196 26230 26230 F DEBUG   :     #13 pc 000470b3  /system/lib/libc.so (_ZL15__pthread_startPv+22)
06-15 19:57:35.196 26230 26230 F DEBUG   :     #14 pc 00019e3d  /system/lib/libc.so (__start_thread+6)
06-15 19:57:35.346   934  2991 W NativeCrashListener: Couldn't find ProcessRecord for pid 26201
06-15 19:57:35.346 26230 26230 E         : AM data write failed: Broken pipe
06-15 19:57:35.352   541   631 I ThermalEngine: Thermal-Server: removing client on fd 52
06-15 19:57:35.354   379   379 W         : debuggerd: resuming target 26201
06-15 19:57:35.355   414   414 I ServiceManager: service 'media.sound_trigger_hw' died
06-15 19:57:35.355   414   414 I ServiceManager: service 'media.radio' died
06-15 19:57:35.355   934   952 I BootReceiver: Copying /data/tombstones/tombstone_02 to DropBox (SYSTEM_TOMBSTONE)
06-15 19:57:35.355   414   414 I ServiceManager: service 'media.audio_flinger' died
06-15 19:57:35.355   414   414 I ServiceManager: service 'media.audio_policy' died
06-15 19:57:35.355   934  3904 W AudioSystem: AudioFlinger server died!
06-15 19:57:35.355   934  2994 W AudioSystem: AudioPolicyService server died!
06-15 19:57:35.355   934  3904 W AudioSystem: AudioFlinger server died!
06-15 19:57:35.356   934   934 I ServiceManager: Waiting for service media.audio_policy...
06-15 19:57:35.356   934  2948 E AudioService: Audioserver died.
06-15 19:57:35.363 26022 26022 I Choreographer: Skipped 89 frames!  The application may be doing too much work on its main thread.
06-15 19:57:35.366 26022 26022 D path=   : /data/user/0/org.c0reteam.audiotest/files/poc
06-15 19:57:35.366 26022 26022 D cmd=    : chmod 755 /data/user/0/org.c0reteam.audiotest/files/poc
06-15 19:57:35.373   934 28743 W AudioTrack: dead IAudioTrack, PCM, creating a new one from processAudioBuffer()
06-15 19:57:35.383 26022 26022 D exec return :
06-15 19:57:35.383 26022 26022 D cmd=    : /data/user/0/org.c0reteam.audiotest/files/poc
06-15 19:57:35.384   934 31329 W AudioTrack: dead IAudioTrack, PCM, creating a new one from processAudioBuffer()
06-15 19:57:35.473 26239 26239 I         : fuzzIAudioPolicyService
06-15 19:57:35.473 26239 26239 I ServiceManager: Waiting for service media.audio_policy...
06-15 19:57:35.857   934  2948 E AudioService: Audioserver died.
06-15 19:57:36.356   934   934 I ServiceManager: Waiting for service media.audio_policy...
06-15 19:57:36.356   934  2948 I ServiceManager: Waiting for service media.audio_flinger...
06-15 19:57:36.474 26239 26239 I ServiceManager: Waiting for service media.audio_policy...
06-15 19:57:36.623  5847  5976 W Finsky  : [299] com.google.android.finsky.application.FinskyAppImpl.V(1772): No account configured on this device.
06-15 19:57:36.625  5847  5976 I Finsky  : [299] com.google.android.finsky.d.e.run(1151): Replicating app states via AMAS.
06-15 19:57:36.626  5847  5976 W Finsky  : [299] com.google.android.finsky.application.FinskyAppImpl.V(1772): No account configured on this device.
06-15 19:57:36.725  5847  5976 I Finsky  : [299] com.google.android.finsky.d.c.a(313): Completed 0 account content syncs with 0 successful.
06-15 19:57:36.726  5847  5847 I Finsky  : [1] com.google.android.finsky.services.j.a(148): Installation state replication succeeded.
06-15 19:57:37.357   934   934 I ServiceManager: Waiting for service media.audio_policy...
06-15 19:57:37.357   934  2948 I ServiceManager: Waiting for service media.audio_flinger...
06-15 19:57:37.474 26239 26239 I ServiceManager: Waiting for service media.audio_policy...
06-15 19:57:38.357   934  2948 I ServiceManager: Waiting for service media.audio_flinger...
06-15 19:57:38.358   934   934 I ServiceManager: Waiting for service media.audio_policy...
06-15 19:57:38.475 26239 26239 I ServiceManager: Waiting for service media.audio_policy...
06-15 19:57:39.358   934   934 W AudioSystem: AudioPolicyService not published, waiting...
06-15 19:57:39.359   934  2948 I ServiceManager: Waiting for service media.audio_flinger...
06-15 19:57:39.475 26239 26239 I         : mediaAudioPolicyService == NULL
06-15 19:57:39.482   934  2906 I InputDispatcher: Window 'Window{4b32796 u0 org.c0reteam.audiotest/org.c0reteam.audiotest.AudioTest}' spent 4115.0ms processing the last input event: MotionEvent(deviceId=7, source=0x00001002, action=0, actionButton=0x00000000, flags=0x00000000, metaState=0x00000000, buttonState=0x00000000, edgeFlags=0x00000000, xPrecision=1.0, yPrecision=1.0, displayId=0, pointers=[0: (972.0, 1648.0)]), policyFlags=0x62000000
06-15 19:57:39.484   934  2906 I InputDispatcher: Window 'Window{4b32796 u0 org.c0reteam.audiotest/org.c0reteam.audiotest.AudioTest}' spent 4116.7ms processing the last input event: MotionEvent(deviceId=7, source=0x00001002, action=1, actionButton=0x00000000, flags=0x00000000, metaState=0x00000000, buttonState=0x00000000, edgeFlags=0x00000000, xPrecision=1.0, yPrecision=1.0, displayId=0, pointers=[0: (972.0, 1648.0)]), policyFlags=0x62000000
06-15 19:57:39.485   934  2906 I InputDispatcher: Window 'Window{4b32796 u0 org.c0reteam.audiotest/org.c0reteam.audiotest.AudioTest}' spent 4117.8ms processing the last input event: MotionEvent(deviceId=7, source=0x00001002, action=0, actionButton=0x00000000, flags=0x00000000, metaState=0x00000000, buttonState=0x00000000, edgeFlags=0x00000000, xPrecision=1.0, yPrecision=1.0, displayId=0, pointers=[0: (973.0, 1644.0)]), policyFlags=0x62000000
06-15 19:57:39.485   934  2906 I InputDispatcher: Window 'Window{4b32796 u0 org.c0reteam.audiotest/org.c0reteam.audiotest.AudioTest}' spent 4118.2ms processing the last input event: MotionEvent(deviceId=7, source=0x00001002, action=1, actionButton=0x00000000, flags=0x00000000, metaState=0x00000000, buttonState=0x00000000, edgeFlags=0x00000000, xPrecision=1.0, yPrecision=1.0, displayId=0, pointers=[0: (973.0, 1644.0)]), policyFlags=0x62000000
06-15 19:57:39.486   934  2906 I InputDispatcher: Window 'Window{4b32796 u0 org.c0reteam.audiotest/org.c0reteam.audiotest.AudioTest}' spent 4118.8ms processing the last input event: MotionEvent(deviceId=7, source=0x00001002, action=0, actionButton=0x00000000, flags=0x00000000, metaState=0x00000000, buttonState=0x00000000, edgeFlags=0x00000000, xPrecision=1.0, yPrecision=1.0, displayId=0, pointers=[0: (972.0, 1654.0)]), policyFlags=0x62000000
06-15 19:57:39.486   934  2906 I InputDispatcher: Window 'Window{4b32796 u0 org.c0reteam.audiotest/org.c0reteam.audiotest.AudioTest}' spent 4119.0ms processing the last input event: MotionEvent(deviceId=7, source=0x00001002, action=1, actionButton=0x00000000, flags=0x00000000, metaState=0x00000000, buttonState=0x00000000, edgeFlags=0x00000000, xPrecision=1.0, yPrecision=1.0, displayId=0, pointers=[0: (972.0, 1654.0)]), policyFlags=0x62000000
06-15 19:57:39.487   934  2906 I InputDispatcher: Window 'Window{4b32796 u0 org.c0reteam.audiotest/org.c0reteam.audiotest.AudioTest}' spent 4119.6ms processing the last input event: MotionEvent(deviceId=7, source=0x00001002, action=0, actionButton=0x00000000, flags=0x00000000, metaState=0x00000000, buttonState=0x00000000, edgeFlags=0x00000000, xPrecision=1.0, yPrecision=1.0, displayId=0, pointers=[0: (962.0, 1641.0)]), policyFlags=0x62000000
06-15 19:57:39.487   934  2906 I InputDispatcher: Window 'Window{4b32796 u0 org.c0reteam.audiotest/org.c0reteam.audiotest.AudioTest}' spent 4073.6ms processing the last input event: MotionEvent(deviceId=7, source=0x00001002, action=1, actionButton=0x00000000, flags=0x00000000, metaState=0x00000000, buttonState=0x00000000, edgeFlags=0x00000000, xPrecision=1.0, yPrecision=1.0, displayId=0, pointers=[0: (962.0, 1641.0)]), policyFlags=0x62000000
06-15 19:57:39.488   934  2906 I InputDispatcher: Window 'Window{4b32796 u0 org.c0reteam.audiotest/org.c0reteam.audiotest.AudioTest}' spent 3973.8ms processing the last input event: MotionEvent(deviceId=7, source=0x00001002, action=0, actionButton=0x00000000, flags=0x00000000, metaState=0x00000000, buttonState=0x00000000, edgeFlags=0x00000000, xPrecision=1.0, yPrecision=1.0, displayId=0, pointers=[0: (974.0, 1648.0)]), policyFlags=0x62000000
06-15 19:57:39.488   934  2906 I InputDispatcher: Window 'Window{4b32796 u0 org.c0reteam.audiotest/org.c0reteam.audiotest.AudioTest}' spent 3866.9ms processing the last input event: MotionEvent(deviceId=7, source=0x00001002, action=1, actionButton=0x00000000, flags=0x00000000, metaState=0x00000000, buttonState=0x00000000, edgeFlags=0x00000000, xPrecision=1.0, yPrecision=1.0, displayId=0, pointers=[0: (974.0, 1648.0)]), policyFlags=0x62000000
06-15 19:57:39.489   934  2906 I InputDispatcher: Window 'Window{4b32796 u0 org.c0reteam.audiotest/org.c0reteam.audiotest.AudioTest}' spent 3742.5ms processing the last input event: MotionEvent(deviceId=7, source=0x00001002, action=0, actionButton=0x00000000, flags=0x00000000, metaState=0x00000000, buttonState=0x00000000, edgeFlags=0x00000000, xPrecision=1.0, yPrecision=1.0, displayId=0, pointers=[0: (978.0, 1635.0)]), policyFlags=0x62000000
06-15 19:57:39.489   934  2906 I InputDispatcher: Window 'Window{4b32796 u0 org.c0reteam.audiotest/org.c0reteam.audiotest.AudioTest}' spent 3660.4ms processing the last input event: MotionEvent(deviceId=7, source=0x00001002, action=1, actionButton=0x00000000, flags=0x00000000, metaState=0x00000000, buttonState=0x00000000, edgeFlags=0x00000000, xPrecision=1.0, yPrecision=1.0, displayId=0, pointers=[0: (978.0, 1635.0)]), policyFlags=0x62000000
06-15 19:57:39.491 26022 26022 D path=   : /data/user/0/org.c0reteam.audiotest/files/poc
06-15 19:57:39.491 26022 26022 D cmd=    : chmod 755 /data/user/0/org.c0reteam.audiotest/files/poc
06-15 19:57:39.510 26246 26246 I         : sMaxFastTracks = 8
06-15 19:57:39.511 26246 26246 I audioserver: ServiceManager: 0xed919420
06-15 19:57:39.513 26246 26246 I AudioFlinger: Using 300 mSec as standby time.
06-15 19:57:39.514 26246 26246 I AudioPolicyService: AudioPolicyService CSTOR in new mode
06-15 19:57:39.514 26022 26022 D exec return :
06-15 19:57:39.514 26022 26022 D cmd=    : /data/user/0/org.c0reteam.audiotest/files/poc
06-15 19:57:39.522 26246 26246 D audio_hw_primary: adev_open: enter
06-15 19:57:39.541 26246 26246 I audio_hw_extn: audio_extn_set_snd_card_split: snd_card_name(msm8994-tomtom-snd-card) device(msm8994) snd_card(tomtom) form_factor(snd)
06-15 19:57:39.541 26246 26246 D msm8974_platform: platform_add_operator_specific_device: device[voice-dmic-ef] -> operator[verizon] mixer_path[voice-dmic-ef-vzwusc] acdb_id[130]
06-15 19:57:39.542 26246 26246 D msm8974_platform: platform_add_operator_specific_device: device[voice-dmic-ef] -> operator[uscellular] mixer_path[voice-dmic-ef-vzwusc] acdb_id[130]
06-15 19:57:39.542 26246 26246 D msm8974_platform: platform_add_operator_specific_device: device[voice-handset] -> operator[verizon] mixer_path[voice-handset-vzwusc] acdb_id[131]
06-15 19:57:39.542 26246 26246 D msm8974_platform: platform_add_operator_specific_device: device[voice-handset] -> operator[uscellular] mixer_path[voice-handset-vzwusc] acdb_id[131]
06-15 19:57:39.542 26246 26246 D msm8974_platform: platform_add_operator_specific_device: device[voice-headset-mic] -> operator[verizon] mixer_path[voice-headset-mic-vzwusc] acdb_id[132]
06-15 19:57:39.542 26246 26246 D msm8974_platform: platform_add_operator_specific_device: device[voice-headset-mic] -> operator[uscellular] mixer_path[voice-headset-mic-vzwusc] acdb_id[132]
06-15 19:57:39.542 26246 26246 D msm8974_platform: platform_add_operator_specific_device: device[voice-headphones] -> operator[verizon] mixer_path[voice-headphones-vzwusc] acdb_id[133]
06-15 19:57:39.542 26246 26246 D msm8974_platform: platform_add_operator_specific_device: device[voice-headphones] -> operator[uscellular] mixer_path[voice-headphones-vzwusc] acdb_id[133]
06-15 19:57:39.542 26246 26246 I msm8974_platform: platform_init: found sound card msm8994-tomtom-snd-card, primary sound card expeted is msm8994-tomtom-snd-card
06-15 19:57:39.542 26246 26246 D msm8974_platform: platform_init: Loading mixer file: /system/etc/mixer_paths.xml
06-15 19:57:39.579 26255 26255 I         : fuzzIAudioPolicyService
06-15 19:57:39.579 26255 26255 I ServiceManager: Waiting for service media.audio_policy...
06-15 19:57:39.600 26246 26246 E audio_route: Control 'MultiMedia4 Mixer MI2S_TX' doesn't exist - skipping
06-15 19:57:39.600 26246 26246 E audio_route: Control 'MultiMedia7 Mixer MI2S_TX' doesn't exist - skipping
06-15 19:57:39.600 26246 26246 E audio_route: Control 'MultiMedia10 Mixer MI2S_TX' doesn't exist - skipping
06-15 19:57:39.601 26246 26246 E audio_route: Control 'MultiMedia11 Mixer MI2S_TX' doesn't exist - skipping
06-15 19:57:39.601 26246 26246 E audio_route: Control 'MultiMedia12 Mixer MI2S_TX' doesn't exist - skipping
06-15 19:57:39.601 26246 26246 E audio_route: Control 'MultiMedia13 Mixer MI2S_TX' doesn't exist - skipping
06-15 19:57:39.601 26246 26246 E audio_route: Control 'MultiMedia14 Mixer MI2S_TX' doesn't exist - skipping
06-15 19:57:39.601 26246 26246 E audio_route: Control 'MultiMedia15 Mixer MI2S_TX' doesn't exist - skipping
06-15 19:57:39.601 26246 26246 E audio_route: Control 'MultiMedia16 Mixer MI2S_TX' doesn't exist - skipping
06-15 19:57:39.603 26246 26246 E audio_route: Control 'RX4 DSM MUX' doesn't exist - skipping
06-15 19:57:39.603 26246 26246 E audio_route: Control 'RX6 DSM MUX' doesn't exist - skipping
06-15 19:57:39.603 26246 26246 E audio_route: Control 'AFE_PCM_RX Port Mixer PRI_MI2S_TX' doesn't exist - skipping
06-15 19:57:39.603 26246 26246 E audio_route: unknown enum value string QUAT_MI2S_RX for ctl AUDIO_REF_EC_UL1 MUX
06-15 19:57:39.603 26246 26246 E audio_route: unknown enum value string SEC_AUX_PCM_RX for ctl AUDIO_REF_EC_UL1 MUX
06-15 19:57:39.605 26246 26246 E audio_route: Control 'MultiMedia8 Mixer SEC_AUX_PCM_UL_TX' doesn't exist - skipping
06-15 19:57:39.606 26246 26246 E audio_route: Control 'MultiMedia5 Mixer PRI_MI2S_TX' doesn't exist - skipping
06-15 19:57:39.612 26246 26246 E audio_route: Control 'HPHR DAC Switch' doesn't exist - skipping
06-15 19:57:39.615 26246 26246 D msm8974_platform: platform_init: Opened sound card:0
06-15 19:57:39.618 26246 26246 E msm8974_platform: platform_init: Could not find the symbol acdb_get_default_app_type from libacdbloader.so
06-15 19:57:39.625 26246 26246 E MCS-RT-CTL: Can't open the configuration file /system/etc/aanc_tuning_mixer.txt.
06-15 19:57:39.625 26246 26246 E ACDB-MCS: acdb_mcs_init: MCS routing control initialization failed.
06-15 19:57:39.631 26246 26246 D audio_hw_spkr_prot: audio_extn_spkr_prot_init: Initialize speaker protection module
06-15 19:57:39.632 26246 26246 I Thermal-Lib: Thermal-Lib-Client: Registraion successful for spkr with handle:1
06-15 19:57:39.632 26246 26246 D audio_hw_spkr_prot: audio_extn_spkr_prot_init: spkr_prot thermal_client_register_callback success
06-15 19:57:39.632 26246 26246 D audio_hw_spkr_prot: audio_extn_spkr_prot_init: Create calibration thread
06-15 19:57:39.632 26246 26246 D hardware_cal: hw_util_open: Opening device /dev/snd/hwC0D1000
06-15 19:57:39.632 26246 26246 D hardware_cal: hw_util_open: success
06-15 19:57:39.632 26246 26246 D hardware_cal: send_codec_cal cal sent for anc_cal
06-15 19:57:39.632   541   631 I ThermalEngine: Thermal-Server: Adding thermal event listener on fd 52
06-15 19:57:39.632 26246 26246 E ACDB-LOADER: ACDB -> send_codec_cal
06-15 19:57:39.632 26246 26246 E ACDB-LOADER: ACDB -> ACDB_CMD_GET_CODEC_CAL_DATA
06-15 19:57:39.632 26246 26246 D hardware_cal: send_codec_cal cal sent for mad_cal
06-15 19:57:39.632 26246 26246 D hardware_cal: send_codec_cal cal sent for mbhc_cal
06-15 19:57:39.632 26246 26258 D audio_hw_spkr_prot: spkr_prot_thread enable prot Entry
06-15 19:57:39.632 26246 26258 D audio_hw_spkr_prot: set_spkr_prot_cal: quick calibration disabled
06-15 19:57:39.633 26246 26246 E ext_speaker: open_speaker_bundle: DLOPEN failed for /system/lib/soundfx/libspeakerbundle.so
06-15 19:57:39.633 26246 26257 I Thermal-Lib: Thermal-Lib-Client: Client received msg camera 0
06-15 19:57:39.633 26246 26257 E Thermal-Lib: Thermal-Lib-Client: No Callback registered for camera
06-15 19:57:39.633 26246 26257 I Thermal-Lib: Thermal-Lib-Client: Client received msg camcorder 0
06-15 19:57:39.633 26246 26257 E Thermal-Lib: Thermal-Lib-Client: No Callback registered for camcorder
06-15 19:57:39.633 26246 26258 D audio_hw_spkr_prot: spkr_calibration_thread: wait for callback from thermal daemon
06-15 19:57:39.634   541   631 I ThermalEngine: Thermal-Server: Thermal received msg from  spkr
06-15 19:57:39.634   541   631 E ThermalEngine: Thermal-Server: No clients are connected for spkr
06-15 19:57:39.634 26246 26259 I Thermal-Lib: Thermal-Lib-Client: Client request sent
06-15 19:57:39.636 26246 26246 E msm8974_platform: platform_get_default_app_type_v2: Not implemented
06-15 19:57:39.636 26246 26246 D audio_hw_extn: audio_extn_perf_lock_init: Perf lock handles Success
06-15 19:57:39.636 26246 26246 D audio_hw_primary: adev_open: exit
06-15 19:57:39.636 26246 26246 I AudioFlinger: loadHwModule() Loaded primary audio interface from QCOM Audio HAL (audio) handle 10
06-15 19:57:39.636 26246 26246 I AudioFlinger: openOutput(), module 10 Device 2, SamplingRate 48000, Format 0x000001, Channels 3, flags 6
06-15 19:57:39.637 26246 26246 I AudioFlinger: HAL output buffer size 192 frames, normal sink buffer size 960 frames
06-15 19:57:39.640 26246 26246 D volume_listener: init_once Called
06-15 19:57:39.640 26246 26246 D msm8974_platform: platform_get_gain_level_mapping: empty or currupted gain_mapping_table
06-15 19:57:39.640 26246 26246 D volume_listener: init_once: using default volume table
06-15 19:57:39.640 26246 26246 I BufferProvider: found effect "Downmixer" from Fraunhofer IIS
06-15 19:57:39.641 26246 26246 I AudioFlinger: Using module 10 has the primary audio interface
06-15 19:57:39.641 26246 26261 I AudioFlinger: AudioFlinger's thread 0xecb83800 ready to run
06-15 19:57:39.642 26246 26261 D audio_hw_primary: out_set_parameters: enter: usecase(1: low-latency-playback) kvpairs: routing=2
06-15 19:57:39.642 26246 26261 W AudioFlinger: no wake lock to update, system not ready yet
06-15 19:57:39.643 26246 26246 I AudioFlinger: openOutput(), module 10 Device 2, SamplingRate 48000, Format 0x000001, Channels 3, flags 104
06-15 19:57:39.643 26246 26246 I AudioFlinger: HAL output buffer size 192 frames, normal sink buffer size 960 frames
06-15 19:57:39.644 26246 26263 I AudioFlinger: AudioFlinger's thread 0xec803600 ready to run
06-15 19:57:39.644 26246 26263 D audio_hw_primary: out_set_parameters: enter: usecase(5: audio-ull-playback) kvpairs: routing=2
06-15 19:57:39.644 26246 26263 W AudioFlinger: no wake lock to update, system not ready yet
06-15 19:57:39.645 26246 26246 I AudioFlinger: openOutput(), module 10 Device 2, SamplingRate 48000, Format 0x000001, Channels 3, flags 8
06-15 19:57:39.645 26246 26246 I AudioFlinger: HAL output buffer size 1920 frames, normal sink buffer size 1920 frames
06-15 19:57:39.645 26246 26264 I AudioFlinger: AudioFlinger's thread 0xec503f80 ready to run
06-15 19:57:39.645 26246 26264 D audio_hw_primary: out_set_parameters: enter: usecase(0: deep-buffer-playback) kvpairs: routing=2
06-15 19:57:39.645 26246 26264 W AudioFlinger: no wake lock to update, system not ready yet
06-15 19:57:39.646 26246 26246 I AudioFlinger: openOutput(), module 10 Device 10000, SamplingRate 48000, Format 0x000001, Channels 3, flags 0
06-15 19:57:39.646 26246 26246 I AudioFlinger: HAL output buffer size 768 frames, normal sink buffer size 1152 frames
06-15 19:57:39.646 26246 26266 I AudioFlinger: AudioFlinger's thread 0xec383bc0 ready to run
06-15 19:57:39.646 26246 26266 D audio_hw_primary: out_set_parameters: enter: usecase(22: afe-proxy-playback) kvpairs: routing=65536
06-15 19:57:39.647 26246 26266 W AudioFlinger: no wake lock to update, system not ready yet
06-15 19:57:39.648 26246 26267 I AudioFlinger: AudioFlinger's thread 0xec083ac0 ready to run
06-15 19:57:39.648 26246 26268 I AudioFlinger: AudioFlinger's thread 0xec003300 ready to run
06-15 19:57:39.648 26246 26269 I AudioFlinger: AudioFlinger's thread 0xebf83e00 ready to run
06-15 19:57:39.649 26246 26246 I bt_a2dp_hw: adev_open:  adev_open in A2dp_hw module
06-15 19:57:39.649 26246 26246 I AudioFlinger: loadHwModule() Loaded a2dp audio interface from A2DP Audio HW HAL (audio) handle 18
06-15 19:57:39.650 26246 26246 I AudioFlinger: loadHwModule() Loaded usb audio interface from USB audio HW HAL (audio) handle 26
06-15 19:57:39.650 26246 26246 I r_submix: adev_open(name=audio_hw_if)
06-15 19:57:39.650 26246 26246 I r_submix: adev_init_check()
06-15 19:57:39.650 26246 26246 I AudioFlinger: loadHwModule() Loaded r_submix audio interface from Wifi Display audio HAL (audio) handle 34
06-15 19:57:39.651 26246 26246 D r_submix: adev_open_input_stream(addr=0)
06-15 19:57:39.651 26246 26246 D r_submix: submix_audio_device_create_pipe_l(addr=0, idx=9)
06-15 19:57:39.651 26246 26246 D r_submix:   now using address 0 for route 9
06-15 19:57:39.651 26246 26270 I AudioFlinger: AudioFlinger's thread 0xebf038c0 ready to run
06-15 19:57:39.651 26246 26246 D r_submix: adev_close_input_stream()
06-15 19:57:39.651 26246 26246 D r_submix: submix_audio_device_release_pipe_l(idx=9) addr=0
06-15 19:57:39.651 26246 26246 D r_submix: submix_audio_device_destroy_pipe_l(): pipe destroyed
06-15 19:57:39.652 26246 26246 I RadioService: RadioService
06-15 19:57:39.652 26246 26246 I RadioService: onFirstRef
06-15 19:57:39.652 26246 26246 E RadioService: couldn't load radio module radio.primary (No such file or directory)
06-15 19:57:39.653 26246 26246 D sound_trigger_hw: stdev_open: Enter
06-15 19:57:39.653 26246 26246 I sound_trigger_platform: platform_stdev_init: Enter
06-15 19:57:39.728 26246 26246 I sound_trigger_platform: platform_stdev_init: acdb_init: msm8994-tomtom-snd-card
06-15 19:57:39.728 26246 26246 D sound_trigger_platform: platform_stdev_init Opening device /dev/snd/hwC0D1000
06-15 19:57:39.728 26246 26246 W sound_trigger_platform: platform_stdev_init: dlopen failed for libsmwrapper.so
06-15 19:57:39.729 26246 26246 I sound_trigger_hw: stdev_get_properties
06-15 19:57:39.729 26246 26246 I SoundTriggerHwService: loaded default module Sound Trigger HAL, handle 1
06-15 19:57:39.860   934  2994 W AudioSystem: AudioPolicyService server died!
06-15 19:57:39.861   934  2994 W AudioSystem: AudioPolicyService server died!
06-15 19:57:39.898  3795  4155 W GCoreFlp: No location to return for getLastLocation()
06-15 19:57:39.898  3795  4156 W FusedLocationProvider: location=null
06-15 19:57:40.363 26246 26266 W AudioFlinger: no wake lock to update, system not ready yet
06-15 19:57:40.364 26246 26261 W AudioFlinger: no wake lock to update, system not ready yet
06-15 19:57:40.364 26246 26263 W AudioFlinger: no wake lock to update, system not ready yet
06-15 19:57:40.365   934  2948 E AudioService: Audioserver started.
06-15 19:57:40.365 26246 26277 I AudioFlinger: systemReady
06-15 19:57:40.366 26246 26264 W AudioFlinger: no wake lock to update, system not ready yet
06-15 19:57:40.367   934  3009 W AudioTrack: dead IAudioTrack, PCM, creating a new one from start()
06-15 19:57:40.369 26246 26277 D PermissionCache: checking android.permission.MODIFY_AUDIO_SETTINGS for uid=1000 => granted (1675 us)
06-15 19:57:40.580 26255 26255 D         : InterfaceDescriptor is a
06-15 19:57:40.582 26246 26282 D PermissionCache: checking android.permission.MODIFY_AUDIO_SETTINGS for uid=10197 => granted (645 us)
06-15 19:57:40.597 26246 26261 E AudioFlinger: no wake lock to update, but system ready!
06-15 19:57:40.597 26246 26277 W APM::AudioPolicyEngine: setPhoneState() setting same state 0
06-15 19:57:40.597 26246 26277 W APM_AudioPolicyManager: setPhoneState() invalid or same state 0
06-15 19:57:40.599 26246 26261 D audio_hw_primary: select_devices: changing use case low-latency-playback output device from(0: none, acdb -1) to (2: speaker, acdb 14)
06-15 19:57:40.599 26246 26282 F libc    : Fatal signal 11 (SIGSEGV), code 1, fault addr 0x0 in tid 26282 (Binder:26246_5)
06-15 19:57:40.600   379   379 W         : debuggerd: handling request: pid=26246 uid=1041 gid=1005 tid=26282
06-15 19:57:40.605 26246 26261 D audio_hw_primary: enable_snd_device: snd_device(78: vi-feedback)
06-15 19:57:40.606 26246 26261 D audio_hw_primary: enable_audio_route: usecase(21) apply and update mixer path: spkr-vi-record
06-15 19:57:40.673 26283 26283 F DEBUG   : *** *** *** *** *** *** *** *** *** *** *** *** *** *** *** ***
06-15 19:57:40.674 26283 26283 F DEBUG   : Build fingerprint: 'google/bullhead/bullhead:7.1.2/N2G48C/4104010:userdebug/dev-keys'
06-15 19:57:40.674 26283 26283 F DEBUG   : Revision: 'rev_1.0'
06-15 19:57:40.674 26283 26283 F DEBUG   : ABI: 'arm'
06-15 19:57:40.674 26283 26283 F DEBUG   : pid: 26246, tid: 26282, name: Binder:26246_5  >>> /system/bin/audioserver <<<
06-15 19:57:40.674 26283 26283 F DEBUG   : signal 11 (SIGSEGV), code 1 (SEGV_MAPERR), fault addr 0x0
06-15 19:57:40.674 26283 26283 F DEBUG   :     r0 00000000  r1 00000000  r2 0000005f  r3 00000000
06-15 19:57:40.674 26283 26283 F DEBUG   :     r4 ffffffff  r5 00000000  r6 eb750000  r7 00000001
06-15 19:57:40.674 26283 26283 F DEBUG   :     r8 00000004  r9 ed953114  sl ed913900  fp 00000000
06-15 19:57:40.674 26283 26283 F DEBUG   :     ip eda8bd88  sp eb4fd9c8  lr eda53bc5  pc eda1caf4  cpsr 60000030
06-15 19:57:40.679 26283 26283 F DEBUG   :
06-15 19:57:40.679 26283 26283 F DEBUG   : backtrace:
06-15 19:57:40.679 26283 26283 F DEBUG   :     #00 pc 00018af4  /system/lib/libc.so (strlen+71)
06-15 19:57:40.679 26283 26283 F DEBUG   :     #01 pc 0004fbc1  /system/lib/libc.so (__strlen_chk+4)
06-15 19:57:40.679 26283 26283 F DEBUG   :     #02 pc 0000c599  /system/lib/libutils.so (_ZN7android7String8C2EPKc+12)
06-15 19:57:40.679 26283 26283 F DEBUG   :     #03 pc 0002fdbf  /system/lib/libaudiopolicymanagerdefault.so (_ZNK7android18HwModuleCollection19getDeviceDescriptorEjPKcS2_b+458)
06-15 19:57:40.679 26283 26283 F DEBUG   :     #04 pc 0001de47  /system/lib/libaudiopolicymanagerdefault.so (_ZN7android18AudioPolicyManager27setDeviceConnectionStateIntEj24audio_policy_dev_state_tPKcS3_+178)
06-15 19:57:40.679 26283 26283 F DEBUG   :     #05 pc 0000a009  /system/lib/libaudiopolicyservice.so
06-15 19:57:40.680 26283 26283 F DEBUG   :     #06 pc 000a01a5  /system/lib/libmedia.so (_ZN7android20BnAudioPolicyService10onTransactEjRKNS_6ParcelEPS1_j+1256)
06-15 19:57:40.680 26283 26283 F DEBUG   :     #07 pc 000359c3  /system/lib/libbinder.so (_ZN7android7BBinder8transactEjRKNS_6ParcelEPS1_j+70)
06-15 19:57:40.680 26283 26283 F DEBUG   :     #08 pc 0003d1bb  /system/lib/libbinder.so (_ZN7android14IPCThreadState14executeCommandEi+702)
06-15 19:57:40.680 26283 26283 F DEBUG   :     #09 pc 0003ce07  /system/lib/libbinder.so (_ZN7android14IPCThreadState20getAndExecuteCommandEv+114)
06-15 19:57:40.680 26283 26283 F DEBUG   :     #10 pc 0003d31b  /system/lib/libbinder.so (_ZN7android14IPCThreadState14joinThreadPoolEb+46)
06-15 19:57:40.680 26283 26283 F DEBUG   :     #11 pc 0004f8c5  /system/lib/libbinder.so
06-15 19:57:40.680 26283 26283 F DEBUG   :     #12 pc 0000e345  /system/lib/libutils.so (_ZN7android6Thread11_threadLoopEPv+140)
06-15 19:57:40.680 26283 26283 F DEBUG   :     #13 pc 000470b3  /system/lib/libc.so (_ZL15__pthread_startPv+22)
06-15 19:57:40.680 26283 26283 F DEBUG   :     #14 pc 00019e3d  /system/lib/libc.so (__start_thread+6)
06-15 19:57:40.882   934  2991 W NativeCrashListener: Couldn't find ProcessRecord for pid 26246
06-15 19:57:40.889   934   952 I BootReceiver: Copying /data/tombstones/tombstone_03 to DropBox (SYSTEM_TOMBSTONE)
06-15 19:57:40.889   379   379 W         : debuggerd: resuming target 26246
06-15 19:57:40.893   934  3009 W IAudioTrack: start() error: Broken pipe
06-15 19:57:40.894   934  3009 W AudioTrack: restoreTrack_l() failed status -32
06-15 19:57:40.894   934  3009 E AudioTrack: start() status -32
06-15 19:57:40.895   934  3931 W AudioSystem: AudioFlinger server died!
06-15 19:57:40.895   934   971 W AudioSystem: AudioPolicyService server died!
06-15 19:57:40.895   414   414 I ServiceManager: service 'media.sound_trigger_hw' died
06-15 19:57:40.895   934   971 W AudioSystem: AudioPolicyService server died!
06-15 19:57:40.895   414   414 I ServiceManager: service 'media.radio' died
06-15 19:57:40.895   934   971 W AudioSystem: AudioPolicyService server died!
06-15 19:57:40.895   414   414 I ServiceManager: service 'media.audio_flinger' died
06-15 19:57:40.895   934   971 W AudioSystem: AudioPolicyService server died!
06-15 19:57:40.895   414   414 I ServiceManager: service 'media.audio_policy' died
06-15 19:57:40.897   934  2948 I ServiceManager: Waiting for service media.audio_flinger...
06-15 19:57:40.897   934   934 I ServiceManager: Waiting for service media.audio_policy...
06-15 19:57:40.898   541   631 I ThermalEngine: Thermal-Server: removing client on fd 52
06-15 19:57:40.902   934 28743 W AudioTrack: dead IAudioTrack, PCM, creating a new one from processAudioBuffer()
06-15 19:57:40.916 26022 26022 D path=   : /data/user/0/org.c0reteam.audiotest/files/poc
06-15 19:57:40.916 26022 26022 D cmd=    : chmod 755 /data/user/0/org.c0reteam.audiotest/files/poc
06-15 19:57:40.934 26022 26022 D exec return :
06-15 19:57:40.934 26022 26022 D cmd=    : /data/user/0/org.c0reteam.audiotest/files/poc
06-15 19:57:40.938   934 31329 W AudioTrack: dead IAudioTrack, PCM, creating a new one from processAudioBuffer()
06-15 19:57:41.007 26292 26292 I         : fuzzIAudioPolicyService
06-15 19:57:41.008 26292 26292 I ServiceManager: Waiting for service media.audio_policy...
--------- beginning of main
09-23 01:55:32.198   156   156 W auditd  : type=2000 audit(0.0:1): initialized
09-23 01:55:33.872   156   156 I auditd  : type=1403 audit(0.0:2): policy loaded auid=4294967295 ses=4294967295
09-23 01:55:33.872   156   156 W auditd  : type=1404 audit(0.0:3): enforcing=1 old_enforcing=0 auid=4294967295 ses=4294967295
09-23 01:55:34.998   166   166 I         : debuggerd: starting
09-23 01:55:35.041   165   165 I         : debuggerd: starting
--------- beginning of system
09-23 01:55:35.048   167   167 I vold    : Vold 3.0 (the awakening) firing up
09-23 01:55:35.049   167   167 V vold    : Detected support for: ext4 vfat
09-23 01:55:35.060   167   174 D vold    : e4crypt_init_user0
09-23 01:55:35.061   167   174 D vold    : e4crypt_prepare_user_storage for volume null, user 0, serial 0, flags 1
09-23 01:55:35.061   167   174 D vold    : Preparing: /data/system/users/0
09-23 01:55:35.061   167   174 D vold    : Preparing: /data/misc/profiles/cur/0
09-23 01:55:35.061   167   174 D vold    : Preparing: /data/misc/profiles/cur/0/foreign-dex
09-23 01:55:35.061   167   174 D vold    : Preparing: /data/system_de/0
09-23 01:55:35.061   167   174 D vold    : Preparing: /data/misc_de/0
09-23 01:55:35.061   167   174 D vold    : Preparing: /data/user_de/0
09-23 01:55:35.061   167   174 D vold    : e4crypt_unlock_user_key 0 serial=0 token_present=0
09-23 01:55:35.062   167   174 E vold    : Failed to chmod /data/system_ce/0: No such file or directory
09-23 01:55:35.062   167   174 E vold    : Failed to chmod /data/misc_ce/0: No such file or directory
09-23 01:55:35.062   167   174 E vold    : Failed to chmod /data/media/0: No such file or directory
09-23 01:55:35.062     1     1 I vdc     : 200 168 Command succeeded
09-23 01:55:35.073   175   175 I /system/bin/tzdatacheck: tzdata file /data/misc/zoneinfo/current/tzdata does not exist. No action required.
09-23 01:55:35.117   167   174 D VoldCryptCmdListener: cryptfs mountdefaultencrypted
09-23 01:55:35.118   182   182 I lowmemorykiller: Using in-kernel low memory killer interface
09-23 01:55:35.120   167   191 I Cryptfs : cryptfs_check_passwd
09-23 01:55:35.121   167   191 D Cryptfs : crypt_ftr->fs_size = 51869696
09-23 01:55:35.121   167   191 I Cryptfs : Using scrypt with keymaster for cryptfs KDF
09-23 01:55:35.155   184   184 I SurfaceFlinger: SurfaceFlinger is starting
09-23 01:55:35.155   184   184 I SurfaceFlinger: SurfaceFlinger's main thread ready to run. Initializing graphics H/W...
09-23 01:55:35.173   184   184 D libEGL  : loaded /vendor/lib64/egl/libEGL_tegra.so
09-23 01:55:35.206   184   184 D libEGL  : loaded /vendor/lib64/egl/libGLESv1_CM_tegra.so
09-23 01:55:35.221   184   184 D libEGL  : loaded /vendor/lib64/egl/libGLESv2_tegra.so
09-23 01:55:35.231   184   184 D NvOsDebugPrintf: NvRmPrivGetChipPlatform: Could not read platform information
09-23 01:55:35.231   184   184 D NvOsDebugPrintf: Expected on kernels without fuse support, using silicon
09-23 01:55:35.265   184   184 E hwc-drm-plane: Could not get rotation property
09-23 01:55:35.265   184   184 I hwc-drm-plane: Could not get alpha property
09-23 01:55:35.267   184   184 I SurfaceFlinger: Using composer version 1.4
09-23 01:55:35.267   184   200 W hwc-gl-worker: EGL_ANDROID_native_fence_sync extension not supported
09-23 01:55:35.267   184   184 E hwcomposer-drm: Failed to get connector for display 1
09-23 01:55:35.382   184   184 W SurfaceFlinger: no suitable EGLConfig found, trying a simpler query
09-23 01:55:35.382   184   184 I SurfaceFlinger: EGL information:
09-23 01:55:35.382   184   184 I SurfaceFlinger: vendor    : Android
09-23 01:55:35.382   184   184 I SurfaceFlinger: version   : 1.4 Android META-EGL
09-23 01:55:35.382   184   184 I SurfaceFlinger: extensions: EGL_KHR_get_all_proc_addresses EGL_ANDROID_presentation_time EGL_KHR_swap_buffers_with_damage EGL_ANDROID_create_native_client_buffer EGL_ANDROID_front_buffer_auto_refresh EGL_KHR_image EGL_KHR_image_base EGL_KHR_gl_texture_2D_image EGL_KHR_gl_texture_cubemap_image EGL_KHR_gl_renderbuffer_image EGL_KHR_reusable_sync EGL_KHR_fence_sync EGL_KHR_create_context EGL_KHR_config_attribs EGL_KHR_surfaceless_context EGL_EXT_create_context_robustness EGL_NV_system_time EGL_ANDROID_image_native_buffer EGL_KHR_wait_sync EGL_ANDROID_recordable EGL_KHR_partial_update EGL_EXT_buffer_age EGL_KHR_create_context_no_error EGL_KHR_mutable_render_buffer
09-23 01:55:35.382   184   184 I SurfaceFlinger: Client API: OpenGL_ES
09-23 01:55:35.382   184   184 I SurfaceFlinger: EGLSurface: 8-8-8-8, config=0xcaf32c
09-23 01:55:35.478   184   184 I SurfaceFlinger: OpenGL ES informations:
09-23 01:55:35.478   184   184 I SurfaceFlinger: vendor    : NVIDIA Corporation
09-23 01:55:35.478   184   184 I SurfaceFlinger: renderer  : NVIDIA Tegra
09-23 01:55:35.478   184   184 I SurfaceFlinger: version   : OpenGL ES 3.2 NVIDIA 361.00
09-23 01:55:35.478   184   184 I SurfaceFlinger: extensions: GL_EXT_debug_marker GL_EXT_base_instance GL_EXT_blend_func_extended GL_EXT_blend_minmax GL_EXT_buffer_storage GL_EXT_color_buffer_float GL_EXT_color_buffer_half_float GL_EXT_copy_image GL_EXT_debug_label GL_EXT_discard_framebuffer GL_EXT_disjoint_timer_query GL_EXT_draw_buffers_indexed GL_EXT_draw_elements_base_vertex GL_EXT_float_blend GL_EXT_frag_depth GL_EXT_geometry_point_size GL_EXT_geometry_shader GL_EXT_gpu_shader5 GL_EXT_map_buffer_range GL_EXT_multi_draw_indirect GL_EXT_multisample_compatibility GL_EXT_occlusion_query_boolean GL_EXT_post_depth_coverage GL_EXT_primitive_bounding_box GL_EXT_raster_multisample GL_EXT_render_snorm GL_EXT_robustness GL_EXT_separate_shader_objects GL_EXT_shader_implicit_conversions GL_EXT_shader_integer_mix GL_EXT_shader_io_blocks GL_EXT_shader_non_constant_global_initializers GL_EXT_shader_texture_lod GL_EXT_shadow_samplers GL_EXT_sparse_texture GL_EXT_sparse_texture2 GL_EXT_sRGB GL_EXT_sRGB_write_control GL_EXT_tessellation_point_size GL_EXT_tessellation_sha
09-23 01:55:35.478   184   184 I SurfaceFlinger: GL_MAX_TEXTURE_SIZE = 16384
09-23 01:55:35.478   184   184 I SurfaceFlinger: GL_MAX_VIEWPORT_DIMS = 16384
09-23 01:55:35.498   184   200 E hwc-drm-display-compositor: Create blob_id 27
09-23 01:55:35.583   167   191 I Cryptfs : keymaster module name is TLK Keymaster1 HAL
09-23 01:55:35.583   167   191 I Cryptfs : keymaster version is 256
09-23 01:55:35.583   167   191 I Cryptfs : Found keymaster1 module, using keymaster1 API.
09-23 01:55:35.583   167   191 I TLKKeymaster: Creating device
09-23 01:55:35.583   167   191 I TLKKeymaster: Sending 0 byte request
09-23 01:55:35.583   167   191 D TLKKeymaster: Received tlk_call, cmd: 7, in_buf 0x7c53d02b58, in_size: 0, out_buf: 0x7c53d00b58, out_size: 8192
09-23 01:55:35.583   167   191 D TLKKeymaster: TLK returned 7
09-23 01:55:35.583   167   191 I TLKKeymaster: Received 7 byte response
09-23 01:55:35.583   167   191 I TLKKeymaster: TLK keymaster version is 1.1.0
09-23 01:55:35.584   167   191 I TLKKeymaster: TLK keymaster message version is 2
09-23 01:55:35.584   167   191 I Cryptfs : Signing safely-padded object
09-23 01:55:35.584   167   191 I TLKKeymaster: Sending 1373 byte request
09-23 01:55:35.584   167   191 D TLKKeymaster: Received tlk_call, cmd: 1, in_buf 0x7c53d02ae8, in_size: 1373, out_buf: 0x7c53d00ae8, out_size: 8192
09-23 01:55:35.584   167   191 D TLKKeymaster: TLK returned 24
09-23 01:55:35.584   167   191 I TLKKeymaster: Received 24 byte response
09-23 01:55:35.584   167   191 I TLKKeymaster: Sending 280 byte request
09-23 01:55:35.584   167   191 D TLKKeymaster: Received tlk_call, cmd: 2, in_buf 0x7c53d02a88, in_size: 280, out_buf: 0x7c53d00a88, out_size: 8192
09-23 01:55:35.584   167   191 D TLKKeymaster: TLK returned 24
09-23 01:55:35.584   167   191 I TLKKeymaster: Received 24 byte response
09-23 01:55:35.584   167   191 I TLKKeymaster: Sending 24 byte request
09-23 01:55:35.584   167   191 D TLKKeymaster: Received tlk_call, cmd: 3, in_buf 0x7c53d02a78, in_size: 24, out_buf: 0x7c53d00a78, out_size: 8192
09-23 01:55:35.599   167   191 D TLKKeymaster: TLK returned 276
09-23 01:55:35.599   167   191 I TLKKeymaster: Received 276 byte response
09-23 01:55:35.638   184   184 D SurfaceFlinger: shader cache generated - 24 shaders in 127.546768 ms
09-23 01:55:35.639   184   184 D SurfaceFlinger: Set power mode=2, type=0 flinger=0x7ca9c47000
09-23 01:55:36.051   167   191 I Cryptfs : Enabling support for allow_discards in dmcrypt.
09-23 01:55:36.051   167   172 D vold    : Disk at 253:2 changed
09-23 01:55:36.145   210   219 D libEGL  : loaded /vendor/lib64/egl/libEGL_tegra.so
09-23 01:55:36.151   210   219 D libEGL  : loaded /vendor/lib64/egl/libGLESv1_CM_tegra.so
09-23 01:55:36.166   210   219 D libEGL  : loaded /vendor/lib64/egl/libGLESv2_tegra.so
09-23 01:55:36.177   210   219 D NvOsDebugPrintf: NvRmPrivGetChipPlatform: Could not read platform information
09-23 01:55:36.177   210   219 D NvOsDebugPrintf: Expected on kernels without fuse support, using silicon
09-23 01:55:36.513   167   191 I Cryptfs : Password matches
09-23 01:55:36.514   167   191 D Cryptfs : test_mount_encrypted_fs(): Master key saved
09-23 01:55:36.514   167   191 I Cryptfs : keymaster module name is TLK Keymaster1 HAL
09-23 01:55:36.514   167   191 I Cryptfs : keymaster version is 256
09-23 01:55:36.514   167   191 I Cryptfs : Found keymaster1 module, using keymaster1 API.
09-23 01:55:36.514   167   191 I TLKKeymaster: Creating device
09-23 01:55:36.514   167   191 I TLKKeymaster: Sending 0 byte request
09-23 01:55:36.514   167   191 D TLKKeymaster: Received tlk_call, cmd: 7, in_buf 0x7c53d02e78, in_size: 0, out_buf: 0x7c53d00e78, out_size: 8192
09-23 01:55:36.514   167   191 D TLKKeymaster: TLK returned 7
09-23 01:55:36.514   167   191 I TLKKeymaster: Received 7 byte response
09-23 01:55:36.514   167   191 I TLKKeymaster: TLK keymaster version is 1.1.0
