--------- beginning of system
09-03 17:47:13.453 11272 11516 I ActivityManager: Process com.google.android.apps.messaging (pid 3995) has died
09-03 17:47:13.453 11272 11516 D ActivityManager: cleanUpApplicationRecord -- 3995
--------- beginning of main
09-03 17:47:13.600  6882  6882 D AudioTrack: Client defaulted notificationFrames to 2147483520 for frameCount 4294967040
09-03 17:47:13.603  6882  6882 D         : Lynn Create bad track OK!
09-03 17:47:13.643 11071 11189 D audio_hw_primary: enable_snd_device: snd_device(2: speaker)
09-03 17:47:13.646 11071 11189 D audio_hw_primary: enable_audio_route: usecase(1) apply and update mixer path: low-latency-playback speaker
09-03 17:47:17.732 11272 12366 I ActivityManager: Process android.process.acore (pid 4028) has died
09-03 17:47:17.733 11272 12366 D ActivityManager: cleanUpApplicationRecord -- 4028
09-03 17:47:17.739 11272 12366 E JavaBinder: !!! FAILED BINDER TRANSACTION !!!  (parcel size = 76)
09-03 17:47:17.745 11272 18845 I ActivityManager: Process com.huawei.sarcontrolservice (pid 3735) has died
09-03 17:47:17.745 11272 18845 D ActivityManager: cleanUpApplicationRecord -- 3735
09-03 17:47:17.745 11272 18845 W ActivityManager: Scheduling restart of crashed service com.huawei.sarcontrolservice/.SarControlService in 1000ms
09-03 17:47:18.758 11272 11293 I ActivityManager: Start proc 6900:com.huawei.sarcontrolservice/u0a73 for service com.huawei.sarcontrolservice/.SarControlService
09-03 17:47:18.793  6900  6900 W System  : ClassLoader referenced unknown path: /system/app/HwSarControlService/lib/arm64
09-03 17:47:18.818  6900  6900 E SarUtils: getCurrentMCC,the netWorkOperator is invalid
09-03 17:47:18.818  6900  6900 I SarControlServiceFlow: resetSARRuleDataList, the sar rule has been switched to boot mode
09-03 17:47:18.839  6900  6900 D QC_RIL_OEM_HOOK: Starting QcrilMsgTunnel Service
09-03 17:47:18.844  6900  6900 D QC_RIL_OEM_HOOK: The QcrilMsgTunnelService will be connected soon
09-03 17:47:18.845  6900  6900 D QC_RIL_OEM_HOOK: Registering for intent ACTION_UNSOL_RESPONSE_OEM_HOOK_RAW
09-03 17:47:18.856  6900  6900 D QC_RIL_OEM_HOOK: QcrilMsgTunnelService Connected Successfully (onServiceConnected)
09-03 17:47:18.856  6900  6900 D QC_RIL_OEM_HOOK: Calling onQcRilHookReady callback
09-03 17:47:58.366 11071 11189 D AudioFlinger: mixer(0xeb1034c0) throttle end: throttle time(9)
09-03 17:47:58.379   394   394 I ServiceManager: service 'AtCmdFwd' died
09-03 17:47:58.379 11272 12406 I ActivityManager: Process com.qualcomm.telephony (pid 3718) has died
09-03 17:47:58.379 11272 12406 D ActivityManager: cleanUpApplicationRecord -- 3718
09-03 17:47:58.380 11272 12406 W ActivityManager: Scheduling restart of crashed service com.qualcomm.atfwd/.AtFwdService in 1000ms
09-03 17:47:59.411 11272 11293 I ActivityManager: Start proc 7039:com.qualcomm.telephony/1000 for service com.qualcomm.atfwd/.AtFwdService
09-03 17:47:59.461  7039  7039 W System  : ClassLoader referenced unknown path: /system/priv-app/atfwd/lib/arm64
09-03 17:47:59.481  7039  7039 D AtFwdService: onCreate method
09-03 17:47:59.481  7039  7039 I AtFwdService: Instantiate AtCmdFwd Service
09-03 17:47:59.490  7039  7054 D AtCkpdCmdHandler: De-queing command
--------- beginning of crash
09-03 17:48:05.627 11071 11189 F libc    : Fatal signal 11 (SIGSEGV), code 1, fault addr 0xe9380000 in tid 11189 (AudioOut_D)
09-03 17:48:05.707   359   359 W         : debuggerd: handling request: pid=11071 uid=1041 gid=1005 tid=11189
09-03 17:48:05.796  7072  7072 F DEBUG   : *** *** *** *** *** *** *** *** *** *** *** *** *** *** *** ***
09-03 17:48:05.796  7072  7072 F DEBUG   : Build fingerprint: 'google/angler/angler:7.1.1/N4F26T/3687331:userdebug/dev-keys'
09-03 17:48:05.796  7072  7072 F DEBUG   : Revision: '0'
09-03 17:48:05.796  7072  7072 F DEBUG   : ABI: 'arm'
09-03 17:48:05.796  7072  7072 F DEBUG   : pid: 11071, tid: 11189, name: AudioOut_D  >>> /system/bin/audioserver <<<
09-03 17:48:05.797  7072  7072 F DEBUG   : signal 11 (SIGSEGV), code 1 (SEGV_MAPERR), fault addr 0xe9380000
09-03 17:48:05.797  7072  7072 F DEBUG   :     r0 e9e7a240  r1 e9380000  r2 00000170  r3 00000000
09-03 17:48:05.797  7072  7072 F DEBUG   :     r4 00000002  r5 00000000  r6 ec1e1f25  r7 eb6f8000
09-03 17:48:05.797  7072  7072 F DEBUG   :     r8 00000000  r9 eb105204  sl 00000000  fp 000003c0
09-03 17:48:05.797  7072  7072 F DEBUG   :     ip ebd3df18  sp eaf80688  lr ec1e1f41  pc ebd38dd6  cpsr 20000030
09-03 17:48:05.805  7072  7072 F DEBUG   :
09-03 17:48:05.805  7072  7072 F DEBUG   : backtrace:
09-03 17:48:05.806  7072  7072 F DEBUG   :     #00 pc 00002dd6  /system/lib/libaudioutils.so (memcpy_to_float_from_i16+5)
09-03 17:48:05.806  7072  7072 F DEBUG   :     #01 pc 00040f3d  /system/lib/libaudioflinger.so
09-03 17:48:05.806  7072  7072 F DEBUG   :     #02 pc 00040799  /system/lib/libaudioflinger.so
09-03 17:48:05.806  7072  7072 F DEBUG   :     #03 pc 00011178  /system/lib/libaudioflinger.so
09-03 17:48:05.806  7072  7072 F DEBUG   :     #04 pc 0003180b  /system/lib/libaudioflinger.so
09-03 17:48:05.806  7072  7072 F DEBUG   :     #05 pc 0002fe57  /system/lib/libaudioflinger.so
09-03 17:48:05.806  7072  7072 F DEBUG   :     #06 pc 0000e345  /system/lib/libutils.so (_ZN7android6Thread11_threadLoopEPv+140)
09-03 17:48:05.806  7072  7072 F DEBUG   :     #07 pc 000470b3  /system/lib/libc.so (_ZL15__pthread_startPv+22)
09-03 17:48:05.806  7072  7072 F DEBUG   :     #08 pc 00019e3d  /system/lib/libc.so (__start_thread+6)
09-03 17:48:05.967 11272 11568 W NativeCrashListener: Couldn't find ProcessRecord for pid 11071
09-03 17:48:05.969   359   359 W         : debuggerd: resuming target 11071
09-03 17:48:05.981 11272 11307 I BootReceiver: Copying /data/tombstones/tombstone_01 to DropBox (SYSTEM_TOMBSTONE)
09-03 17:48:06.067   394   394 I ServiceManager: service 'media.sound_trigger_hw' died
09-03 17:48:06.067   394   394 I ServiceManager: service 'media.radio' died
09-03 17:48:06.067   394   394 I ServiceManager: service 'media.audio_flinger' died
09-03 17:48:06.067   394   394 I ServiceManager: service 'media.audio_policy' died
09-03 17:48:06.075 11272 18845 W SoundTrigger: Sound trigger service died!
09-03 17:48:06.083 11073 11622 W AudioSystem: AudioPolicyService server died!
09-03 17:48:06.084 11073 11127 W AudioSystem: AudioFlinger server died!
09-03 17:48:06.097 11272 11897 W AudioSystem: AudioPolicyService server died!
09-03 17:48:06.097 11554 15407 W AudioSystem: AudioPolicyService server died!
09-03 17:48:06.097 11272 12366 W AudioSystem: AudioFlinger server died!
09-03 17:48:06.097 11554 11570 W AudioSystem: AudioFlinger server died!
09-03 17:48:06.098 11716 16450 W AudioSystem: AudioFlinger server died!
09-03 17:48:06.099 11272 11512 E AudioService: Audioserver died.
09-03 17:48:06.099 11272 11272 I ServiceManager: Waiting for service media.audio_policy...
09-03 17:48:06.109 19299 19345 W GCoreFlp: No location to return for getLastLocation()
09-03 17:48:06.110 19299 19311 W FusedLocationProvider: location=null
09-03 17:48:06.398  7082  7082 I         : sMaxFastTracks = 8
09-03 17:48:06.399  7082  7082 I audioserver: ServiceManager: 0xf4f193c0
09-03 17:48:06.401  7082  7082 I AudioFlinger: Using 300 mSec as standby time.
09-03 17:48:06.403  7082  7082 I AudioPolicyService: AudioPolicyService CSTOR in new mode
09-03 17:48:06.434  7082  7082 D audio_hw_primary: adev_open: enter
09-03 17:48:06.453  7082  7082 I audio_hw_extn: audio_extn_set_snd_card_split: snd_card_name(msm8994-tomtom-mtp-snd-card) device(msm8994) snd_card(tomtom) form_factor(mtp)
09-03 17:48:06.455  7082  7082 I msm8974_platform: platform_init: found sound card msm8994-tomtom-mtp-snd-card, primary sound card expeted is msm8994-tomtom-mtp-snd-card
09-03 17:48:06.455  7082  7082 D msm8974_platform: platform_init: Loading mixer file: /system/etc/mixer_paths.xml
09-03 17:48:06.601 11272 11512 E AudioService: Audioserver started.
09-03 17:48:06.760  7082  7082 E audio_route: Control 'MultiMedia4 Mixer MI2S_TX' doesn't exist - skipping
09-03 17:48:06.760  7082  7082 E audio_route: Control 'MultiMedia7 Mixer MI2S_TX' doesn't exist - skipping
09-03 17:48:06.760  7082  7082 E audio_route: Control 'MultiMedia10 Mixer MI2S_TX' doesn't exist - skipping
09-03 17:48:06.761  7082  7082 E audio_route: Control 'MultiMedia11 Mixer MI2S_TX' doesn't exist - skipping
09-03 17:48:06.761  7082  7082 E audio_route: Control 'MultiMedia12 Mixer MI2S_TX' doesn't exist - skipping
09-03 17:48:06.761  7082  7082 E audio_route: Control 'MultiMedia13 Mixer MI2S_TX' doesn't exist - skipping
09-03 17:48:06.761  7082  7082 E audio_route: Control 'MultiMedia14 Mixer MI2S_TX' doesn't exist - skipping
09-03 17:48:06.761  7082  7082 E audio_route: Control 'MultiMedia15 Mixer MI2S_TX' doesn't exist - skipping
09-03 17:48:06.761  7082  7082 E audio_route: Control 'MultiMedia16 Mixer MI2S_TX' doesn't exist - skipping
09-03 17:48:06.763  7082  7082 E audio_route: Control 'RX4 DSM MUX' doesn't exist - skipping
09-03 17:48:06.763  7082  7082 E audio_route: Control 'RX6 DSM MUX' doesn't exist - skipping
09-03 17:48:06.764  7082  7082 E audio_route: Control 'AFE_PCM_RX Port Mixer PRI_MI2S_TX' doesn't exist - skipping
09-03 17:48:06.764  7082  7082 E audio_route: unknown enum value string QUAT_MI2S_RX for ctl AUDIO_REF_EC_UL1 MUX
09-03 17:48:06.764  7082  7082 E audio_route: unknown enum value string SEC_AUX_PCM_RX for ctl AUDIO_REF_EC_UL1 MUX
--------- beginning of main
06-15 19:57:20.484 25934 25934 D AndroidRuntime: >>>>>> START com.android.internal.os.RuntimeInit uid 0 <<<<<<
06-15 19:57:20.490 25934 25934 D AndroidRuntime: CheckJNI is OFF
06-15 19:57:20.574 25934 25934 D ICU     : No timezone override file found: /data/misc/zoneinfo/current/icu/icu_tzdata.dat
06-15 19:57:20.615 25934 25934 I Radio-JNI: register_android_hardware_Radio DONE
06-15 19:57:20.627 25934 25934 D AndroidRuntime: Calling main entry com.android.commands.pm.Pm
06-15 19:57:20.641 25934 25934 I art     : System.exit called, status: 0
06-15 19:57:20.641 25934 25934 I AndroidRuntime: VM exiting with result code 0.
06-15 19:57:20.647 25934 25942 W MessageQueue: Handler (android.os.Handler) {652be42} sending message to a Handler on a dead thread
06-15 19:57:20.647 25934 25942 W MessageQueue: java.lang.IllegalStateException: Handler (android.os.Handler) {652be42} sending message to a Handler on a dead thread
06-15 19:57:20.647 25934 25942 W MessageQueue: 	at android.os.MessageQueue.enqueueMessage(MessageQueue.java:543)
06-15 19:57:20.647 25934 25942 W MessageQueue: 	at android.os.Handler.enqueueMessage(Handler.java:643)
06-15 19:57:20.647 25934 25942 W MessageQueue: 	at android.os.Handler.sendMessageAtTime(Handler.java:612)
06-15 19:57:20.647 25934 25942 W MessageQueue: 	at android.os.Handler.sendMessageDelayed(Handler.java:582)
06-15 19:57:20.647 25934 25942 W MessageQueue: 	at android.os.Handler.post(Handler.java:338)
06-15 19:57:20.647 25934 25942 W MessageQueue: 	at android.os.ResultReceiver$MyResultReceiver.send(ResultReceiver.java:57)
06-15 19:57:20.647 25934 25942 W MessageQueue: 	at com.android.internal.os.IResultReceiver$Stub.onTransact(IResultReceiver.java:58)
06-15 19:57:20.647 25934 25942 W MessageQueue: 	at android.os.Binder.execTransact(Binder.java:565)
06-15 19:57:20.725   548   548 I         : free_cache(1766327) avail 26576351232
06-15 19:57:20.971  5847  5847 I Finsky  : [1] com.google.android.vending.verifier.PackageVerificationReceiver.onReceive(1110): Skipping verification because network inactive
06-15 19:57:20.989   934   960 I PackageManager.DexOptimizer: Running dexopt (dex2oat) on: /data/app/vmdl35354866.tmp/base.apk pkg=org.c0reteam.audiotest isa=arm64 vmSafeMode=false debuggable=true target-filter=interpret-only oatDir = /data/app/vmdl35354866.tmp/oat sharedLibraries=null
06-15 19:57:21.032 25955 25955 I dex2oat : /system/bin/dex2oat --compiler-filter=interpret-only -j4 --debuggable
06-15 19:57:21.174 25955 25955 I dex2oat : dex2oat took 142.587ms (threads: 4) arena alloc=15KB (15776B) java alloc=124KB (127168B) native alloc=1084KB (1110128B) free=1987KB (2035600B)
--------- beginning of system
06-15 19:57:21.304   934   960 W PackageManager: Not granting permission android.permission.CAPTURE_AUDIO_OUTPUT to package org.c0reteam.audiotest (protectionLevel=18 flags=0x3848be46)
06-15 19:57:21.410   548   548 D installd: Detected label change from u:object_r:system_data_file:s0 to u:object_r:app_data_file:s0:c512,c768 at /data/data/org.c0reteam.audiotest; running recursive restorecon
06-15 19:57:21.412   548   548 D installd: Detected label change from u:object_r:system_data_file:s0 to u:object_r:app_data_file:s0:c512,c768 at /data/user_de/0/org.c0reteam.audiotest; running recursive restorecon
06-15 19:57:21.416   934   960 V BackupManagerService: restoreAtInstall pkg=org.c0reteam.audiotest token=6a restoreSet=0
06-15 19:57:21.416   934   960 V BackupManagerService: Finishing install immediately
06-15 19:57:21.420   934   960 I art     : Starting a blocking GC Explicit
06-15 19:57:21.542   934   960 I art     : Explicit concurrent mark sweep GC freed 91520(5MB) AllocSpace objects, 28(684KB) LOS objects, 33% free, 16MB/24MB, paused 1.726ms total 121.287ms
06-15 19:57:21.543   548   548 E         : Couldn't opendir /data/app/vmdl35354866.tmp: No such file or directory
06-15 19:57:21.553  2971  2971 D BluetoothMapAppObserver: onReceive
06-15 19:57:21.554  2971  2971 D BluetoothMapAppObserver: The installed package is: org.c0reteam.audiotest
06-15 19:57:21.554   934  2907 I InputReader: Reconfiguring input devices.  changes=0x00000010
06-15 19:57:21.564  2971  2971 D BluetoothMapAppObserver: Found 0 application(s) with intent android.bluetooth.action.BLUETOOTH_MAP_PROVIDER
06-15 19:57:21.566  2971  2971 D BluetoothMapAppObserver: Found 0 application(s) with intent android.bluetooth.action.BLUETOOTH_MAP_IM_PROVIDER
06-15 19:57:21.578   934   947 W InputMethodInfo: Duplicated subtype definition found: , voice
06-15 19:57:21.598  3865  3865 D RegisteredNfcFServicesCache: Service unchanged, not updating
06-15 19:57:21.605  3186  3186 D CarrierSvcBindHelper: No carrier app for: 0
06-15 19:57:21.605  3186  3186 D CarrierConfigLoader: mHandler: 9 phoneId: 0
06-15 19:57:21.612  5847  5847 W Finsky  : [1] com.google.android.finsky.application.FinskyAppImpl.V(1772): No account configured on this device.
06-15 19:57:21.612  5847  5847 I Finsky  : [1] com.google.android.finsky.wear.WearSupportService.a(307): Wear auto install disabled for package org.c0reteam.audiotest
06-15 19:57:21.623  5847  5847 W Finsky  : [1] com.google.android.finsky.application.FinskyAppImpl.V(1772): No account configured on this device.
06-15 19:57:21.656  5847  5847 I Finsky  : [1] com.google.android.finsky.utils.PermissionPolicies$PermissionPolicyService.onStartCommand(115): post-install permissions check for org.c0reteam.audiotest
06-15 19:57:21.661  3795  3795 I WearableService: Wear is not allowed to run on this device. Not starting Wear service.
06-15 19:57:21.664  5847  5847 W Finsky  : [1] com.google.android.finsky.application.FinskyAppImpl.V(1772): No account configured on this device.
06-15 19:57:21.676  5847  5847 I Finsky  : [1] com.google.android.finsky.utils.bd.run(2300): Package state data is missing for org.c0reteam.audiotest
06-15 19:57:21.677  5847  5847 W Finsky  : [1] com.google.android.finsky.application.FinskyAppImpl.V(1772): No account configured on this device.
06-15 19:57:21.686  5847  5847 E Finsky  : [1] com.google.android.finsky.wear.bl.a(847): onConnectionFailed: ConnectionResult{statusCode=API_UNAVAILABLE, resolution=null, message=null}
06-15 19:57:21.687  5847  5847 I Finsky  : [1] com.google.android.finsky.wear.aj.run(2402): Dropping command=send_installed_apps due to Gms not connected
06-15 19:57:21.729  3272 25972 I UpdateIcingCorporaServi: Updating corpora: APPS=org.c0reteam.audiotest, CONTACTS=MAYBE
06-15 19:57:21.748 17916 17916 I Volta-PackageEventReceiver: Package added: org.c0reteam.audiotest
06-15 19:57:21.794 17916 25978 D Volta-PackageEventSaverService: saving package event for pkg: org.c0reteam.audiotest
06-15 19:57:21.804 17916 25978 W WakefulBroadcastReceiver: No active wake lock id #64
06-15 19:57:21.916 25961 25961 D AndroidRuntime: >>>>>> START com.android.internal.os.RuntimeInit uid 0 <<<<<<
06-15 19:57:21.918  4055 25980 W IcingInternalCorpora: getNumBytesRead when not calculated.
06-15 19:57:21.920 25961 25961 D AndroidRuntime: CheckJNI is OFF
06-15 19:57:21.951  4055 25413 I Icing   : Usage reports 0 indexed 0 rejected 0 imm upload true
06-15 19:57:21.958  3272 25972 I UpdateIcingCorporaServi: UpdateCorporaTask done [took 229 ms] updated apps [took 229 ms]
06-15 19:57:21.967  4055 25413 I Icing   : Usage reports 0 indexed 0 rejected 0 imm upload false
06-15 19:57:21.973  4055 25413 I Icing   : Usage reports 0 indexed 0 rejected 0 imm upload false
06-15 19:57:21.979 25961 25961 D ICU     : No timezone override file found: /data/misc/zoneinfo/current/icu/icu_tzdata.dat
06-15 19:57:22.009 25961 25961 I Radio-JNI: register_android_hardware_Radio DONE
06-15 19:57:22.019 25961 25961 D AndroidRuntime: Calling main entry com.android.commands.pm.Pm
06-15 19:57:22.025 25961 25961 I art     : System.exit called, status: 1
06-15 19:57:22.025 25961 25961 I AndroidRuntime: VM exiting with result code 1.
06-15 19:57:22.490 25990 25990 D AndroidRuntime: >>>>>> START com.android.internal.os.RuntimeInit uid 0 <<<<<<
06-15 19:57:22.497 25990 25990 D AndroidRuntime: CheckJNI is OFF
06-15 19:57:22.582 25990 25990 D ICU     : No timezone override file found: /data/misc/zoneinfo/current/icu/icu_tzdata.dat
06-15 19:57:22.624 25990 25990 I Radio-JNI: register_android_hardware_Radio DONE
06-15 19:57:22.636 25990 25990 D AndroidRuntime: Calling main entry com.android.commands.pm.Pm
06-15 19:57:22.645 25990 25990 I art     : System.exit called, status: 0
06-15 19:57:22.645   934   934 I GnssLocationProvider: WakeLock acquired by sendMessage(3, 0, com.android.server.location.GnssLocationProvider$GpsRequest@624382f)
06-15 19:57:22.645 25990 25990 I AndroidRuntime: VM exiting with result code 0.
06-15 19:57:22.645   934   947 I GnssLocationProvider: WakeLock released by handleMessage(3, 0, com.android.server.location.GnssLocationProvider$GpsRequest@624382f)
06-15 19:57:23.010  4055 25413 I Icing   : Indexing E5601EDA452A96DE4AE27860337512E218827509 from com.google.android.googlequicksearchbox
06-15 19:57:23.134  4055 25413 I Icing   : Indexing 56FC74113C7D57A6EC080609931011471CD0B708 from com.google.android.gms
06-15 19:57:23.146 26001 26001 D AndroidRuntime: >>>>>> START com.android.internal.os.RuntimeInit uid 0 <<<<<<
06-15 19:57:23.149 26001 26001 D AndroidRuntime: CheckJNI is OFF
06-15 19:57:23.196  4055 25413 I Icing   : Indexing done E5601EDA452A96DE4AE27860337512E218827509
06-15 19:57:23.200  4055 25413 I Icing   : Indexing done 56FC74113C7D57A6EC080609931011471CD0B708
06-15 19:57:23.211 26001 26001 D ICU     : No timezone override file found: /data/misc/zoneinfo/current/icu/icu_tzdata.dat
06-15 19:57:23.242 26001 26001 I Radio-JNI: register_android_hardware_Radio DONE
06-15 19:57:23.253 26001 26001 D AndroidRuntime: Calling main entry com.android.commands.pm.Pm
06-15 19:57:23.258 26001 26001 I art     : System.exit called, status: 1
06-15 19:57:23.258 26001 26001 I AndroidRuntime: VM exiting with result code 1.
06-15 19:57:23.698 26012 26012 D AndroidRuntime: >>>>>> START com.android.internal.os.RuntimeInit uid 0 <<<<<<
06-15 19:57:23.702 26012 26012 D AndroidRuntime: CheckJNI is OFF
06-15 19:57:23.787 26012 26012 D ICU     : No timezone override file found: /data/misc/zoneinfo/current/icu/icu_tzdata.dat
06-15 19:57:23.830 26012 26012 I Radio-JNI: register_android_hardware_Radio DONE
06-15 19:57:23.843 26012 26012 D AndroidRuntime: Calling main entry com.android.commands.am.Am
06-15 19:57:23.854   934  2994 I ActivityManager: START u0 {act=android.intent.action.MAIN flg=0x10000000 cmp=org.c0reteam.audiotest/.AudioTest} from uid 0 on display 0
06-15 19:57:23.875 26012 26012 D AndroidRuntime: Shutting down VM
06-15 19:57:23.897   934  3904 I ActivityManager: Start proc 26022:org.c0reteam.audiotest/u0a197 for activity org.c0reteam.audiotest/.AudioTest
06-15 19:57:23.902 26022 26022 I art     : Late-enabling -Xcheck:jni
06-15 19:57:23.964   934  3111 W LocalDisplayAdapter: Unable to find color mode 0, ignoring request.
06-15 19:57:23.985 26022 26022 W System  : ClassLoader referenced unknown path: /data/app/org.c0reteam.audiotest-1/lib/arm64
06-15 19:57:24.001 26022 26022 I InstantRun: Instant Run Runtime started. Android package is org.c0reteam.audiotest, real application class is null.
06-15 19:57:24.049   934   944 I art     : Background partial concurrent mark sweep GC freed 40464(1998KB) AllocSpace objects, 4(80KB) LOS objects, 33% free, 16MB/24MB, paused 1.006ms total 107.585ms
06-15 19:57:24.411 26039 26039 I dex2oat : /system/bin/dex2oat --debuggable -j4 --dex-file=/data/data/org.c0reteam.audiotest/files/instant-run/dex/slice-support-annotations-24.2.1_bc102048a27ff00c8e10fc3a76afaa77fbe3d1bd-classes.dex --oat-fd=37 --oat-location=/data/user/0/org.c0reteam.audiotest/cache/slice-support-annotations-24.2.1_bc102048a27ff00c8e10fc3a76afaa77fbe3d1bd-classes.dex --compiler-filter=speed
06-15 19:57:24.571 26039 26039 I dex2oat : dex2oat took 161.515ms (threads: 4) arena alloc=1824B (1824B) java alloc=55KB (56816B) native alloc=595KB (609432B) free=1964KB (2012008B)
06-15 19:57:24.632 26045 26045 I dex2oat : /system/bin/dex2oat --debuggable -j4 --dex-file=/data/data/org.c0reteam.audiotest/files/instant-run/dex/slice-slice_9-classes.dex --oat-fd=37 --oat-location=/data/user/0/org.c0reteam.audiotest/cache/slice-slice_9-classes.dex --compiler-filter=speed
06-15 19:57:24.756 26045 26045 I dex2oat : dex2oat took 125.274ms (threads: 4) arena alloc=0B (0B) java alloc=35KB (36784B) native alloc=557KB (570768B) free=1490KB (1526384B)
06-15 19:57:24.829 26050 26050 I dex2oat : /system/bin/dex2oat --debuggable -j4 --dex-file=/data/data/org.c0reteam.audiotest/files/instant-run/dex/slice-slice_8-classes.dex --oat-fd=37 --oat-location=/data/user/0/org.c0reteam.audiotest/cache/slice-slice_8-classes.dex --compiler-filter=speed
06-15 19:57:25.056 26050 26050 I dex2oat : dex2oat took 227.800ms (threads: 4) arena alloc=617KB (632192B) java alloc=94KB (96912B) native alloc=1044KB (1069240B) free=2MB (2600776B)
06-15 19:57:25.122 26056 26056 I dex2oat : /system/bin/dex2oat --debuggable -j4 --dex-file=/data/data/org.c0reteam.audiotest/files/instant-run/dex/slice-slice_7-classes.dex --oat-fd=37 --oat-location=/data/user/0/org.c0reteam.audiotest/cache/slice-slice_7-classes.dex --compiler-filter=speed
06-15 19:57:25.257 26056 26056 I dex2oat : dex2oat took 135.822ms (threads: 4) arena alloc=489KB (501040B) java alloc=73KB (75472B) native alloc=809KB (829064B) free=2MB (2316664B)
06-15 19:57:25.314 26061 26061 I dex2oat : /system/bin/dex2oat --debuggable -j4 --dex-file=/data/data/org.c0reteam.audiotest/files/instant-run/dex/slice-slice_6-classes.dex --oat-fd=37 --oat-location=/data/user/0/org.c0reteam.audiotest/cache/slice-slice_6-classes.dex --compiler-filter=speed
06-15 19:57:25.425 26061 26061 I dex2oat : dex2oat took 112.466ms (threads: 4) arena alloc=0B (0B) java alloc=35KB (36784B) native alloc=557KB (570800B) free=1490KB (1526352B)
06-15 19:57:25.500 26066 26066 I dex2oat : /system/bin/dex2oat --debuggable -j4 --dex-file=/data/data/org.c0reteam.audiotest/files/instant-run/dex/slice-slice_5-classes.dex --oat-fd=37 --oat-location=/data/user/0/org.c0reteam.audiotest/cache/slice-slice_5-classes.dex --compiler-filter=speed
06-15 19:57:25.640 26066 26066 I dex2oat : dex2oat took 140.637ms (threads: 4) arena alloc=0B (0B) java alloc=35KB (36784B) native alloc=557KB (570800B) free=1490KB (1526352B)
06-15 19:57:25.742 26071 26071 I dex2oat : /system/bin/dex2oat --debuggable -j4 --dex-file=/data/data/org.c0reteam.audiotest/files/instant-run/dex/slice-slice_4-classes.dex --oat-fd=37 --oat-location=/data/user/0/org.c0reteam.audiotest/cache/slice-slice_4-classes.dex --compiler-filter=speed
06-15 19:57:25.903 26071 26071 I dex2oat : dex2oat took 162.314ms (threads: 4) arena alloc=489KB (501104B) java alloc=68KB (70560B) native alloc=808KB (827464B) free=2MB (2318264B)
06-15 19:57:25.974 26076 26076 I dex2oat : /system/bin/dex2oat --debuggable -j4 --dex-file=/data/data/org.c0reteam.audiotest/files/instant-run/dex/slice-slice_3-classes.dex --oat-fd=37 --oat-location=/data/user/0/org.c0reteam.audiotest/cache/slice-slice_3-classes.dex --compiler-filter=speed
06-15 19:57:26.084 26076 26076 I dex2oat : dex2oat took 112.295ms (threads: 4) arena alloc=0B (0B) java alloc=35KB (36784B) native alloc=557KB (570800B) free=1490KB (1526352B)
06-15 19:57:26.177 26081 26081 I dex2oat : /system/bin/dex2oat --debuggable -j4 --dex-file=/data/data/org.c0reteam.audiotest/files/instant-run/dex/slice-slice_2-classes.dex --oat-fd=37 --oat-location=/data/user/0/org.c0reteam.audiotest/cache/slice-slice_2-classes.dex --compiler-filter=speed
06-15 19:57:26.427 26081 26081 I dex2oat : dex2oat took 251.306ms (threads: 4) arena alloc=0B (0B) java alloc=35KB (36784B) native alloc=557KB (570800B) free=1490KB (1526352B)
06-15 19:57:26.499 26086 26086 I dex2oat : /system/bin/dex2oat --debuggable -j4 --dex-file=/data/data/org.c0reteam.audiotest/files/instant-run/dex/slice-slice_1-classes.dex --oat-fd=37 --oat-location=/data/user/0/org.c0reteam.audiotest/cache/slice-slice_1-classes.dex --compiler-filter=speed
06-15 19:57:26.638 26086 26086 I dex2oat : dex2oat took 139.790ms (threads: 4) arena alloc=489KB (501184B) java alloc=49KB (50736B) native alloc=615KB (630048B) free=2MB (2515680B)
06-15 19:57:26.721 26091 26091 I dex2oat : /system/bin/dex2oat --debuggable -j4 --dex-file=/data/data/org.c0reteam.audiotest/files/instant-run/dex/slice-slice_0-classes.dex --oat-fd=37 --oat-location=/data/user/0/org.c0reteam.audiotest/cache/slice-slice_0-classes.dex --compiler-filter=speed
06-15 19:57:26.862 26091 26091 I dex2oat : dex2oat took 141.525ms (threads: 4) arena alloc=0B (0B) java alloc=35KB (36784B) native alloc=557KB (570696B) free=1490KB (1526456B)
06-15 19:57:26.955 26096 26096 I dex2oat : /system/bin/dex2oat --debuggable -j4 --dex-file=/data/data/org.c0reteam.audiotest/files/instant-run/dex/slice-internal_impl-24.2.1_db8daf21e124395d68549b49c30ff6fd39233034-classes.dex --oat-fd=37 --oat-location=/data/user/0/org.c0reteam.audiotest/cache/slice-internal_impl-24.2.1_db8daf21e124395d68549b49c30ff6fd39233034-classes.dex --compiler-filter=speed
06-15 19:57:27.130 26096 26096 I dex2oat : dex2oat took 175.798ms (threads: 4) arena alloc=228KB (233544B) java alloc=57KB (59120B) native alloc=613KB (628680B) free=2MB (2517048B)
06-15 19:57:27.220 26101 26101 I dex2oat : /system/bin/dex2oat --debuggable -j4 --dex-file=/data/data/org.c0reteam.audiotest/files/instant-run/dex/slice-internal_impl-24.2.1_9644eb1b6c1c48e0b8bffb15daf2bdabac0fd515-classes.dex --oat-fd=37 --oat-location=/data/user/0/org.c0reteam.audiotest/cache/slice-internal_impl-24.2.1_9644eb1b6c1c48e0b8bffb15daf2bdabac0fd515-classes.dex --compiler-filter=speed
06-15 19:57:27.387 26101 26101 I dex2oat : dex2oat took 168.201ms (threads: 4) arena alloc=676KB (693168B) java alloc=92KB (94864B) native alloc=946KB (969520B) free=2MB (2700496B)
06-15 19:57:27.459 26106 26106 I dex2oat : /system/bin/dex2oat --debuggable -j4 --dex-file=/data/data/org.c0reteam.audiotest/files/instant-run/dex/slice-internal_impl-24.2.1_717f006e9edefa0ef8b49b40654189ed47064382-classes.dex --oat-fd=37 --oat-location=/data/user/0/org.c0reteam.audiotest/cache/slice-internal_impl-24.2.1_717f006e9edefa0ef8b49b40654189ed47064382-classes.dex --compiler-filter=speed
06-15 19:57:27.643 26106 26106 I dex2oat : dex2oat took 185.236ms (threads: 4) arena alloc=345KB (353720B) java alloc=174KB (178672B) native alloc=1060KB (1085632B) free=2MB (2584384B)
06-15 19:57:27.695 26111 26111 I dex2oat : /system/bin/dex2oat --debuggable -j4 --dex-file=/data/data/org.c0reteam.audiotest/files/instant-run/dex/slice-internal_impl-24.2.1_1179fb4f4ee661350000a399fbf2d12e936c803e-classes.dex --oat-fd=37 --oat-location=/data/user/0/org.c0reteam.audiotest/cache/slice-internal_impl-24.2.1_1179fb4f4ee661350000a399fbf2d12e936c803e-classes.dex --compiler-filter=speed
06-15 19:57:27.891 26111 26111 I dex2oat : dex2oat took 197.037ms (threads: 4) arena alloc=815KB (835032B) java alloc=310KB (317840B) native alloc=1308KB (1340328B) free=2MB (2853976B)
06-15 19:57:27.942 26116 26116 I dex2oat : /system/bin/dex2oat --debuggable -j4 --dex-file=/data/data/org.c0reteam.audiotest/files/instant-run/dex/slice-internal_impl-24.2.1_033557175ddfb81e3882026b2dad9193bf9bc0c7-classes.dex --oat-fd=37 --oat-location=/data/user/0/org.c0reteam.audiotest/cache/slice-internal_impl-24.2.1_033557175ddfb81e3882026b2dad9193bf9bc0c7-classes.dex --compiler-filter=speed
06-15 19:57:28.110 26116 26116 I dex2oat : dex2oat took 169.385ms (threads: 4) arena alloc=349KB (357856B) java alloc=127KB (130896B) native alloc=629KB (644568B) free=1930KB (1976872B)
06-15 19:57:28.206 26121 26121 I dex2oat : /system/bin/dex2oat --debuggable -j4 --dex-file=/data/data/org.c0reteam.audiotest/files/instant-run/dex/slice-com.android.support-support-vector-drawable-24.2.1_8a7161017927725e966764464ae1e1e4b21cfa8d-classes.dex --oat-fd=37 --oat-location=/data/user/0/org.c0reteam.audiotest/cache/slice-com.android.support-support-vector-drawable-24.2.1_8a7161017927725e966764464ae1e1e4b21cfa8d-classes.dex --compiler-filter=speed
06-15 19:57:28.472 26121 26121 I dex2oat : dex2oat took 266.767ms (threads: 4) arena alloc=1212KB (1241648B) java alloc=66KB (68336B) native alloc=932KB (954864B) free=3MB (3239440B)
06-15 19:57:28.543 26126 26126 I dex2oat : /system/bin/dex2oat --debuggable -j4 --dex-file=/data/data/org.c0reteam.audiotest/files/instant-run/dex/slice-com.android.support-support-v4-24.2.1_3692b8be867eddc958f77be1224fa117c6e4868f-classes.dex --oat-fd=37 --oat-location=/data/user/0/org.c0reteam.audiotest/cache/slice-com.android.support-support-v4-24.2.1_3692b8be867eddc958f77be1224fa117c6e4868f-classes.dex --compiler-filter=speed
06-15 19:57:28.713 26126 26126 I dex2oat : dex2oat took 172.558ms (threads: 4) arena alloc=31KB (32376B) java alloc=32KB (33248B) native alloc=561KB (575152B) free=1486KB (1522000B)
06-15 19:57:28.788 26131 26131 I dex2oat : /system/bin/dex2oat --debuggable -j4 --dex-file=/data/data/org.c0reteam.audiotest/files/instant-run/dex/slice-com.android.support-support-media-compat-24.2.1_e5d75bc68f32c1e2abb93a78e526f6384e6a6a61-classes.dex --oat-fd=37 --oat-location=/data/user/0/org.c0reteam.audiotest/cache/slice-com.android.support-support-media-compat-24.2.1_e5d75bc68f32c1e2abb93a78e526f6384e6a6a61-classes.dex --compiler-filter=speed
06-15 19:57:29.058 26131 26131 I dex2oat : dex2oat took 270.521ms (threads: 4) arena alloc=1014KB (1038824B) java alloc=221KB (227120B) native alloc=1320KB (1352072B) free=3MB (3366520B)
06-15 19:57:29.105 26136 26136 I dex2oat : /system/bin/dex2oat --debuggable -j4 --dex-file=/data/data/org.c0reteam.audiotest/files/instant-run/dex/slice-com.android.support-support-fragment-24.2.1_775ff69da94b94101a172a76b816e8251c18975a-classes.dex --oat-fd=37 --oat-location=/data/user/0/org.c0reteam.audiotest/cache/slice-com.android.support-support-fragment-24.2.1_775ff69da94b94101a172a76b816e8251c18975a-classes.dex --compiler-filter=speed
06-15 19:57:29.419 26136 26136 I dex2oat : dex2oat took 315.531ms (threads: 4) arena alloc=1212KB (1241568B) java alloc=290KB (297656B) native alloc=1317KB (1348664B) free=3MB (3369928B)
06-15 19:57:29.465 26142 26142 I dex2oat : /system/bin/dex2oat --debuggable -j4 --dex-file=/data/data/org.c0reteam.audiotest/files/instant-run/dex/slice-com.android.support-support-core-utils-24.2.1_c6d0adcd539d3e16bffb98d39f7b5177fc696336-classes.dex --oat-fd=37 --oat-location=/data/user/0/org.c0reteam.audiotest/cache/slice-com.android.support-support-core-utils-24.2.1_c6d0adcd539d3e16bffb98d39f7b5177fc696336-classes.dex --compiler-filter=speed
06-15 19:57:29.693 26142 26142 I dex2oat : dex2oat took 228.785ms (threads: 4) arena alloc=700KB (716896B) java alloc=127KB (130384B) native alloc=1145KB (1173168B) free=2MB (2496848B)
06-15 19:57:29.763 26147 26147 I dex2oat : /system/bin/dex2oat --debuggable -j4 --dex-file=/data/data/org.c0reteam.audiotest/files/instant-run/dex/slice-com.android.support-support-core-ui-24.2.1_f8264263d537f53e4fa46e25cf78ac499f39877b-classes.dex --oat-fd=37 --oat-location=/data/user/0/org.c0reteam.audiotest/cache/slice-com.android.support-support-core-ui-24.2.1_f8264263d537f53e4fa46e25cf78ac499f39877b-classes.dex --compiler-filter=speed
06-15 19:57:30.067 26147 26147 I dex2oat : dex2oat took 304.749ms (threads: 4) arena alloc=1186KB (1215384B) java alloc=408KB (418544B) native alloc=1595KB (1633504B) free=2MB (3085088B)
06-15 19:57:30.115 26152 26152 I dex2oat : /system/bin/dex2oat --debuggable -j4 --dex-file=/data/data/org.c0reteam.audiotest/files/instant-run/dex/slice-com.android.support-support-compat-24.2.1_89891de36bed0be3536c023627e7827f5b451221-classes.dex --oat-fd=37 --oat-location=/data/user/0/org.c0reteam.audiotest/cache/slice-com.android.support-support-compat-24.2.1_89891de36bed0be3536c023627e7827f5b451221-classes.dex --compiler-filter=speed
06-15 19:57:30.595 26152 26152 I dex2oat : dex2oat took 481.418ms (threads: 4) arena alloc=651KB (667288B) java alloc=572KB (586704B) native alloc=2MB (2147536B) free=2MB (3095344B)
06-15 19:57:30.642 26157 26157 I dex2oat : /system/bin/dex2oat --debuggable -j4 --dex-file=/data/data/org.c0reteam.audiotest/files/instant-run/dex/slice-com.android.support-recyclerview-v7-24.2.1_7ff36280d0893e46ededc81474eb68cecd5294bf-classes.dex --oat-fd=37 --oat-location=/data/user/0/org.c0reteam.audiotest/cache/slice-com.android.support-recyclerview-v7-24.2.1_7ff36280d0893e46ededc81474eb68cecd5294bf-classes.dex --compiler-filter=speed
06-15 19:57:31.040 26157 26157 I dex2oat : dex2oat took 398.356ms (threads: 4) arena alloc=990KB (1014320B) java alloc=230KB (236168B) native alloc=1696KB (1737424B) free=2MB (2981168B)
06-15 19:57:31.090 26162 26162 I dex2oat : /system/bin/dex2oat --debuggable -j4 --dex-file=/data/data/org.c0reteam.audiotest/files/instant-run/dex/slice-com.android.support-design-24.2.1_04d050752e5dfcf5f7f02a1b25a9e773bcdda5d5-classes.dex --oat-fd=37 --oat-location=/data/user/0/org.c0reteam.audiotest/cache/slice-com.android.support-design-24.2.1_04d050752e5dfcf5f7f02a1b25a9e773bcdda5d5-classes.dex --compiler-filter=speed
06-15 19:57:31.390 26162 26162 I dex2oat : dex2oat took 301.117ms (threads: 4) arena alloc=923KB (945832B) java alloc=515KB (527952B) native alloc=1590KB (1629112B) free=2MB (3089480B)
06-15 19:57:31.439 26167 26167 I dex2oat : /system/bin/dex2oat --debuggable -j4 --dex-file=/data/data/org.c0reteam.audiotest/files/instant-run/dex/slice-com.android.support-appcompat-v7-24.2.1_5b7e521ce55b8fee3d9b1e5db70cf3459a35cad5-classes.dex --oat-fd=37 --oat-location=/data/user/0/org.c0reteam.audiotest/cache/slice-com.android.support-appcompat-v7-24.2.1_5b7e521ce55b8fee3d9b1e5db70cf3459a35cad5-classes.dex --compiler-filter=speed
06-15 19:57:31.591 26167 26171 W dex2oat : Before Android 4.1, method int android.support.v7.widget.ListViewCompat.lookForSelectablePosition(int, boolean) would have incorrectly overridden the package-private method in android.widget.ListView
06-15 19:57:31.974 26167 26167 I dex2oat : dex2oat took 535.434ms (threads: 4) arena alloc=1948KB (1995128B) java alloc=1114KB (1141512B) native alloc=2MB (2553824B) free=4MB (4261920B)
06-15 19:57:32.023 26173 26173 I dex2oat : /system/bin/dex2oat --debuggable -j4 --dex-file=/data/data/org.c0reteam.audiotest/files/instant-run/dex/slice-com.android.support-animated-vector-drawable-24.2.1_0a9b311c0328433c5c172163300ba5d525da05e4-classes.dex --oat-fd=37 --oat-location=/data/user/0/org.c0reteam.audiotest/cache/slice-com.android.support-animated-vector-drawable-24.2.1_0a9b311c0328433c5c172163300ba5d525da05e4-classes.dex --compiler-filter=speed
06-15 19:57:32.173 26173 26173 I dex2oat : dex2oat took 150.704ms (threads: 4) arena alloc=354KB (363048B) java alloc=45KB (46912B) native alloc=658KB (674112B) free=2MB (2471616B)
06-15 19:57:32.182 26022 26022 W System  : ClassLoader referenced unknown path: /data/app/org.c0reteam.audiotest-1/lib/arm64
06-15 19:57:32.327 26022 26022 W art     : Before Android 4.1, method android.graphics.PorterDuffColorFilter android.support.graphics.drawable.VectorDrawableCompat.updateTintFilter(android.graphics.PorterDuffColorFilter, android.content.res.ColorStateList, android.graphics.PorterDuff$Mode) would have incorrectly overridden the package-private method in android.graphics.drawable.Drawable
06-15 19:57:32.543 26022 26179 I Adreno  : QUALCOMM build                   : 6818200, Idb2b4cb785
06-15 19:57:32.543 26022 26179 I Adreno  : Build Date                       : 11/18/16
06-15 19:57:32.543 26022 26179 I Adreno  : OpenGL ES Shader Compiler Version: XE031.09.00.04
06-15 19:57:32.543 26022 26179 I Adreno  : Local Branch                     : N25
06-15 19:57:32.543 26022 26179 I Adreno  : Remote Branch                    :
06-15 19:57:32.543 26022 26179 I Adreno  : Remote Branch                    :
06-15 19:57:32.543 26022 26179 I Adreno  : Reconstruct Branch               :
06-15 19:57:32.560 26022 26179 I OpenGLRenderer: Initialized EGL, version 1.4
06-15 19:57:32.560 26022 26179 D OpenGLRenderer: Swap behavior 1
06-15 19:57:32.740   934   955 I ActivityManager: Displayed org.c0reteam.audiotest/.AudioTest: +8s865ms (total +16h15m56s389ms)
06-15 19:57:33.506 26022 26022 D path=   : /data/user/0/org.c0reteam.audiotest/files/poc
06-15 19:57:33.506 26022 26022 D cmd=    : chmod 755 /data/user/0/org.c0reteam.audiotest/files/poc
06-15 19:57:33.514 12736 12745 D audio_hw_primary: enable_snd_device: snd_device(78: vi-feedback)
06-15 19:57:33.515 12736 12745 D audio_hw_primary: enable_audio_route: usecase(21) apply and update mixer path: spkr-vi-record
06-15 19:57:33.529 26022 26022 D exec return :
06-15 19:57:33.529 26022 26022 D cmd=    : /data/user/0/org.c0reteam.audiotest/files/poc
06-15 19:57:33.540 12736 12745 D audio_hw_primary: enable_audio_route: usecase(1) apply and update mixer path: low-latency-playback
06-15 19:57:33.605 26191 26191 I         : fuzzIAudioPolicyService
06-15 19:57:33.606 26191 26191 D         : InterfaceDescriptor is a
06-15 19:57:33.607 12736 12761 D PermissionCache: checking android.permission.MODIFY_AUDIO_SETTINGS for uid=10197 => granted (698 us)
--------- beginning of crash
06-15 19:57:33.607 12736 12761 F libc    : Fatal signal 11 (SIGSEGV), code 1, fault addr 0x0 in tid 12761 (Binder:12736_2)
06-15 19:57:33.608   379   379 W         : debuggerd: handling request: pid=12736 uid=1041 gid=1005 tid=12761
06-15 19:57:33.670 26192 26192 F DEBUG   : *** *** *** *** *** *** *** *** *** *** *** *** *** *** *** ***
06-15 19:57:33.670 26192 26192 F DEBUG   : Build fingerprint: 'google/bullhead/bullhead:7.1.2/N2G48C/4104010:userdebug/dev-keys'
06-15 19:57:33.670 26192 26192 F DEBUG   : Revision: 'rev_1.0'
06-15 19:57:33.670 26192 26192 F DEBUG   : ABI: 'arm'
06-15 19:57:33.670 26192 26192 F DEBUG   : pid: 12736, tid: 12761, name: Binder:12736_2  >>> /system/bin/audioserver <<<
06-15 19:57:33.670 26192 26192 F DEBUG   : signal 11 (SIGSEGV), code 1 (SEGV_MAPERR), fault addr 0x0
06-15 19:57:33.670 26192 26192 F DEBUG   :     r0 00000000  r1 00000000  r2 0000005f  r3 00000000
06-15 19:57:33.670 26192 26192 F DEBUG   :     r4 ffffffff  r5 00000000  r6 f14f9000  r7 00000001
06-15 19:57:33.670 26192 26192 F DEBUG   :     r8 00000004  r9 f3353114  sl f3313900  fp 00000000
06-15 19:57:33.670 26192 26192 F DEBUG   :     ip f3bd4d88  sp f127d9c8  lr f3b9cbc5  pc f3b65af4  cpsr 60000030
06-15 19:57:33.676 26192 26192 F DEBUG   :
06-15 19:57:33.676 26192 26192 F DEBUG   : backtrace:
06-15 19:57:33.677 26192 26192 F DEBUG   :     #00 pc 00018af4  /system/lib/libc.so (strlen+71)
06-15 19:57:33.677 26192 26192 F DEBUG   :     #01 pc 0004fbc1  /system/lib/libc.so (__strlen_chk+4)
06-15 19:57:33.677 26192 26192 F DEBUG   :     #02 pc 0000c599  /system/lib/libutils.so (_ZN7android7String8C2EPKc+12)
06-15 19:57:33.677 26192 26192 F DEBUG   :     #03 pc 0002fdbf  /system/lib/libaudiopolicymanagerdefault.so (_ZNK7android18HwModuleCollection19getDeviceDescriptorEjPKcS2_b+458)
06-15 19:57:33.677 26192 26192 F DEBUG   :     #04 pc 0001de47  /system/lib/libaudiopolicymanagerdefault.so (_ZN7android18AudioPolicyManager27setDeviceConnectionStateIntEj24audio_policy_dev_state_tPKcS3_+178)
06-15 19:57:33.677 26192 26192 F DEBUG   :     #05 pc 0000a009  /system/lib/libaudiopolicyservice.so
06-15 19:57:33.677 26192 26192 F DEBUG   :     #06 pc 000a01a5  /system/lib/libmedia.so (_ZN7android20BnAudioPolicyService10onTransactEjRKNS_6ParcelEPS1_j+1256)
06-15 19:57:33.677 26192 26192 F DEBUG   :     #07 pc 000359c3  /system/lib/libbinder.so (_ZN7android7BBinder8transactEjRKNS_6ParcelEPS1_j+70)
06-15 19:57:33.677 26192 26192 F DEBUG   :     #08 pc 0003d1bb  /system/lib/libbinder.so (_ZN7android14IPCThreadState14executeCommandEi+702)
06-15 19:57:33.677 26192 26192 F DEBUG   :     #09 pc 0003ce07  /system/lib/libbinder.so (_ZN7android14IPCThreadState20getAndExecuteCommandEv+114)
06-15 19:57:33.677 26192 26192 F DEBUG   :     #10 pc 0003d31b  /system/lib/libbinder.so (_ZN7android14IPCThreadState14joinThreadPoolEb+46)
06-15 19:57:33.678 26192 26192 F DEBUG   :     #11 pc 0004f8c5  /system/lib/libbinder.so
06-15 19:57:33.678 26192 26192 F DEBUG   :     #12 pc 0000e345  /system/lib/libutils.so (_ZN7android6Thread11_threadLoopEPv+140)
06-15 19:57:33.678 26192 26192 F DEBUG   :     #13 pc 000470b3  /system/lib/libc.so (_ZL15__pthread_startPv+22)
06-15 19:57:33.678 26192 26192 F DEBUG   :     #14 pc 00019e3d  /system/lib/libc.so (__start_thread+6)
06-15 19:57:33.839   934  2991 W NativeCrashListener: Couldn't find ProcessRecord for pid 12736
06-15 19:57:33.846   934   952 I BootReceiver: Copying /data/tombstones/tombstone_01 to DropBox (SYSTEM_TOMBSTONE)
06-15 19:57:33.847   379   379 W         : debuggerd: resuming target 12736
06-15 19:57:33.854   414   414 I ServiceManager: service 'media.sound_trigger_hw' died
06-15 19:57:33.854   414   414 I ServiceManager: service 'media.radio' died
06-15 19:57:33.854   414   414 I ServiceManager: service 'media.audio_flinger' died
06-15 19:57:33.854   414   414 I ServiceManager: service 'media.audio_policy' died
06-15 19:57:33.855   934  3931 W AudioSystem: AudioFlinger server died!
06-15 19:57:33.855   934  3904 W AudioSystem: AudioPolicyService server died!
06-15 19:57:33.855   934  3904 W AudioSystem: AudioPolicyService server died!
06-15 19:57:33.855   934  3931 W AudioSystem: AudioFlinger server died!
06-15 19:57:33.857   541   631 I ThermalEngine: Thermal-Server: removing client on fd 52
06-15 19:57:33.857   934  2948 E AudioService: Audioserver died.
06-15 19:57:33.857   934   934 I ServiceManager: Waiting for service media.audio_policy...
06-15 19:57:33.857   934  2948 E AudioService: Audioserver died.
06-15 19:57:33.865 26022 26022 D path=   : /data/user/0/org.c0reteam.audiotest/files/poc
06-15 19:57:33.866 26022 26022 D cmd=    : chmod 755 /data/user/0/org.c0reteam.audiotest/files/poc
06-15 19:57:33.871   934 28743 W AudioTrack: dead IAudioTrack, PCM, creating a new one from processAudioBuffer()
06-15 19:57:33.894 26022 26022 D exec return :
06-15 19:57:33.894 26022 26022 D cmd=    : /data/user/0/org.c0reteam.audiotest/files/poc
06-15 19:57:33.968 26200 26200 I         : fuzzIAudioPolicyService
06-15 19:57:33.968 26200 26200 I ServiceManager: Waiting for service media.audio_policy...
06-15 19:57:34.034 26201 26201 I         : sMaxFastTracks = 8
06-15 19:57:34.035 26201 26201 I audioserver: ServiceManager: 0xe6b19420
06-15 19:57:34.035 26201 26201 I AudioFlinger: Using 300 mSec as standby time.
06-15 19:57:34.036 26201 26201 I AudioPolicyService: AudioPolicyService CSTOR in new mode
06-15 19:57:34.048 26201 26201 D audio_hw_primary: adev_open: enter
06-15 19:57:34.065 26201 26201 I audio_hw_extn: audio_extn_set_snd_card_split: snd_card_name(msm8994-tomtom-snd-card) device(msm8994) snd_card(tomtom) form_factor(snd)
06-15 19:57:34.066 26201 26201 D msm8974_platform: platform_add_operator_specific_device: device[voice-dmic-ef] -> operator[verizon] mixer_path[voice-dmic-ef-vzwusc] acdb_id[130]
06-15 19:57:34.066 26201 26201 D msm8974_platform: platform_add_operator_specific_device: device[voice-dmic-ef] -> operator[uscellular] mixer_path[voice-dmic-ef-vzwusc] acdb_id[130]
06-15 19:57:34.066 26201 26201 D msm8974_platform: platform_add_operator_specific_device: device[voice-handset] -> operator[verizon] mixer_path[voice-handset-vzwusc] acdb_id[131]
06-15 19:57:34.066 26201 26201 D msm8974_platform: platform_add_operator_specific_device: device[voice-handset] -> operator[uscellular] mixer_path[voice-handset-vzwusc] acdb_id[131]
06-15 19:57:34.066 26201 26201 D msm8974_platform: platform_add_operator_specific_device: device[voice-headset-mic] -> operator[verizon] mixer_path[voice-headset-mic-vzwusc] acdb_id[132]
06-15 19:57:34.066 26201 26201 D msm8974_platform: platform_add_operator_specific_device: device[voice-headset-mic] -> operator[uscellular] mixer_path[voice-headset-mic-vzwusc] acdb_id[132]
06-15 19:57:34.066 26201 26201 D msm8974_platform: platform_add_operator_specific_device: device[voice-headphones] -> operator[verizon] mixer_path[voice-headphones-vzwusc] acdb_id[133]
06-15 19:57:34.066 26201 26201 D msm8974_platform: platform_add_operator_specific_device: device[voice-headphones] -> operator[uscellular] mixer_path[voice-headphones-vzwusc] acdb_id[133]
06-15 19:57:34.066 26201 26201 I msm8974_platform: platform_init: found sound card msm8994-tomtom-snd-card, primary sound card expeted is msm8994-tomtom-snd-card
06-15 19:57:34.066 26201 26201 D msm8974_platform: platform_init: Loading mixer file: /system/etc/mixer_paths.xml
06-15 19:57:34.390 26201 26201 E audio_route: Control 'MultiMedia4 Mixer MI2S_TX' doesn't exist - skipping
06-15 19:57:34.390 26201 26201 E audio_route: Control 'MultiMedia7 Mixer MI2S_TX' doesn't exist - skipping
06-15 19:57:34.390 26201 26201 E audio_route: Control 'MultiMedia10 Mixer MI2S_TX' doesn't exist - skipping
06-15 19:57:34.390 26201 26201 E audio_route: Control 'MultiMedia11 Mixer MI2S_TX' doesn't exist - skipping
06-15 19:57:34.391 26201 26201 E audio_route: Control 'MultiMedia12 Mixer MI2S_TX' doesn't exist - skipping
06-15 19:57:34.391 26201 26201 E audio_route: Control 'MultiMedia13 Mixer MI2S_TX' doesn't exist - skipping
06-15 19:57:34.391 26201 26201 E audio_route: Control 'MultiMedia14 Mixer MI2S_TX' doesn't exist - skipping
06-15 19:57:34.391 26201 26201 E audio_route: Control 'MultiMedia15 Mixer MI2S_TX' doesn't exist - skipping
06-15 19:57:34.391 26201 26201 E audio_route: Control 'MultiMedia16 Mixer MI2S_TX' doesn't exist - skipping
06-15 19:57:34.394 26201 26201 E audio_route: Control 'RX4 DSM MUX' doesn't exist - skipping
06-15 19:57:34.394 26201 26201 E audio_route: Control 'RX6 DSM MUX' doesn't exist - skipping
06-15 19:57:34.394 26201 26201 E audio_route: Control 'AFE_PCM_RX Port Mixer PRI_MI2S_TX' doesn't exist - skipping
06-15 19:57:34.394 26201 26201 E audio_route: unknown enum value string QUAT_MI2S_RX for ctl AUDIO_REF_EC_UL1 MUX
06-15 19:57:34.395 26201 26201 E audio_route: unknown enum value string SEC_AUX_PCM_RX for ctl AUDIO_REF_EC_UL1 MUX
06-15 19:57:34.397 26201 26201 E audio_route: Control 'MultiMedia8 Mixer SEC_AUX_PCM_UL_TX' doesn't exist - skipping
06-15 19:57:34.398 26201 26201 E audio_route: Control 'MultiMedia5 Mixer PRI_MI2S_TX' doesn't exist - skipping
06-15 19:57:34.407 26201 26201 E audio_route: Control 'HPHR DAC Switch' doesn't exist - skipping
06-15 19:57:34.411 26201 26201 D msm8974_platform: platform_init: Opened sound card:0
06-15 19:57:34.413 26201 26201 E msm8974_platform: platform_init: Could not find the symbol acdb_get_default_app_type from libacdbloader.so
06-15 19:57:34.417 26201 26201 E MCS-RT-CTL: Can't open the configuration file /system/etc/aanc_tuning_mixer.txt.
06-15 19:57:34.417 26201 26201 E ACDB-MCS: acdb_mcs_init: MCS routing control initialization failed.
06-15 19:57:34.427 26201 26201 D audio_hw_spkr_prot: audio_extn_spkr_prot_init: Initialize speaker protection module
06-15 19:57:34.428 26201 26201 I Thermal-Lib: Thermal-Lib-Client: Registraion successful for spkr with handle:1
06-15 19:57:34.428 26201 26201 D audio_hw_spkr_prot: audio_extn_spkr_prot_init: spkr_prot thermal_client_register_callback success
06-15 19:57:34.428 26201 26201 D audio_hw_spkr_prot: audio_extn_spkr_prot_init: Create calibration thread
06-15 19:57:34.428 26201 26201 D hardware_cal: hw_util_open: Opening device /dev/snd/hwC0D1000
06-15 19:57:34.428 26201 26201 D hardware_cal: hw_util_open: success
06-15 19:57:34.428 26201 26201 D hardware_cal: send_codec_cal cal sent for anc_cal
06-15 19:57:34.428 26201 26201 E ACDB-LOADER: ACDB -> send_codec_cal
06-15 19:57:34.428 26201 26201 E ACDB-LOADER: ACDB -> ACDB_CMD_GET_CODEC_CAL_DATA
06-15 19:57:34.428 26201 26201 D hardware_cal: send_codec_cal cal sent for mad_cal
06-15 19:57:34.428 26201 26209 D audio_hw_spkr_prot: spkr_prot_thread enable prot Entry
06-15 19:57:34.428 26201 26201 D hardware_cal: send_codec_cal cal sent for mbhc_cal
06-15 19:57:34.428 26201 26209 D audio_hw_spkr_prot: set_spkr_prot_cal: quick calibration disabled
06-15 19:57:34.428 26201 26201 E ext_speaker: open_speaker_bundle: DLOPEN failed for /system/lib/soundfx/libspeakerbundle.so
06-15 19:57:34.428   541   631 I ThermalEngine: Thermal-Server: Adding thermal event listener on fd 52
06-15 19:57:34.429 26201 26208 I Thermal-Lib: Thermal-Lib-Client: Client received msg camera 0
06-15 19:57:34.429 26201 26208 E Thermal-Lib: Thermal-Lib-Client: No Callback registered for camera
