09-23 01:55:44.956   516   571 I EventHub: New device: id=2, fd=100, path='/dev/input/event2', name='gpio-keys', classes=0x81, configuration='', keyLayout='/system/usr/keylayout/Generic.kl', keyCharacterMap='/system/usr/keychars/Generic.kcm', builtinKeyboard=false, wakeMechanism=EPOLLWAKEUP, usingClockIoctl=true
09-23 01:55:44.956   516   571 D EventHub: No input device configuration file found for device 'tegra-snd-t210ref-mobile-rt5677 Headset Jack'.
09-23 01:55:44.958   516   571 W EventHub: Unable to disable kernel key repeat for /dev/input/event1: Function not implemented
09-23 01:55:44.958   516   571 I EventHub: New device: id=3, fd=101, path='/dev/input/event1', name='tegra-snd-t210ref-mobile-rt5677 Headset Jack', classes=0x81, configuration='', keyLayout='/system/usr/keylayout/Generic.kl', keyCharacterMap='/system/usr/keychars/Generic.kcm', builtinKeyboard=false, wakeMechanism=EPOLLWAKEUP, usingClockIoctl=true
09-23 01:55:44.958   516   516 D BluetoothManagerService: Loading stored name and address
09-23 01:55:44.959   516   516 D BluetoothManagerService: Stored bluetooth Name=Pixel C,Address=22:22:E3:AC:CE:F2
09-23 01:55:44.959   516   516 D BluetoothManagerService: Bluetooth persisted state: 1
09-23 01:55:44.959   516   516 D BluetoothManagerService: Startup: Bluetooth persisted state is ON.
09-23 01:55:44.959   516   516 I SystemServer: ConnectivityMetricsLoggerService
09-23 01:55:44.959   516   516 I SystemServiceManager: Starting com.android.server.connectivity.MetricsLoggerService
09-23 01:55:44.960   516   571 I InputReader: Device added: id=-1, name='Virtual', sources=0x00000301
09-23 01:55:44.960   516   571 I InputReader: Device added: id=3, name='tegra-snd-t210ref-mobile-rt5677 Headset Jack', sources=0x80000101
09-23 01:55:44.961   516   571 I InputReader: Device added: id=2, name='gpio-keys', sources=0x80000101
09-23 01:55:44.961   516   571 I InputReader:   Touch device 'hid-over-i2c 06CB:3370' could not query the properties of its associated display.  The device will be inoperable until the display size becomes available.
09-23 01:55:44.961   516   571 I InputReader: Device added: id=1, name='hid-over-i2c 06CB:3370', sources=0x00001002
09-23 01:55:44.961   516   516 I SystemServer: IpConnectivityMetrics
09-23 01:55:44.962   516   516 I SystemServiceManager: Starting com.android.server.connectivity.IpConnectivityMetrics
09-23 01:55:44.962   516   516 I SystemServer: PinnerService
09-23 01:55:44.962   516   516 I SystemServiceManager: Starting com.android.server.PinnerService
09-23 01:55:44.963   516   516 I SystemServiceManager: Starting com.android.server.InputMethodManagerService$Lifecycle
09-23 01:55:45.021   516   516 I SystemServer: StartAccessibilityManagerService
09-23 01:55:45.027   516   516 I ActivityManager: Config changes=1df8 {1.0 ?mcc?mnc [en_US] ldltr sw900dp w1280dp h900dp 320dpi xlrg land ?uimode ?night -touch -keyb/v/h -nav/h s.2}
09-23 01:55:45.034   516   537 I ActivityManager: Config changes=400 {1.0 ?mcc?mnc [en_US] ldltr sw900dp w1280dp h820dp 320dpi xlrg land ?uimode ?night -touch -keyb/v/h -nav/h s.3}
09-23 01:55:45.041   516   516 I ActivityManager: Config changes=8 {1.0 ?mcc?mnc [en_US] ldltr sw900dp w1280dp h820dp 320dpi xlrg land ?uimode ?night finger -keyb/v/h -nav/h s.4}
09-23 01:55:45.053   516   529 I UsageStatsService: User[0] Rollover scheduled @ 2017-09-23 01:43:54(1506131034120)
09-23 01:55:45.055   516   529 I UsageStatsService: User[0] Rolling over usage stats
09-23 01:55:45.055   516   516 I SystemServiceManager: Starting com.android.server.MountService$Lifecycle
09-23 01:55:45.056   516   571 I InputReader: Reconfiguring input devices.  changes=0x00000004
09-23 01:55:45.056   516   571 I InputReader: Device reconfigured: id=1, name='hid-over-i2c 06CB:3370', size 2560x1800, orientation 0, mode 1, display id 0
09-23 01:55:45.062   516   516 I SystemServiceManager: Starting com.android.server.UiModeManagerService
09-23 01:55:45.062   516   573 D MountService: Thinking about init, mSystemReady=false, mDaemonConnected=true
09-23 01:55:45.062   516   573 D MountService: Thinking about reset, mSystemReady=false, mDaemonConnected=true
09-23 01:55:45.063   516   573 D MountService: Thinking about init, mSystemReady=false, mDaemonConnected=true
09-23 01:55:45.063   516   573 D MountService: Thinking about reset, mSystemReady=false, mDaemonConnected=true
09-23 01:55:45.063   516   573 D CryptdConnector: SND -> {1 cryptfs getfield SystemLocale}
09-23 01:55:45.063   516   516 I ActivityManager: Config changes=200 {1.0 ?mcc?mnc [en_US] ldltr sw900dp w1280dp h820dp 320dpi xlrg land finger -keyb/v/h -nav/h s.5}
09-23 01:55:45.066   516   575 D CryptdConnector: RCV <- {113 1 en-US}
09-23 01:55:45.067   516   575 D CryptdConnector: RCV <- {200 1 0}
09-23 01:55:45.067   516   573 D MountService: Got locale en-US from mount service
09-23 01:55:45.069   516   529 I UsageStatsService: User[0] Rollover scheduled @ 2017-09-24 01:55:45(1506218145027)
09-23 01:55:45.069   516   529 I UsageStatsService: User[0] Rolling over usage stats complete. Took 14 milliseconds
09-23 01:55:45.071   516   516 I SystemServer: StartLockSettingsService
09-23 01:55:45.071   516   516 I SystemServiceManager: Starting com.android.server.LockSettingsService$Lifecycle
09-23 01:55:45.074   516   573 D MountService: Setting system properties to en-US from mount service
09-23 01:55:45.078   516   573 W MountService: No primary storage mounted!
09-23 01:55:45.078   516   573 D VoldConnector: SND -> {1 asec list}
09-23 01:55:45.079   516   574 D VoldConnector: RCV <- {200 1 asec operation succeeded}
09-23 01:55:45.079   516   573 I PackageManager: No secure containers found
09-23 01:55:45.079   516   573 W PackageManager: Not granting permission android.permission.MANAGE_DOCUMENTS to package com.google.android.youtube (protectionLevel=2 flags=0x3c59be45)
09-23 01:55:45.079   516   573 W PackageManager: Unknown permission com.google.android.launcher.permission.CONTENT_REDIRECT in package com.google.android.googlequicksearchbox
09-23 01:55:45.079   516   573 W PackageManager: Unknown permission com.google.android.voicesearch.SHORTCUTS_ACCESS in package com.google.android.googlequicksearchbox
09-23 01:55:45.079   516   573 W PackageManager: Unknown permission com.google.android.voicesearch.ACCESS_SETTINGS in package com.google.android.googlequicksearchbox
09-23 01:55:45.079   516   573 W PackageManager: Unknown permission com.android.browser.permission.PRELOAD in package com.google.android.googlequicksearchbox
09-23 01:55:45.079   516   573 W PackageManager: Unknown permission com.google.android.ears.permission.WRITE in package com.google.android.googlequicksearchbox
09-23 01:55:45.080   516   573 W PackageManager: Unknown permission com.google.android.apps.googlevoice.permission.AUTO_SEND in package com.google.android.googlequicksearchbox
09-23 01:55:45.080   516   573 W PackageManager: Unknown permission com.android.chrome.PRERENDER_URL in package com.google.android.googlequicksearchbox
09-23 01:55:45.080   516   573 W PackageManager: Not granting permission com.google.android.googleapps.permission.GOOGLE_AUTH to package com.android.providers.calendar (protectionLevel=2 flags=0x30083e45)
09-23 01:55:45.080   516   573 W PackageManager: Not granting permission com.google.android.googleapps.permission.GOOGLE_AUTH.cl to package com.android.providers.calendar (protectionLevel=2 flags=0x30083e45)
09-23 01:55:45.080   516   573 W PackageManager: Unknown permission com.android.launcher.permission.READ_SETTINGS in package com.google.android.apps.pixelclauncher
09-23 01:55:45.080   516   573 W PackageManager: Not granting permission android.permission.WRITE_SECURE_SETTINGS to package com.google.android.apps.enterprise.dmagent (protectionLevel=50 flags=0x38083e05)
09-23 01:55:45.080   516   573 W PackageManager: Not granting permission android.permission.CONNECTIVITY_INTERNAL to package com.google.android.apps.enterprise.dmagent (protectionLevel=18 flags=0x38083e05)
09-23 01:55:45.080   516   573 W PackageManager: Not granting permission android.permission.MANAGE_USB to package com.google.android.apps.enterprise.dmagent (protectionLevel=18 flags=0x38083e05)
09-23 01:55:45.080   516   573 W PackageManager: Not granting permission android.permission.CHANGE_COMPONENT_ENABLED_STATE to package com.google.android.apps.enterprise.dmagent (protectionLevel=18 flags=0x38083e05)
09-23 01:55:45.080   516   573 W PackageManager: Not granting permission android.permission.MANAGE_CA_CERTIFICATES to package com.google.android.apps.enterprise.dmagent (protectionLevel=18 flags=0x38083e05)
09-23 01:55:45.080   516   573 W PackageManager: Not granting permission android.permission.MANAGE_USERS to package com.google.android.apps.enterprise.dmagent (protectionLevel=18 flags=0x38083e05)
09-23 01:55:45.080   516   573 W PackageManager: Not granting permission android.permission.SEND_DOWNLOAD_COMPLETED_INTENTS to package com.android.vending (protectionLevel=2 flags=0x384abe45)
09-23 01:55:45.081   516   573 W PackageManager: Unknown permission com.google.android.email.permission.ACCESS_PROVIDER in package com.google.android.gm
09-23 01:55:45.081   516   573 W PackageManager: Unknown permission com.google.android.gm.exchange.BIND in package com.google.android.gm
09-23 01:55:45.081   516   573 W PackageManager: Unknown permission com.android.email.partnerprovider.PARTNER_PROVIDER in package com.google.android.gm
09-23 01:55:45.081   516   573 W PackageManager: Unknown permission com.samsung.android.providers.context.permission.WRITE_USE_APP_FEATURE_SURVEY in package com.google.android.music
09-23 01:55:45.081   516   573 W PackageManager: Unknown permission android.permission.WRITE_SYNC_STATS in package com.google.android.apps.docs
09-23 01:55:45.081   516   573 W PackageManager: Not granting permission android.permission.INTERACT_ACROSS_USERS to package com.google.android.syncadapters.contacts (protectionLevel=50 flags=0x38083e45)
09-23 01:55:45.082   516   516 I SystemServiceManager: Starting com.android.server.PersistentDataBlockService
09-23 01:55:45.082   516   573 W PackageManager: Unknown permission com.google.android.syncadapters.contacts.permission.GAL_SEARCH in package com.google.android.syncadapters.contacts
09-23 01:55:45.082   516   573 W PackageManager: Unknown permission com.chrome.permission.DEVICE_EXTRAS in package com.android.chrome
09-23 01:55:45.082   516   573 W PackageManager: Unknown permission com.sec.enterprise.knox.MDM_CONTENT_PROVIDER in package com.android.chrome
09-23 01:55:45.082   516   573 W PackageManager: Unknown permission com.google.android.permission.INSTALL_WEARABLE_PACKAGES in package com.google.android.packageinstaller
09-23 01:55:45.082   516   573 W PackageManager: Unknown permission com.google.android.wearable.READ_SETTINGS in package com.google.android.gms
09-23 01:55:45.082   516   573 W PackageManager: Unknown permission com.google.android.wh.supervisor.permission.ACCESS_METADATA_SERVICE in package com.google.android.gms
09-23 01:55:45.083   516   573 W PackageManager: Unknown permission com.android.launcher.permission.PRELOAD_WORKSPACE in package com.google.android.partnersetup
09-23 01:55:45.083   516   573 W PackageManager: Not granting permission com.google.android.googleapps.permission.GOOGLE_AUTH to package com.google.android.videos (protectionLevel=2 flags=0x385bbe45)
09-23 01:55:45.083   516   573 W PackageManager: Unknown permission com.google.android.gallery3d.permission.PICASA_STORE in package com.google.android.apps.photos
09-23 01:55:45.083   516   573 W PackageManager: Not granting permission android.permission.WRITE_MEDIA_STORAGE to package com.google.android.apps.photos (protectionLevel=18 flags=0x3858be45)
09-23 01:55:45.083   516   573 W PackageManager: Unknown permission com.google.android.gm.exchange.BIND in package com.google.android.calendar
09-23 01:55:45.083   516   573 W PackageManager: Not granting permission android.permission.DUMP to package com.google.android.apps.internal.betterbug (protectionLevel=50 flags=0x3808be45)
09-23 01:55:45.083   516   573 W PackageManager: Not granting permission android.permission.CONTROL_KEYGUARD to package com.google.android.gsf.login (protectionLevel=2 flags=0x3048be45)
09-23 01:55:45.083   516   573 W PackageManager: Unknown permission com.android.vending.billing.IBillingAccountService.BIND2 in package com.google.android.gsf.login
09-23 01:55:45.083   516   573 W PackageManager: Unknown permission com.android.launcher.permission.READ_SETTINGS in package com.android.settings
09-23 01:55:45.083   516   573 W PackageManager: Unknown permission com.android.launcher.permission.WRITE_SETTINGS in package com.android.settings
09-23 01:55:45.084   516   573 W PackageManager: Not granting permission android.permission.REGISTER_CONNECTION_MANAGER to package com.google.android.talk (protectionLevel=18 flags=0x3059be45)
09-23 01:55:45.084   516   573 W PackageManager: Unknown permission com.android.smspush.WAPPUSH_MANAGER_BIND in package com.android.phone
09-23 01:55:45.084   516   573 W PackageManager: Unknown permission com.google.android.gallery3d.permission.GALLERY_PROVIDER in package com.android.bluetooth
09-23 01:55:45.084   516   573 W PackageManager: Unknown permission com.android.gallery3d.permission.GALLERY_PROVIDER in package com.android.bluetooth
09-23 01:55:45.084   516   573 W PackageManager: Not granting permission android.permission.BIND_WALLPAPER to package com.google.android.GoogleCamera (protectionLevel=18 flags=0x30583c45)
09-23 01:55:45.084   516   573 W PackageManager: Unknown permission com.google.android.gallery3d.permission.GALLERY_PROVIDER in package com.google.android.GoogleCamera
09-23 01:55:45.138   516   573 W MountService: No primary storage defined yet; hacking together a stub
09-23 01:55:45.139   516   573 W MountService: No primary storage defined yet; hacking together a stub
09-23 01:55:45.139   516   573 W MountService: No primary storage mounted!
09-23 01:55:45.139   516   573 D VoldConnector: SND -> {2 asec list}
09-23 01:55:45.140   516   574 D VoldConnector: RCV <- {200 2 asec operation succeeded}
09-23 01:55:45.151   516   516 I SystemServiceManager: Starting com.android.server.DeviceIdleController
09-23 01:55:45.156   516   516 I SystemServiceManager: Starting com.android.server.devicepolicy.DevicePolicyManagerService$Lifecycle
09-23 01:55:45.164   516   516 I SystemServer: StartStatusBarManagerService
09-23 01:55:45.167   516   516 I SystemServer: StartClipboardService
09-23 01:55:45.168   516   516 I SystemServer: StartNetworkManagementService
09-23 01:55:45.170   516   576 I NetworkManagement: onDaemonConnected()
09-23 01:55:45.171   516   516 I SystemServiceManager: Starting com.android.server.TextServicesManagerService$Lifecycle
09-23 01:55:45.172   516   516 W TextServicesManagerService: no available spell checker services found
09-23 01:55:45.173   516   516 I SystemServer: StartNetworkScoreService
09-23 01:55:45.174   516   516 I SystemServer: StartNetworkStatsService
09-23 01:55:45.181   516   516 I SystemServer: StartNetworkPolicyManagerService
09-23 01:55:45.187   516   516 I SystemServer: No Wi-Fi NAN Service (NAN support Not Present)
09-23 01:55:45.202   516   516 I SystemServiceManager: Starting com.android.server.wifi.p2p.WifiP2pService
09-23 01:55:45.220   516   516 I WifiP2pService: Registering wifip2p
09-23 01:55:45.221   516   516 I SystemServiceManager: Starting com.android.server.wifi.WifiService
09-23 01:55:45.231   516   516 D WifiCountryCode: Country code will be reverted to US on MCC loss
09-23 01:55:45.264   516   516 D HS20    : Passpoint is enabled
09-23 01:55:45.274   252   512 D CommandListener: Clearing all IP addresses on wlan0
09-23 01:55:45.476   516   516 W art     : Long monitor contention with owner WifiStateMachine (581) at boolean com.android.server.wifi.WifiNative.unloadDriverNative()(WifiNative.java:-2) waiters=0 in java.lang.String com.android.server.wifi.WifiNative.doStringCommand(java.lang.String) for 201ms
09-23 01:55:45.476   516   581 D WifiApConfigStore: 2G band allowed channels are:1,6,11
09-23 01:55:45.477   516   516 E WifiLogger: no ring buffers found
09-23 01:55:45.477   516   516 E WifiLogger: Failed to start packet fate monitoring
09-23 01:55:45.489   516   516 D WifiController: isAirplaneModeOn = false, isWifiEnabled = false, isScanningAvailable = false
09-23 01:55:45.493   516   516 I WifiService: Registering wifi
09-23 01:55:45.498   516   516 I SystemServiceManager: Starting com.android.server.wifi.scanner.WifiScanningService
09-23 01:55:45.499   516   516 I WifiScanningService: Creating wifiscanner
09-23 01:55:45.500   516   516 I WifiScanningService: Publishing wifiscanner
09-23 01:55:45.503   516   516 I SystemServiceManager: Starting com.android.server.wifi.RttService
09-23 01:55:45.504   516   516 I RttService: Creating rttmanager
09-23 01:55:45.505   516   516 I RttService: Starting rttmanager
09-23 01:55:45.507   516   516 I SystemServiceManager: Starting com.android.server.ethernet.EthernetService
09-23 01:55:45.507   516   516 I EthernetServiceImpl: Creating EthernetConfigStore
09-23 01:55:45.510   516   516 E IpConfigStore: Error parsing configuration: java.io.FileNotFoundException: /data/misc/ethernet/ipconfig.txt (No such file or directory)
09-23 01:55:45.510   516   516 W EthernetConfigStore: No Ethernet configuration found. Using default.
09-23 01:55:45.510   516   516 I EthernetServiceImpl: Read stored IP configuration: IP assignment: DHCP
09-23 01:55:45.510   516   516 I EthernetServiceImpl: Proxy settings: NONE
09-23 01:55:45.511   516   516 I EthernetService: Registering service ethernet
09-23 01:55:45.512   516   516 I SystemServer: StartConnectivityService
09-23 01:55:45.516   516   516 D ConnectivityService: ConnectivityService starting up
09-23 01:55:45.518   516   516 D ConnectivityService: wifiOnly=true
09-23 01:55:45.519   516   516 D ConnectivityService: networkAttributes - ignoring mobile as this dev is wifiOnly 0
09-23 01:55:45.519   516   516 D ConnectivityService: networkAttributes - ignoring mobile as this dev is wifiOnly 2
09-23 01:55:45.519   516   516 D ConnectivityService: networkAttributes - ignoring mobile as this dev is wifiOnly 3
09-23 01:55:45.519   516   516 D ConnectivityService: networkAttributes - ignoring mobile as this dev is wifiOnly 5
09-23 01:55:45.519   516   516 D ConnectivityService: networkAttributes - ignoring mobile as this dev is wifiOnly 10
09-23 01:55:45.519   516   516 D ConnectivityService: networkAttributes - ignoring mobile as this dev is wifiOnly 11
09-23 01:55:45.519   516   516 D ConnectivityService: networkAttributes - ignoring mobile as this dev is wifiOnly 12
09-23 01:55:45.519   516   516 D ConnectivityService: networkAttributes - ignoring mobile as this dev is wifiOnly 14
09-23 01:55:45.519   516   516 D ConnectivityService: networkAttributes - ignoring mobile as this dev is wifiOnly 15
09-23 01:55:45.519   516   516 E ConnectivityService: Ignoring protectedNetwork 10
09-23 01:55:45.519   516   516 E ConnectivityService: Ignoring protectedNetwork 11
09-23 01:55:45.519   516   516 E ConnectivityService: Ignoring protectedNetwork 12
09-23 01:55:45.519   516   516 E ConnectivityService: Ignoring protectedNetwork 14
09-23 01:55:45.519   516   516 E ConnectivityService: Ignoring protectedNetwork 15
09-23 01:55:45.528   516   516 I SystemServer: StartNsdService
09-23 01:55:45.530   516   516 I SystemServer: StartUpdateLockService
09-23 01:55:45.531   516   516 I SystemServiceManager: Starting com.android.server.RecoverySystemService
09-23 01:55:45.533   516   516 I SystemServiceManager: Starting com.android.server.notification.NotificationManagerService
09-23 01:55:45.546   516   516 D ConditionProviders.SCP: new ScheduleConditionProvider()
09-23 01:55:45.549   516   516 D ZenLog  : config: readXml,ZenModeConfig[user=0,allowCalls=true,allowRepeatCallers=false,allowMessages=false,allowCallsFrom=contacts,allowMessagesFrom=contacts,allowReminders=true,allowEvents=true,allowWhenScreenOff=true,allowWhenScreenOn=true,automaticRules={c93987e11cb54bfa82b61e97da8efdc8=ZenRule[enabled=false,snoozing=false,name=Weekend,zenMode=ZEN_MODE_ALARMS,conditionId=condition://android/schedule?days=6.7&start=23.30&end=10.0&exitAtAlarm=false,condition=Condition[id=condition://android/schedule?days=6.7&start=23.30&end=10.0&exitAtAlarm=false,summary=...,line1=...,line2=...,icon=0,state=STATE_TRUE,flags=2],component=ComponentInfo{android/com.android.server.notification.ScheduleConditionProvider},id=c93987e11cb54bfa82b61e97da8efdc8,creationTime=1486411995872,enabler=null], 998a4fdfb8f2465bb809753f8f5172f1=ZenRule[enabled=false,snoozing=false,name=Event,zenMode=ZEN_MODE_ALARMS,conditionId=condition://android/event?userId=-10000&calendar=&reply=1,condition=Condition[id=condition://android/event?userId=-10000&calendar=&reply=1,summary=...,line1=...,line2=...,icon=0,state=STATE_FALSE,flags=2],component=ComponentInfo{android/com.android.server.notification.EventConditionProvider},id=998a4fdfb8f2465bb809753f8f5172f1,creationTime=1486411995872,enabler=null], 651bcefad2f047e19a76a25bbaa7f090=ZenRule[enabled=false,snoozing=false,name=Weeknight,zenMode=ZEN_MODE_ALARMS,conditionId=condition://android/schedule?days=1.2.3.4.5&start=22.0&end=7.0&exitAtAlarm=false,condition=Condition[id=condition://android/schedule?days=1.2.3.4.5&start=22.0&end=7.0&exitAtAlarm=false,summary=...,line1=...,line2=...,icon=0,state=STATE_FALSE,flags=2],component=ComponentInfo{android/com.android.server.notification.ScheduleConditionProvider},id=651bcefad2f047e19a76a25bbaa7f090,creationTime=1486411995872,enabler=null]},manualRule=null],Diff[automaticRule[c93987e11cb54bfa82b61e97da8efdc8]:insert,automaticRule[998a4fdfb8f2465bb809753f8f5172f1]:insert,automaticRule[651bcefad2f047e19a76a25bbaa7f090]:insert,automaticRule[e900f8de626841178d2d5341b52022f6]:delete,automaticRule[64268aeb60ea490494fa0ad8b7f219e7]:delete,automaticRule[8dfa06ca63ed4300865ccb6788966ec7]:delete]
09-23 01:55:45.556   516   516 D ZenLog  : set_zen_mode: off,init
09-23 01:55:45.558   516   516 I SystemServiceManager: Starting com.android.server.storage.DeviceStorageMonitorService
09-23 01:55:45.561   516   516 I SystemServer: StartLocationManagerService
09-23 01:55:45.564   516   516 I SystemServer: StartCountryDetectorService
09-23 01:55:45.565   516   516 I SystemServer: StartSearchManagerService
09-23 01:55:45.565   516   516 I SystemServiceManager: Starting com.android.server.search.SearchManagerService$Lifecycle
09-23 01:55:45.566   516   516 I SystemServiceManager: Starting com.android.server.DropBoxManagerService
09-23 01:55:45.568   516   516 I SystemServer: StartWallpaperManagerService
09-23 01:55:45.568   516   516 I SystemServiceManager: Starting com.android.server.wallpaper.WallpaperManagerService$Lifecycle
09-23 01:55:45.570   516   516 E BitmapFactory: Unable to decode stream: java.io.FileNotFoundException: /data/system/users/0/wallpaper_orig (No such file or directory)
09-23 01:55:45.570   516   516 E WallpaperManagerService: Invalid wallpaper data
09-23 01:55:45.570   516   516 E WallpaperManagerService: Unable to apply new wallpaper
09-23 01:55:45.571   516   516 I SystemServer: StartAudioService
09-23 01:55:45.571   516   516 I SystemServiceManager: Starting com.android.server.audio.AudioService$Lifecycle
09-23 01:55:45.578   242   320 D PermissionCache: checking android.permission.MODIFY_AUDIO_SETTINGS for uid=1000 => granted (354 us)
09-23 01:55:45.580   516   516 W TelecomManager: Telecom Service not found.
09-23 01:55:45.582   242   310 W AudioFlinger: no wake lock to update, system not ready yet
09-23 01:55:45.604   516   516 I SystemServiceManager: Starting com.android.server.DockObserver
09-23 01:55:45.604   516   516 W DockObserver: This kernel does not have dock station support
09-23 01:55:45.606   516   516 I SystemServer: StartWiredAccessoryManager
09-23 01:55:45.607   516   516 W WiredAccessoryManager: This kernel does not have usb audio support
09-23 01:55:45.607   516   516 W WiredAccessoryManager: This kernel does not have HDMI audio support
09-23 01:55:45.607   516   516 I SystemServiceManager: Starting com.android.server.midi.MidiService$Lifecycle
09-23 01:55:45.609   516   516 I SystemServiceManager: Starting com.android.server.usb.UsbService$Lifecycle
09-23 01:55:45.616   516   516 E UsbDeviceManager: failed to write to /sys/class/android_usb/android0/f_rndis/ethaddr
09-23 01:55:45.616   516   516 I UsbDeviceManager: Setting USB config to adb
09-23 01:55:45.731   516   516 I SystemServer: StartSerialService
09-23 01:55:45.734   516   516 E HardwarePropertiesManagerService-JNI: Couldn't load thermal module (No such file or directory)
09-23 01:55:45.736   516   516 I SystemServiceManager: Starting com.android.server.twilight.TwilightService
09-23 01:55:45.738   516   516 I SystemServiceManager: Starting com.android.server.job.JobSchedulerService
09-23 01:55:45.741   516   516 D JobStore: Start tag: job-info
09-23 01:55:45.745   516   516 I SystemServiceManager: Starting com.android.server.soundtrigger.SoundTriggerService
09-23 01:55:45.746   516   516 I SystemServiceManager: Starting com.android.server.backup.BackupManagerService$Lifecycle
09-23 01:55:45.748   516   516 I SystemServiceManager: Starting com.android.server.appwidget.AppWidgetService
09-23 01:55:45.757   516   516 I SystemServiceManager: Starting com.android.server.voiceinteraction.VoiceInteractionManagerService
09-23 01:55:45.759   516   516 I SystemServer: Gesture Launcher Service
09-23 01:55:45.759   516   516 I SystemServiceManager: Starting com.android.server.GestureLauncherService
09-23 01:55:45.759   516   516 I SystemServiceManager: Starting com.android.server.SensorNotificationService
09-23 01:55:45.759   516   516 I SystemServiceManager: Starting com.android.server.ContextHubSystemService
09-23 01:55:45.763   516   516 E ContextHubService: ** Could not load context_hub module : err No such file or directory
09-23 01:55:45.763   516   516 W ContextHubService: No Context Hub Module present
09-23 01:55:45.763   516   516 I SystemServer: StartDiskStatsService
09-23 01:55:45.765   516   516 I SystemServer: StartSamplingProfilerService
09-23 01:55:45.769   516   516 I SystemServer: StartNetworkTimeUpdateService
09-23 01:55:45.770   516   516 I SystemServer: StartCommonTimeManagementService
09-23 01:55:45.771   516   516 I SystemServer: CertBlacklister
09-23 01:55:45.773   516   516 I SystemServiceManager: Starting com.android.server.emergency.EmergencyAffordanceService
09-23 01:55:45.774   516   516 I SystemServiceManager: Starting com.android.server.dreams.DreamManagerService
09-23 01:55:45.775   516   516 I SystemServer: StartAssetAtlasService
09-23 01:55:45.777   516   516 I SystemServiceManager: Starting com.android.server.print.PrintManagerService
09-23 01:55:45.778   516   600 D AssetAtlas: Loaded configuration: SliceMinArea (960x576) flags=0x2 count=98
09-23 01:55:45.784   516   516 I SystemServiceManager: Starting com.android.server.restrictions.RestrictionsManagerService
09-23 01:55:45.785   516   516 I SystemServiceManager: Starting com.android.server.media.MediaSessionService
09-23 01:55:45.791   516   516 I SystemServer: StartMediaRouterService
09-23 01:55:45.793   516   516 I SystemServiceManager: Starting com.android.server.trust.TrustManagerService
09-23 01:55:45.795   516   516 I SystemServer: StartBackgroundDexOptService
09-23 01:55:45.796   516   516 I SystemServiceManager: Starting com.android.server.pm.ShortcutService$Lifecycle
09-23 01:55:45.803   516   516 I SystemServiceManager: Starting com.android.server.pm.LauncherAppsService
09-23 01:55:45.806   516   516 I SystemServiceManager: Starting com.android.server.media.projection.MediaProjectionManagerService
09-23 01:55:45.806   516   600 D NvOsDebugPrintf: NvRmPrivGetChipPlatform: Could not read platform information
09-23 01:55:45.806   516   600 D NvOsDebugPrintf: Expected on kernels without fuse support, using silicon
09-23 01:55:45.809   516   516 V MediaRouter: Adding route: RouteInfo{ name=Tablet, description=null, status=null, category=RouteCategory{ name=null types=ROUTE_TYPE_LIVE_AUDIO ROUTE_TYPE_LIVE_VIDEO  groupable=false }, supportedTypes=ROUTE_TYPE_LIVE_AUDIO ROUTE_TYPE_LIVE_VIDEO , presentationDisplay=null }
09-23 01:55:45.810   516   516 V MediaRouter: Updating audio routes: AudioRoutesInfo{ type=SPEAKER }
09-23 01:55:45.811   516   516 V MediaRouter: Selecting route: RouteInfo{ name=Tablet, description=null, status=null, category=RouteCategory{ name=null types=ROUTE_TYPE_LIVE_AUDIO ROUTE_TYPE_LIVE_VIDEO  groupable=false }, supportedTypes=ROUTE_TYPE_LIVE_AUDIO ROUTE_TYPE_LIVE_VIDEO , presentationDisplay=null }
09-23 01:55:45.812   516   516 I WindowManager: SAFE MODE not enabled
09-23 01:55:45.812   516   516 I SystemServiceManager: Starting com.android.server.MmsServiceBroker
09-23 01:55:45.815   516   516 W VibratorService: Tried to stop vibrating but there is no vibrator device.
09-23 01:55:45.835   516   516 E LockSettingsStorage: Cannot read file java.io.FileNotFoundException: /data/system/gatekeeper.password.key: open failed: ENOENT (No such file or directory)
09-23 01:55:45.835   516   516 E LockSettingsStorage: Cannot read file java.io.FileNotFoundException: /data/system/password.key: open failed: ENOENT (No such file or directory)
09-23 01:55:45.836   516   516 E LockSettingsStorage: Cannot read file java.io.FileNotFoundException: /data/system/gatekeeper.pattern.key: open failed: ENOENT (No such file or directory)
09-23 01:55:45.836   516   516 E LockSettingsStorage: Cannot read file java.io.FileNotFoundException: /data/system/gatekeeper.gesture.key: open failed: ENOENT (No such file or directory)
09-23 01:55:45.836   516   516 E LockSettingsStorage: Cannot read file java.io.FileNotFoundException: /data/system/gesture.key: open failed: ENOENT (No such file or directory)
09-23 01:55:45.836   516   516 I SystemServiceManager: Starting phase 480
09-23 01:55:45.840   516   516 I DevicePolicyManagerService: Set ro.device_owner property to false
09-23 01:55:45.842   516   516 I SystemServiceManager: Starting phase 500
09-23 01:55:45.844   516   516 D ConnectivityMetricsLoggerService: onBootPhase: PHASE_SYSTEM_SERVICES_READY
09-23 01:55:45.849   516   516 I WifiService: WifiService starting up with Wi-Fi disabled
09-23 01:55:45.850   516   516 I WifiScanningService: Starting wifiscanner
09-23 01:55:45.853   516   516 I RttService: Registering rttmanager
09-23 01:55:45.853   516   516 I EthernetServiceImpl: Starting Ethernet service
09-23 01:55:45.855   516   516 D Ethernet: Registering NetworkFactory
09-23 01:55:45.855   516   585 D ConnectivityService: Got NetworkFactory Messenger for Ethernet
09-23 01:55:45.856   516   603 D Ethernet: got request NetworkRequest [ REQUEST id=1, [ Capabilities: INTERNET&NOT_RESTRICTED&TRUSTED&NOT_VPN] ] with score 0
09-23 01:55:45.858   516   516 D ZenLog  : config: cleanUpZenRules,ZenModeConfig[user=0,allowCalls=true,allowRepeatCallers=false,allowMessages=false,allowCallsFrom=contacts,allowMessagesFrom=contacts,allowReminders=true,allowEvents=true,allowWhenScreenOff=true,allowWhenScreenOn=true,automaticRules={c93987e11cb54bfa82b61e97da8efdc8=ZenRule[enabled=false,snoozing=false,name=Weekend,zenMode=ZEN_MODE_ALARMS,conditionId=condition://android/schedule?days=6.7&start=23.30&end=10.0&exitAtAlarm=false,condition=Condition[id=condition://android/schedule?days=6.7&start=23.30&end=10.0&exitAtAlarm=false,summary=...,line1=...,line2=...,icon=0,state=STATE_TRUE,flags=2],component=ComponentInfo{android/com.android.server.notification.ScheduleConditionProvider},id=c93987e11cb54bfa82b61e97da8efdc8,creationTime=1486411995872,enabler=null], 998a4fdfb8f2465bb809753f8f5172f1=ZenRule[enabled=false,snoozing=false,name=Event,zenMode=ZEN_MODE_ALARMS,conditionId=condition://android/event?userId=-10000&calendar=&reply=1,condition=Condition[id=condition://android/event?userId=-10000&calendar=&reply=1,summary=...,line1=...,line2=...,icon=0,state=STATE_FALSE,flags=2],component=ComponentInfo{android/com.android.server.notification.EventConditionProvider},id=998a4fdfb8f2465bb809753f8f5172f1,creationTime=1486411995872,enabler=null], 651bcefad2f047e19a76a25bbaa7f090=ZenRule[enabled=false,snoozing=false,name=Weeknight,zenMode=ZEN_MODE_ALARMS,conditionId=condition://android/schedule?days=1.2.3.4.5&start=22.0&end=7.0&exitAtAlarm=false,condition=Condition[id=condition://android/schedule?days=1.2.3.4.5&start=22.0&end=7.0&exitAtAlarm=false,summary=...,line1=...,line2=...,icon=0,state=STATE_FALSE,flags=2],component=ComponentInfo{android/com.android.server.notification.ScheduleConditionProvider},id=651bcefad2f047e19a76a25bbaa7f090,creationTime=1486411995872,enabler=null]},manualRule=null],Diff[]
09-23 01:55:45.858   516   516 D ZenLog  : set_zen_mode: off,onSystemReady
09-23 01:55:45.859   242   320 D PermissionCache: checking android.permission.CAPTURE_AUDIO_HOTWORD for uid=1000 => granted (146 us)
09-23 01:55:45.859   516   516 D ContextHubSystemService: onBootPhase: PHASE_SYSTEM_SERVICES_READY
09-23 01:55:45.872   516   516 V UserManagerService: Found /data/user_de/0 with serial number 0
09-23 01:55:45.872   516   516 V UserManagerService: Found /data/user/0 with serial number 0
09-23 01:55:45.873   516   516 V UserManagerService: Found /data/system_de/0 with serial number 0
09-23 01:55:45.873   516   516 V UserManagerService: Found /data/system_ce/0 with serial number 0
09-23 01:55:45.874   516   539 W KeyguardServiceDelegate: onScreenTurningOn(): no keyguard service!
09-23 01:55:45.876   516   516 I ActivityManager: System now ready
09-23 01:55:45.889   516   516 I SystemServer: Making services ready
09-23 01:55:45.889   516   516 I SystemServiceManager: Starting phase 550
09-23 01:55:45.914   516   516 D BluetoothManagerService: Bluetooth boot completed
09-23 01:55:45.914   516   516 D BluetoothManagerService: Auto-enabling Bluetooth.
09-23 01:55:45.914   516   536 D BluetoothManagerService: MESSAGE_ENABLE(0): mBluetooth = null
09-23 01:55:45.914   516   516 E InputMethodManagerService: Ignoring updateSystemUiLocked due to an invalid token. uid:1000 token:null
09-23 01:55:45.926   516   536 I Zygote  : Process: zygote socket opened, supported ABIS: arm64-v8a
09-23 01:55:45.936   516   536 I Zygote  : Process: zygote socket opened, supported ABIS: armeabi-v7a,armeabi
09-23 01:55:45.937   241   241 I art     : Starting a blocking GC Background
09-23 01:55:45.967   516   536 W ActivityManager: Slow operation: 52ms so far, now at startProcess: returned from zygote!
09-23 01:55:45.967   516   536 W ActivityManager: Slow operation: 52ms so far, now at startProcess: done updating battery stats
09-23 01:55:45.967   516   536 W ActivityManager: Slow operation: 52ms so far, now at startProcess: building log message
09-23 01:55:45.967   516   536 I ActivityManager: Start proc 611:com.android.bluetooth/1002 for service com.android.bluetooth/.btservice.AdapterService
09-23 01:55:45.967   516   536 W ActivityManager: Slow operation: 52ms so far, now at startProcess: starting to update pids map
09-23 01:55:45.967   516   536 W ActivityManager: Slow operation: 52ms so far, now at startProcess: done updating pids map
09-23 01:55:45.967   516   536 W ActivityManager: Slow operation: 52ms so far, now at startProcess: done starting proc!
09-23 01:55:45.971   516   600 D AssetAtlas: Rendered atlas in 186.03ms (18.86+167.17ms)
09-23 01:55:45.979   516   516 I ActivityManager: Start proc 616:com.google.android.inputmethod.latin/u0a65 for service com.google.android.inputmethod.latin/com.android.inputmethod.latin.LatinIME
09-23 01:55:45.979   516   516 V InputMethodManagerService: Adding window token: android.os.Binder@1751544
09-23 01:55:45.979   516   573 D MountService: Thinking about init, mSystemReady=true, mDaemonConnected=true
09-23 01:55:45.980   516   573 D MountService: Setting up emulation state, initlocked=false
09-23 01:55:45.980   516   516 W TextServicesManagerService: no available spell checker services found
09-23 01:55:45.980   516   573 D CryptdConnector: SND -> {2 cryptfs unlock_user_key 0 0 ! !}
09-23 01:55:45.980   167   174 D vold    : e4crypt_unlock_user_key 0 serial=0 token_present=0
09-23 01:55:45.981   516   575 D CryptdConnector: RCV <- {200 2 Command succeeded}
09-23 01:55:45.981   516   573 D MountService: Thinking about reset, mSystemReady=true, mDaemonConnected=true
09-23 01:55:45.981   516   573 D VoldConnector: SND -> {3 volume reset}
09-23 01:55:45.981   516   516 D UsbAlsaManager: Adding ALSA device AlsaDevice: [card: 0, device: 87, type: 2]
09-23 01:55:45.981   516   516 D UsbAlsaManager: Adding ALSA device AlsaDevice: [card: 0, device: 9, type: 1]
09-23 01:55:45.981   516   516 D UsbAlsaManager: Adding ALSA device AlsaDevice: [card: 0, device: 8, type: 1]
09-23 01:55:45.981   516   516 D UsbAlsaManager: Adding ALSA device AlsaDevice: [card: 0, device: 9, type: 2]
09-23 01:55:45.981   516   516 D UsbAlsaManager: Adding ALSA device AlsaDevice: [card: 0, device: 7, type: 1]
09-23 01:55:45.981   516   516 D UsbAlsaManager: Adding ALSA device AlsaDevice: [card: 0, device: 8, type: 2]
09-23 01:55:45.981   516   516 D UsbAlsaManager: Adding ALSA device AlsaDevice: [card: 0, device: 6, type: 1]
09-23 01:55:45.982   516   574 D VoldConnector: RCV <- {651 emulated 7}
09-23 01:55:45.982   516   516 D UsbAlsaManager: Adding ALSA device AlsaDevice: [card: 0, device: 7, type: 2]
09-23 01:55:45.982   516   516 D UsbAlsaManager: Adding ALSA device AlsaDevice: [card: 0, device: 5, type: 1]
09-23 01:55:45.982   516   516 D UsbAlsaManager: Adding ALSA device AlsaDevice: [card: 0, device: 6, type: 2]
09-23 01:55:45.982   516   516 D UsbAlsaManager: Adding ALSA device AlsaDevice: [card: 0, device: 4, type: 1]
09-23 01:55:45.982   516   516 D UsbAlsaManager: Adding ALSA device AlsaDevice: [card: 0, device: 5, type: 2]
09-23 01:55:45.982   516   574 D VoldConnector: RCV <- {659 emulated}
09-23 01:55:45.982   516   516 D UsbAlsaManager: Adding ALSA device AlsaDevice: [card: 0, device: 3, type: 1]
09-23 01:55:45.982   516   516 D UsbAlsaManager: Adding ALSA device AlsaDevice: [card: 0, device: 4, type: 2]
09-23 01:55:45.982   516   516 D UsbAlsaManager: Adding ALSA device AlsaDevice: [card: 0, device: 2, type: 1]
09-23 01:55:45.982   516   516 D UsbAlsaManager: Adding ALSA device AlsaDevice: [card: 0, device: 3, type: 2]
09-23 01:55:45.982   516   574 D VoldConnector: RCV <- {650 emulated 2 "" ""}
09-23 01:55:45.982   516   516 D UsbAlsaManager: Adding ALSA device AlsaDevice: [card: 0, device: 1, type: 1]
09-23 01:55:45.982   516   516 D UsbAlsaManager: Adding ALSA device AlsaDevice: [card: 0, device: 2, type: 2]
09-23 01:55:45.982   516   516 D UsbAlsaManager: Adding ALSA device AlsaDevice: [card: 0, device: 0, type: 1]
09-23 01:55:45.982   516   574 D VoldConnector: RCV <- {651 emulated 0}
09-23 01:55:45.982   516   516 D UsbAlsaManager: Adding ALSA device AlsaDevice: [card: 0, device: 1, type: 2]
09-23 01:55:45.982   516   516 D UsbAlsaManager: Adding ALSA device AlsaDevice: [card: 0, device: 0, type: 2]
09-23 01:55:45.982   516   574 D VoldConnector: RCV <- {200 3 Command succeeded}
09-23 01:55:45.982   516   530 I ActivityManager: Force stopping com.android.providers.media appid=10009 user=-1: vold reset
09-23 01:55:45.983   516   573 D VoldConnector: SND -> {4 volume user_added 0 0}
09-23 01:55:45.983   516   535 V MountService: Found primary storage at VolumeInfo{emulated}:
09-23 01:55:45.983   516   535 V MountService:     type=EMULATED diskId=null partGuid=null mountFlags=0 mountUserId=-1
09-23 01:55:45.983   516   535 V MountService:     state=UNMOUNTED
09-23 01:55:45.983   516   535 V MountService:     fsType=null fsUuid=null fsLabel=null
09-23 01:55:45.983   516   535 V MountService:     path=null internalPath=null
09-23 01:55:45.983   516   574 D VoldConnector: RCV <- {200 4 Command succeeded}
09-23 01:55:45.984   516   516 I SystemServer: WebViewFactory preparation
09-23 01:55:45.986   516   573 D VoldConnector: SND -> {5 volume mount emulated 3 -1}
09-23 01:55:45.987   516   592 D BluetoothManagerService: Creating new ProfileServiceConnections object for profile: 1
09-23 01:55:45.987   516   592 E BluetoothManagerService: Fail to bind to: Intent { act=android.bluetooth.IBluetoothHeadset }
09-23 01:55:45.987   516   592 W BluetoothManagerService: Unable to bind with intent: Intent { act=android.bluetooth.IBluetoothHeadset }
09-23 01:55:45.988   167   173 V vold    : Waiting for FUSE to spin up...
09-23 01:55:45.989   516   574 D VoldConnector: RCV <- {651 emulated 1}
09-23 01:55:45.989   516   574 D VoldConnector: RCV <- {656 emulated /data/media}
09-23 01:55:45.989   516   574 D VoldConnector: RCV <- {655 emulated /storage/emulated}
09-23 01:55:45.989   516   535 I UsbPortManager: USB port added: port=UsbPort{id=otg_default, supportedModes=dual}, status=UsbPortStatus{connected=true, currentMode=ufp, currentPowerRole=sink, currentDataRole=device, supportedRoleCombinations=[sink:device]}, canChangeMode=false, canChangePowerRole=false, canChangeDataRole=false
09-23 01:55:45.992   242   320 I AudioFlinger: systemReady
09-23 01:55:45.994   516   516 D WebViewFactory: Setting new address space to 116905264
09-23 01:55:46.001   241   615 I art     : Starting a blocking GC HeapTrim
09-23 01:55:46.007   516   630 E WVMExtractor: Failed to open libwvm.so: dlopen failed: library "libwvm.so" not found
09-23 01:55:46.010   624   624 W sdcard  : Device explicitly disabled sdcardfs
09-23 01:55:46.010   516   516 I ActivityManager: Start proc 643:WebViewLoader-armeabi-v7a/1037 [android.webkit.WebViewFactory$RelroFileCreator] for
09-23 01:55:46.021   643   643 V WebViewFactory: RelroFileCreator (64bit = false),  32-bit lib: /system/app/Chrome/Chrome.apk!/lib/armeabi-v7a/libmonochrome.so, 64-bit lib: /system/app/Chrome/Chrome.apk!/lib/arm64-v8a/libmonochrome.so
09-23 01:55:46.021   516   516 I ActivityManager: Start proc 653:WebViewLoader-arm64-v8a/1037 [android.webkit.WebViewFactory$RelroFileCreator] for
09-23 01:55:46.023   250   250 I MediaPlayerService: MediaPlayerService::getOMX
09-23 01:55:46.033   653   653 V WebViewFactory: RelroFileCreator (64bit = true),  32-bit lib: /system/app/Chrome/Chrome.apk!/lib/armeabi-v7a/libmonochrome.so, 64-bit lib: /system/app/Chrome/Chrome.apk!/lib/arm64-v8a/libmonochrome.so
09-23 01:55:46.033   516   516 I ActivityManager: Start proc 671:com.android.systemui/u0a31 for service com.android.systemui/.SystemUIService
09-23 01:55:46.034   516   516 D NetworkManagement: enabling bandwidth control
09-23 01:55:46.042   516   574 D VoldConnector: RCV <- {651 emulated 2}
09-23 01:55:46.042   516   574 D VoldConnector: RCV <- {200 5 Command succeeded}
09-23 01:55:46.081   616   616 W System  : ClassLoader referenced unknown path: /system/app/LatinIMEGooglePrebuilt/lib/arm64
09-23 01:55:46.111   671   671 W System  : ClassLoader referenced unknown path: /system/priv-app/SystemUIGoogle/lib/arm64
09-23 01:55:46.138   643   643 I art     : System.exit called, status: 0
09-23 01:55:46.138   643   643 I AndroidRuntime: VM exiting with result code 0, cleanup skipped.
09-23 01:55:46.146   516   516 W NetworkManagement: setDataSaverMode(): already false
09-23 01:55:46.166   653   653 I art     : System.exit called, status: 0
09-23 01:55:46.166   653   653 I AndroidRuntime: VM exiting with result code 0, cleanup skipped.
09-23 01:55:46.207   516   516 D NetworkPolicy: setRestrictBackgroundUL(): false
09-23 01:55:46.208   516   516 W NetworkManagement: setDataSaverMode(): already false
09-23 01:55:46.285   611   611 D AdapterServiceConfig: Adding A2dpService
09-23 01:55:46.286   611   611 D AdapterServiceConfig: Adding HidService
09-23 01:55:46.286   611   611 D AdapterServiceConfig: Adding HealthService
09-23 01:55:46.286   611   611 D AdapterServiceConfig: Adding PanService
09-23 01:55:46.286   611   611 D AdapterServiceConfig: Adding GattService
09-23 01:55:46.295   671   671 V SystemUIService: Starting SystemUI services for user 0.
09-23 01:55:46.332   671   671 V MediaRouter: Adding route: RouteInfo{ name=Tablet, description=null, status=null, category=RouteCategory{ name=null types=ROUTE_TYPE_LIVE_AUDIO ROUTE_TYPE_LIVE_VIDEO  groupable=false }, supportedTypes=ROUTE_TYPE_LIVE_AUDIO ROUTE_TYPE_LIVE_VIDEO , presentationDisplay=null }
09-23 01:55:46.332   516   516 I SystemServiceManager: Starting phase 600
09-23 01:55:46.334   671   671 V MediaRouter: Updating audio routes: AudioRoutesInfo{ type=SPEAKER }
09-23 01:55:46.335   671   671 V MediaRouter: Selecting route: RouteInfo{ name=Tablet, description=null, status=null, category=RouteCategory{ name=null types=ROUTE_TYPE_LIVE_AUDIO ROUTE_TYPE_LIVE_VIDEO  groupable=false }, supportedTypes=ROUTE_TYPE_LIVE_AUDIO ROUTE_TYPE_LIVE_VIDEO , presentationDisplay=null }
09-23 01:55:46.348   516   516 I ActivityManager: Start proc 726:com.ustwo.lwp/u0a83 for service com.ustwo.lwp/.wallpapers.timelapse.TimelapseWallpaperService
09-23 01:55:46.354   516   516 D SensorNotificationService: Cannot obtain dynamic meta sensor, not supported.
09-23 01:55:46.355   671   671 V FingerprintManager: FingerprintManagerService was null
09-23 01:55:46.356   671   671 W FingerprintManager: isFingerprintHardwareDetected(): Service not connected!
09-23 01:55:46.356   671   671 W FingerprintManager: addLockoutResetCallback(): Service not connected!
09-23 01:55:46.358   516   516 W LocationProviderProxy-network: Odd, no component found for service com.android.location.service.v3.NetworkLocationProvider
09-23 01:55:46.361   516   516 W GeocoderProxy: Odd, no component found for service com.android.location.service.GeocodeProvider
09-23 01:55:46.364   611   611 D BluetoothAdapterService: onCreate()
09-23 01:55:46.369   611   611 D BluetoothAdapterState: make() - Creating AdapterState
09-23 01:55:46.372   516   516 E FlpHardwareProvider: Error hw_get_module 'flp': -2
09-23 01:55:46.372   516   516 D LocationManagerService: FLP HAL not supported
09-23 01:55:46.374   516   516 W GeofenceProxy: Odd, no component found for service com.android.location.service.GeofenceProvider
09-23 01:55:46.376   516   516 E ActivityRecognitionHardware: Error hw_get_module: -2
09-23 01:55:46.376   516   516 D LocationManagerService: Hardware Activity-Recognition not supported.
09-23 01:55:46.377   516   516 W ActivityRecognitionProxy: Odd, no component found for service com.android.location.service.ActivityRecognitionProvider
09-23 01:55:46.380   611   611 I bt_btif : init
09-23 01:55:46.381   611   740 I BluetoothAdapterState: Entering OffState
09-23 01:55:46.385   671   743 E WVMExtractor: Failed to open libwvm.so: dlopen failed: library "libwvm.so" not found
09-23 01:55:46.385   516   516 I CommonTimeManagementService: No common time service detected on this platform.  Common time services will be unavailable.
09-23 01:55:46.385   726   726 W System  : ClassLoader referenced unknown path: /system/app/WallpapersUsTwo/lib/arm64
09-23 01:55:46.387   516   571 I InputReader: Reconfiguring input devices.  changes=0x00000020
09-23 01:55:46.391   516   571 I InputReader: Reconfiguring input devices.  changes=0x00000010
09-23 01:55:46.392   611   741 W bt_osi_thread: run_thread: thread id 741, thread name stack_manager started
09-23 01:55:46.393   611   741 I bt_stack_manager: event_init_stack is initializing the stack
09-23 01:55:46.393   611   741 I bt_core_module: module_init Initializing module "osi_module"
09-23 01:55:46.393   611   741 I bt_core_module: module_init Initialized module "osi_module"
09-23 01:55:46.393   611   741 I bt_core_module: module_init Initializing module "bt_utils_module"
09-23 01:55:46.393   611   741 I bt_core_module: module_init Initialized module "bt_utils_module"
09-23 01:55:46.393   611   741 I bt_core_module: module_init Initializing module "btif_config_module"
09-23 01:55:46.394   516   516 I MmsServiceBroker: Delay connecting to MmsService until an API is called
09-23 01:55:46.401   611   747 W bt_osi_thread: run_thread: thread id 747, thread name alarm_default_ca started
09-23 01:55:46.401   611   749 W bt_osi_thread: run_thread: thread id 749, thread name alarm_dispatcher started
09-23 01:55:46.401   611   741 I bt_core_module: module_init Initialized module "btif_config_module"
09-23 01:55:46.401   611   741 I bt_core_module: module_init Initializing module "interop_module"
09-23 01:55:46.401   611   741 I bt_core_module: module_init Initialized module "interop_module"
09-23 01:55:46.401   611   741 I bt_core_module: module_init Initializing module "stack_config_module"
09-23 01:55:46.401   611   741 I bt_stack_config: init attempt to load stack conf from /etc/bluetooth/bt_stack.conf
09-23 01:55:46.409   611   741 I bt_core_module: module_init Initialized module "stack_config_module"
09-23 01:55:46.412   611   751 W bt_osi_thread: run_thread: thread id 751, thread name bt_jni_workqueue started
09-23 01:55:46.412   611   741 I bt_stack_manager: event_init_stack finished
09-23 01:55:46.412   611   611 I bt_osi_wakelock: wakelock_set_os_callouts set to non-native
09-23 01:55:46.412   611   611 I bt_btif : get_profile_interface socket
09-23 01:55:46.416   611   751 D BluetoothAdapterProperties: Address is:22:22:E3:AC:CE:F2
09-23 01:55:46.416   516   516 I ActivityManager: Start proc 754:com.android.phone/1001 for added application com.android.phone
09-23 01:55:46.417   516   516 I ActivityManager: START u0 {act=android.intent.action.MAIN cat=[android.intent.category.HOME] flg=0x10000100 cmp=com.android.settings/.FallbackHome} from uid 0 on display 0
09-23 01:55:46.418   516   516 W System  : ClassLoader referenced unknown path:
09-23 01:55:46.418   516   516 W System  : ClassLoader referenced unknown path: /system/priv-app/SettingsGoogle/lib/arm64
